Archive member included because of file (symbol)

C:/Workspaces/ESP8266/SDK/ESP8266_RTOS_SDK/lib\libmain.a(xtensa_vectors.o)
                              (call_user_start)
C:/Workspaces/ESP8266/SDK/ESP8266_RTOS_SDK/lib\libmain.a(app_main.o)
                              C:/Workspaces/ESP8266/SDK/ESP8266_RTOS_SDK/lib\libmain.a(xtensa_vectors.o) (user_fatal_exception_handler)
C:/Workspaces/ESP8266/SDK/ESP8266_RTOS_SDK/lib\libmain.a(ets_timer.o)
                              C:/Workspaces/ESP8266/SDK/ESP8266_RTOS_SDK/lib\libmain.a(app_main.o) (ets_timer_init)
C:/Workspaces/ESP8266/SDK/ESP8266_RTOS_SDK/lib\libmain.a(misc.o)
                              C:/Workspaces/ESP8266/SDK/ESP8266_RTOS_SDK/lib\libmain.a(app_main.o) (_putc1)
C:/Workspaces/ESP8266/SDK/ESP8266_RTOS_SDK/lib\libmain.a(printf-stdarg.o)
                              C:/Workspaces/ESP8266/SDK/ESP8266_RTOS_SDK/lib\libmain.a(app_main.o) (printf)
C:/Workspaces/ESP8266/SDK/ESP8266_RTOS_SDK/lib\libmain.a(spi_flash.o)
                              C:/Workspaces/ESP8266/SDK/ESP8266_RTOS_SDK/lib\libmain.a(app_main.o) (flashchip)
C:/Workspaces/ESP8266/SDK/ESP8266_RTOS_SDK/lib\libmain.a(uart.o)
                              C:/Workspaces/ESP8266/SDK/ESP8266_RTOS_SDK/lib\libmain.a(app_main.o) (uart_div_modify)
C:/Workspaces/ESP8266/SDK/ESP8266_RTOS_SDK/lib\libmain.a(user_interface.o)
                              C:/Workspaces/ESP8266/SDK/ESP8266_RTOS_SDK/lib\libmain.a(spi_flash.o) (protect_flag)
C:/Workspaces/ESP8266/SDK/ESP8266_RTOS_SDK/lib\libmain.a(os_cpu_a.o)
                              C:/Workspaces/ESP8266/SDK/ESP8266_RTOS_SDK/lib\libmain.a(xtensa_vectors.o) (_xt_int_enter)
C:/Workspaces/ESP8266/SDK/ESP8266_RTOS_SDK/lib\libmain.a(xtensa_context.o)
                              C:/Workspaces/ESP8266/SDK/ESP8266_RTOS_SDK/lib\libmain.a(os_cpu_a.o) (_xt_context_save)
C:/Workspaces/ESP8266/SDK/ESP8266_RTOS_SDK/lib\libfreertos.a(heap_4.o)
                              C:/Workspaces/ESP8266/SDK/ESP8266_RTOS_SDK/lib\libmain.a(printf-stdarg.o) (xPortWantedSizeAlign)
C:/Workspaces/ESP8266/SDK/ESP8266_RTOS_SDK/lib\libfreertos.a(port.o)
                              C:/Workspaces/ESP8266/SDK/ESP8266_RTOS_SDK/lib\libmain.a(os_cpu_a.o) (xPortSysTickHandle)
C:/Workspaces/ESP8266/SDK/ESP8266_RTOS_SDK/lib\libfreertos.a(queue.o)
                              C:/Workspaces/ESP8266/SDK/ESP8266_RTOS_SDK/lib\libmain.a(ets_timer.o) (xQueueGenericCreate)
C:/Workspaces/ESP8266/SDK/ESP8266_RTOS_SDK/lib\libfreertos.a(tasks.o)
                              C:/Workspaces/ESP8266/SDK/ESP8266_RTOS_SDK/lib\libmain.a(os_cpu_a.o) (pxCurrentTCB)
C:/Workspaces/ESP8266/SDK/ESP8266_RTOS_SDK/lib\libfreertos.a(timers.o)
                              C:/Workspaces/ESP8266/SDK/ESP8266_RTOS_SDK/lib\libfreertos.a(tasks.o) (xTimerCreateTimerTask)
C:/Workspaces/ESP8266/SDK/ESP8266_RTOS_SDK/lib\libfreertos.a(list.o)
                              C:/Workspaces/ESP8266/SDK/ESP8266_RTOS_SDK/lib\libfreertos.a(queue.o) (vListInitialise)
C:/Workspaces/ESP8266/SDK/ESP8266_RTOS_SDK/lib\libnet80211.a(ieee80211.o)
                              C:/Workspaces/ESP8266/SDK/ESP8266_RTOS_SDK/lib\libmain.a(app_main.o) (g_ic)
C:/Workspaces/ESP8266/SDK/ESP8266_RTOS_SDK/lib\libnet80211.a(ieee80211_crypto.o)
                              C:/Workspaces/ESP8266/SDK/ESP8266_RTOS_SDK/lib\libnet80211.a(ieee80211.o) (ieee80211_crypto_attach)
C:/Workspaces/ESP8266/SDK/ESP8266_RTOS_SDK/lib\libnet80211.a(ieee80211_hostap.o)
                              C:/Workspaces/ESP8266/SDK/ESP8266_RTOS_SDK/lib\libmain.a(user_interface.o) (BcnEb_update)
C:/Workspaces/ESP8266/SDK/ESP8266_RTOS_SDK/lib\libnet80211.a(ieee80211_ht.o)
                              C:/Workspaces/ESP8266/SDK/ESP8266_RTOS_SDK/lib\libmain.a(user_interface.o) (ieee80211_ht_attach)
C:/Workspaces/ESP8266/SDK/ESP8266_RTOS_SDK/lib\libnet80211.a(ieee80211_input.o)
                              C:/Workspaces/ESP8266/SDK/ESP8266_RTOS_SDK/lib\libnet80211.a(ieee80211_hostap.o) (ieee80211_decap)
C:/Workspaces/ESP8266/SDK/ESP8266_RTOS_SDK/lib\libnet80211.a(ieee80211_mesh_quick.o)
                              C:/Workspaces/ESP8266/SDK/ESP8266_RTOS_SDK/lib\libnet80211.a(ieee80211_hostap.o) (ieee80211_mesh_quick_get)
C:/Workspaces/ESP8266/SDK/ESP8266_RTOS_SDK/lib\libnet80211.a(ieee80211_output.o)
                              C:/Workspaces/ESP8266/SDK/ESP8266_RTOS_SDK/lib\libnet80211.a(ieee80211_ht.o) (ieee80211_mgmt_output)
C:/Workspaces/ESP8266/SDK/ESP8266_RTOS_SDK/lib\libnet80211.a(ieee80211_phy.o)
                              C:/Workspaces/ESP8266/SDK/ESP8266_RTOS_SDK/lib\libmain.a(app_main.o) (ieee80211_phy_init)
C:/Workspaces/ESP8266/SDK/ESP8266_RTOS_SDK/lib\libnet80211.a(ieee80211_power.o)
                              C:/Workspaces/ESP8266/SDK/ESP8266_RTOS_SDK/lib\libnet80211.a(ieee80211_hostap.o) (ieee80211_psq_init)
C:/Workspaces/ESP8266/SDK/ESP8266_RTOS_SDK/lib\libnet80211.a(ieee80211_proto.o)
[...]
Memory Configuration

Name             Origin             Length             Attributes
dport0_0_seg     0x3ff00000         0x00000010
dram0_0_seg      0x3ffe8000         0x00018000
iram1_0_seg      0x40100000         0x00008000
irom0_0_seg      0x40220000         0x0005c000
*default*        0x00000000         0xffffffff

Linker script and memory map

START GROUP
LOAD C:/Workspaces/ESP8266/SDK/ESP8266_RTOS_SDK/lib\libmain.a
LOAD C:/Workspaces/ESP8266/SDK/ESP8266_RTOS_SDK/lib\libgcc.a
LOAD C:/Workspaces/ESP8266/SDK/ESP8266_RTOS_SDK/lib\libfreertos.a
LOAD C:/Workspaces/ESP8266/SDK/ESP8266_RTOS_SDK/lib\libnet80211.a
LOAD C:/Workspaces/ESP8266/SDK/ESP8266_RTOS_SDK/lib\libphy.a
LOAD C:/Workspaces/ESP8266/SDK/ESP8266_RTOS_SDK/lib\libwpa.a
LOAD C:/Workspaces/ESP8266/SDK/ESP8266_RTOS_SDK/lib\libcrypto.a
LOAD C:/Workspaces/ESP8266/SDK/ESP8266_RTOS_SDK/lib\liblwip.a
LOAD C:/Workspaces/ESP8266/SDK/ESP8266_RTOS_SDK/lib\libpp.a
LOAD C:/Workspaces/ESP8266/SDK/ESP8266_RTOS_SDK/lib\libminic.a
LOAD C:/Workspaces/ESP8266/SDK/ESP8266_RTOS_SDK/lib\libhal.a
LOAD c:/xtensa-lx106-elf/bin/../lib/gcc/xtensa-lx106-elf/4.8.2/../../../../xtensa-lx106-elf/lib\libm.a
LOAD C:/Workspaces/ESP8266/SDK/ESP8266_RTOS_SDK/lib\libssl.a
LOAD C:/Workspaces/ESP8266/SDK/ESP8266_RTOS_SDK/lib\libc.a
LOAD libdriver.a
LOAD libnopoll.a
LOAD libuser.a
END GROUP
                0x40000000                PROVIDE (_memmap_vecbase_reset, 0x40000000)
                0x00000110                _memmap_cacheattr_wb_base = 0x110
                0x00000110                _memmap_cacheattr_wt_base = 0x110
                0x00000220                _memmap_cacheattr_bp_base = 0x220
                0xfffff00f                _memmap_cacheattr_unused_mask = 0xfffff00f
                0x2222211f                _memmap_cacheattr_wb_trapnull = 0x2222211f
                0x2222211f                _memmap_cacheattr_wba_trapnull = 0x2222211f
                0x2222211f                _memmap_cacheattr_wbna_trapnull = 0x2222211f
                0x2222211f                _memmap_cacheattr_wt_trapnull = 0x2222211f
                0x2222222f                _memmap_cacheattr_bp_trapnull = 0x2222222f
                0xfffff11f                _memmap_cacheattr_wb_strict = 0xfffff11f
                0xfffff11f                _memmap_cacheattr_wt_strict = 0xfffff11f
                0xfffff22f                _memmap_cacheattr_bp_strict = 0xfffff22f
                0x22222112                _memmap_cacheattr_wb_allvalid = 0x22222112
                0x22222112                _memmap_cacheattr_wt_allvalid = 0x22222112
                0x22222222                _memmap_cacheattr_bp_allvalid = 0x22222222
                0x2222211f                PROVIDE (_memmap_cacheattr_reset, _memmap_cacheattr_wb_trapnull)

.dport0.rodata  0x3ff00000        0x0
                0x3ff00000                _dport0_rodata_start = ABSOLUTE (.)
 *(.dport0.rodata)
 *(.dport.rodata)
                0x3ff00000                _dport0_rodata_end = ABSOLUTE (.)

.dport0.literal
                0x3ff00000        0x0
                0x3ff00000                _dport0_literal_start = ABSOLUTE (.)
 *(.dport0.literal)
 *(.dport.literal)
                0x3ff00000                _dport0_literal_end = ABSOLUTE (.)

.dport0.data    0x3ff00000        0x0
                0x3ff00000                _dport0_data_start = ABSOLUTE (.)
 *(.dport0.data)
 *(.dport.data)
                0x3ff00000                _dport0_data_end = ABSOLUTE (.)

.data           0x3ffe8000      0x3a2
                0x3ffe8000                _data_start = ABSOLUTE (.)
 *(.data)
 .data          0x3ffe8000        0x8 C:/Workspaces/ESP8266/SDK/ESP8266_RTOS_SDK/lib\libmain.a(xtensa_vectors.o)
                0x3ffe8000                _Pri_3_HandlerAddress
                0x3ffe8004                _Pri_3_NMICount
 .data          0x3ffe8008        0x2 C:/Workspaces/ESP8266/SDK/ESP8266_RTOS_SDK/lib\libmain.a(app_main.o)
                0x3ffe8009                init_hw_wdt
 *fill*         0x3ffe800a        0x2 
 .data          0x3ffe800c        0x4 C:/Workspaces/ESP8266/SDK/ESP8266_RTOS_SDK/lib\libmain.a(misc.o)
 .data          0x3ffe8010       0x18 C:/Workspaces/ESP8266/SDK/ESP8266_RTOS_SDK/lib\libmain.a(spi_flash.o)
                0x3ffe8010                flashchip
 .data          0x3ffe8028        0x8 C:/Workspaces/ESP8266/SDK/ESP8266_RTOS_SDK/lib\libmain.a(user_interface.o)
                0x3ffe8028                bin_sum_len
                0x3ffe802c                dhcps_flag
                0x3ffe802d                dhcpc_flag
                0x3ffe802e                stop_netif_flag
                0x3ffe802f                reconnect_internal
 .data          0x3ffe8030        0x1 C:/Workspaces/ESP8266/SDK/ESP8266_RTOS_SDK/lib\libnet80211.a(ieee80211_hostap.o)
                0x3ffe8030                TmpSTAAPCloseAP
 *fill*         0x3ffe8031        0x3 
 .data          0x3ffe8034        0x1 C:/Workspaces/ESP8266/SDK/ESP8266_RTOS_SDK/lib\libnet80211.a(ieee80211_scan.o)
                0x3ffe8034                TestStaFreqCalValOK
 *fill*         0x3ffe8035        0x3 
 .data          0x3ffe8038        0x1 C:/Workspaces/ESP8266/SDK/ESP8266_RTOS_SDK/lib\libnet80211.a(wl_cnx.o)
 *fill*         0x3ffe8039        0x7 
 .data          0x3ffe8040       0x1c C:/Workspaces/ESP8266/SDK/ESP8266_RTOS_SDK/lib\libnet80211.a(ieee80211_action.o)
 *fill*         0x3ffe805c        0x4 
 .data          0x3ffe8060       0x53 C:/Workspaces/ESP8266/SDK/ESP8266_RTOS_SDK/lib\libphy.a(phy_chip_v6.o)
                0x3ffe8062                tx_rf_ana_gain
                0x3ffe8090                rx_gain_swp
                0x3ffe80b0                test_rffreq_txcap
 *fill*         0x3ffe80b3        0x1 
 .data          0x3ffe80b4        0x1 C:/Workspaces/ESP8266/SDK/ESP8266_RTOS_SDK/lib\libphy.a(phy_chip_v6_cal.o)
                0x3ffe80b4                rfcal_bb_atten_init
 *fill*         0x3ffe80b5        0x3 
 .data          0x3ffe80b8        0x4 C:/Workspaces/ESP8266/SDK/ESP8266_RTOS_SDK/lib\libphy.a(phy_sleep.o)
                0x3ffe80b8                chip_version
 .data          0x3ffe80bc        0x4 C:/Workspaces/ESP8266/SDK/ESP8266_RTOS_SDK/lib\libphy.a(phy_chip_v5_romfunc.o)
                0x3ffe80bc                g_phyFuns
 .data          0x3ffe80c0        0x7 C:/Workspaces/ESP8266/SDK/ESP8266_RTOS_SDK/lib\libphy.a(phy_chip_v5_cal_romfunc.o)
 *fill*         0x3ffe80c7        0x1 
 .data          0x3ffe80c8        0x1 C:/Workspaces/ESP8266/SDK/ESP8266_RTOS_SDK/lib\libpp.a(pm.o)
 *fill*         0x3ffe80c9        0x3 
 .data          0x3ffe80cc        0x1 C:/Workspaces/ESP8266/SDK/ESP8266_RTOS_SDK/lib\libpp.a(pm_for_bcn_only_mode.o)
 *fill*         0x3ffe80cd        0x3 
 .data          0x3ffe80d0       0x12 C:/Workspaces/ESP8266/SDK/ESP8266_RTOS_SDK/lib\libpp.a(pp.o)
                0x3ffe80d0                NoiseTimerInterval
                0x3ffe80d8                sleep_start_wait_time
                0x3ffe80e0                CanDoFreqCal
                0x3ffe80e1                test_freq_val_first
 *fill*         0x3ffe80e2        0xe 
 .data          0x3ffe80f0       0x40 C:/Workspaces/ESP8266/SDK/ESP8266_RTOS_SDK/lib\libpp.a(rate_control.o)
 .data          0x3ffe8130      0x24c C:/Workspaces/ESP8266/SDK/ESP8266_RTOS_SDK/lib\libpp.a(trc.o)
 .data          0x3ffe837c        0xc C:/Workspaces/ESP8266/SDK/ESP8266_RTOS_SDK/lib\libpp.a(wdev.o)
                0x3ffe8384                WDEV_INTEREST_EVENT
 *(.data.*)
 .data.xNextTaskUnblockTime
                0x3ffe8388        0x4 C:/Workspaces/ESP8266/SDK/ESP8266_RTOS_SDK/lib\libfreertos.a(tasks.o)
 .data.dhcps_lease_time
                0x3ffe838c        0x4 C:/Workspaces/ESP8266/SDK/ESP8266_RTOS_SDK/lib\liblwip.a(dhcpserver.o)
                0x3ffe838c                dhcps_lease_time
 .data.offer    0x3ffe8390        0x1 C:/Workspaces/ESP8266/SDK/ESP8266_RTOS_SDK/lib\liblwip.a(dhcpserver.o)
 .data.default_hostname
                0x3ffe8391        0x1 C:/Workspaces/ESP8266/SDK/ESP8266_RTOS_SDK/lib\liblwip.a(ethernetif.o)
                0x3ffe8391                default_hostname
 *fill*         0x3ffe8392        0x2 
 .data.retrans_timer
                0x3ffe8394        0x4 C:/Workspaces/ESP8266/SDK/ESP8266_RTOS_SDK/lib\liblwip.a(nd6.o)
                0x3ffe8394                retrans_timer
 .data.reachable_time
                0x3ffe8398        0x4 C:/Workspaces/ESP8266/SDK/ESP8266_RTOS_SDK/lib\liblwip.a(nd6.o)
                0x3ffe8398                reachable_time
 .data.iss$3682
                0x3ffe839c        0x4 C:/Workspaces/ESP8266/SDK/ESP8266_RTOS_SDK/lib\liblwip.a(tcp.o)
 .data.udp_port
                0x3ffe83a0        0x2 C:/Workspaces/ESP8266/SDK/ESP8266_RTOS_SDK/lib\liblwip.a(udp.o)
 *(.gnu.linkonce.d.*)
 *(.data1)
 *(.sdata)
 *(.sdata.*)
 *(.gnu.linkonce.s.*)
 *(.sdata2)
 *(.sdata2.*)
 *(.gnu.linkonce.s2.*)
 *(.jcr)
                0x3ffe83a2                _data_end = ABSOLUTE (.)

.rodata         0x3ffe83b0      0x37c
                0x3ffe83b0                _rodata_start = ABSOLUTE (.)
 *(.rodata)
 .rodata        0x3ffe83b0        0x8 C:/Workspaces/ESP8266/SDK/ESP8266_RTOS_SDK/lib\libnet80211.a(ieee80211_hostap.o)
 .rodata        0x3ffe83b8        0x9 C:/Workspaces/ESP8266/SDK/ESP8266_RTOS_SDK/lib\libnet80211.a(ieee80211_output.o)
 *fill*         0x3ffe83c1        0x3 
 .rodata        0x3ffe83c4        0x8 C:/Workspaces/ESP8266/SDK/ESP8266_RTOS_SDK/lib\libphy.a(phy_chip_v6.o)
 *fill*         0x3ffe83cc        0x4 
 .rodata        0x3ffe83d0       0x10 C:/Workspaces/ESP8266/SDK/ESP8266_RTOS_SDK/lib\libphy.a(phy_chip_v5_romfunc.o)
 .rodata        0x3ffe83e0        0xc C:/Workspaces/ESP8266/SDK/ESP8266_RTOS_SDK/lib\libphy.a(phy_chip_v5_ana_romfunc.o)
 .rodata        0x3ffe83ec        0x2 C:/Workspaces/ESP8266/SDK/ESP8266_RTOS_SDK/lib\libcrypto.a(sha1-internal.o)
 *fill*         0x3ffe83ee        0x2 
 .rodata        0x3ffe83f0        0x4 C:/Workspaces/ESP8266/SDK/ESP8266_RTOS_SDK/lib\libpp.a(pp.o)
 .rodata        0x3ffe83f4        0xe libuser.a(user_main.o)
 *fill*         0x3ffe8402        0x2 
 .rodata        0x3ffe8404       0x1c libuser.a(wifi_communications.o)
 *(.rodata.*)
 .rodata.str1.4
                0x3ffe8420       0x10 C:/Workspaces/ESP8266/SDK/ESP8266_RTOS_SDK/lib\libmain.a(app_main.o)
 .rodata.str1.4
                0x3ffe8430       0x10 C:/Workspaces/ESP8266/SDK/ESP8266_RTOS_SDK/lib\libmain.a(ets_timer.o)
                                 0x18 (size before relaxing)
 .rodata.str1.4
                0x3ffe8440        0x7 C:/Workspaces/ESP8266/SDK/ESP8266_RTOS_SDK/lib\libmain.a(printf-stdarg.o)
                                  0xc (size before relaxing)
 *fill*         0x3ffe8447        0x1 
 .rodata.str1.4
                0x3ffe8448       0x1f C:/Workspaces/ESP8266/SDK/ESP8266_RTOS_SDK/lib\libmain.a(user_interface.o)
 .rodata.str1.1
                0x3ffe8467       0x12 C:/Workspaces/ESP8266/SDK/ESP8266_RTOS_SDK/lib\libfreertos.a(heap_4.o)
 .rodata.str1.1
                0x3ffe8479       0x2a C:/Workspaces/ESP8266/SDK/ESP8266_RTOS_SDK/lib\libfreertos.a(port.o)
 .rodata.str1.1
                0x3ffe84a3        0x5 C:/Workspaces/ESP8266/SDK/ESP8266_RTOS_SDK/lib\libfreertos.a(tasks.o)
 .rodata.ucExpectedStackBytes$3101
                0x3ffe84a8       0x14 C:/Workspaces/ESP8266/SDK/ESP8266_RTOS_SDK/lib\libfreertos.a(tasks.o)
 .rodata.str1.1
                0x3ffe84bc        0x8 C:/Workspaces/ESP8266/SDK/ESP8266_RTOS_SDK/lib\libfreertos.a(timers.o)
 .rodata.str1.4
                0x3ffe84c4        0x8 C:/Workspaces/ESP8266/SDK/ESP8266_RTOS_SDK/lib\libnet80211.a(ieee80211_hostap.o)
 .rodata.str1.4
                0x3ffe84cc        0x7 C:/Workspaces/ESP8266/SDK/ESP8266_RTOS_SDK/lib\libnet80211.a(ieee80211_mesh_quick.o)
 .rodata.str1.4
                0x00000000        0x4 C:/Workspaces/ESP8266/SDK/ESP8266_RTOS_SDK/lib\libnet80211.a(ieee80211_sta.o)
 .rodata.str1.4
                0x00000000        0x4 C:/Workspaces/ESP8266/SDK/ESP8266_RTOS_SDK/lib\libnet80211.a(ieee80211_action_vendor.o)
 .rodata.str1.4
                0x00000000        0x4 C:/Workspaces/ESP8266/SDK/ESP8266_RTOS_SDK/lib\libnet80211.a(ieee80211_ie_vendor.o)
 *fill*         0x3ffe84d3        0x1 
 .rodata.str1.4
                0x3ffe84d4        0x2 C:/Workspaces/ESP8266/SDK/ESP8266_RTOS_SDK/lib\libcrypto.a(sha1-internal.o)
 .rodata.ethzero
                0x3ffe84d6        0x6 C:/Workspaces/ESP8266/SDK/ESP8266_RTOS_SDK/lib\liblwip.a(etharp.o)
                0x3ffe84d6                ethzero
 .rodata.ethbroadcast
                0x3ffe84dc        0x6 C:/Workspaces/ESP8266/SDK/ESP8266_RTOS_SDK/lib\liblwip.a(etharp.o)
                0x3ffe84dc                ethbroadcast
 *fill*         0x3ffe84e2        0x2 
 .rodata.ip_addr_broadcast
                0x3ffe84e4        0x4 C:/Workspaces/ESP8266/SDK/ESP8266_RTOS_SDK/lib\liblwip.a(ip4_addr.o)
                0x3ffe84e4                ip_addr_broadcast
 .rodata.ip_addr_any
                0x3ffe84e8        0x4 C:/Workspaces/ESP8266/SDK/ESP8266_RTOS_SDK/lib\liblwip.a(ip4_addr.o)
                0x3ffe84e8                ip_addr_any
 .rodata.ip6_addr_any
                0x3ffe84ec       0x10 C:/Workspaces/ESP8266/SDK/ESP8266_RTOS_SDK/lib\liblwip.a(ip6_addr.o)
                0x3ffe84ec                ip6_addr_any
 .rodata.nd6_tmr
                0x3ffe84fc       0x14 C:/Workspaces/ESP8266/SDK/ESP8266_RTOS_SDK/lib\liblwip.a(nd6.o)
 .rodata.pbuf_alloc
                0x3ffe8510       0x28 C:/Workspaces/ESP8266/SDK/ESP8266_RTOS_SDK/lib\liblwip.a(pbuf.o)
 .rodata.tcp_close_shutdown
                0x3ffe8538       0x20 C:/Workspaces/ESP8266/SDK/ESP8266_RTOS_SDK/lib\liblwip.a(tcp.o)
 .rodata.tcp_input
                0x3ffe8558       0x20 C:/Workspaces/ESP8266/SDK/ESP8266_RTOS_SDK/lib\liblwip.a(tcp_in.o)
 .rodata.tcpip_thread
                0x3ffe8578       0x18 C:/Workspaces/ESP8266/SDK/ESP8266_RTOS_SDK/lib\liblwip.a(tcpip.o)
 .rodata.str1.1
                0x3ffe8590        0x4 C:/Workspaces/ESP8266/SDK/ESP8266_RTOS_SDK/lib\liblwip.a(tcpip.o)
 .rodata.str1.4
                0x3ffe8594       0x27 C:/Workspaces/ESP8266/SDK/ESP8266_RTOS_SDK/lib\libpp.a(lmac.o)
                                 0x2f (size before relaxing)
 *fill*         0x3ffe85bb        0x1 
 .rodata.str1.4
                0x3ffe85bc       0x18 C:/Workspaces/ESP8266/SDK/ESP8266_RTOS_SDK/lib\libpp.a(pm.o)
                                 0x20 (size before relaxing)
 .rodata.str1.4
                0x3ffe85d4        0x4 C:/Workspaces/ESP8266/SDK/ESP8266_RTOS_SDK/lib\libpp.a(pm_for_bcn_only_mode.o)
                                  0xc (size before relaxing)
 .rodata.str1.4
                0x3ffe85d8        0x8 C:/Workspaces/ESP8266/SDK/ESP8266_RTOS_SDK/lib\libpp.a(pp.o)
                                 0x14 (size before relaxing)
 .rodata.str1.4
                0x3ffe85e0        0xf C:/Workspaces/ESP8266/SDK/ESP8266_RTOS_SDK/lib\libpp.a(wdev.o)
                                 0x17 (size before relaxing)
 *fill*         0x3ffe85ef        0x1 
 .rodata.str1.4
                0x3ffe85f0       0x3c libuser.a(user_main.o)
 .rodata.str1.4
                0x3ffe862c       0x1d libuser.a(relay_control.o)
 *fill*         0x3ffe8649        0x3 
 .rodata.str1.4
                0x3ffe864c        0xf libuser.a(button_interrupt.o)
 *fill*         0x3ffe865b        0x1 
 .rodata.str1.4
                0x3ffe865c       0xc8 libuser.a(wifi_communications.o)
                                 0xc5 (size before relaxing)
 *(.gnu.linkonce.r.*)
 *(.rodata1)
                0x3ffe8724                __XT_EXCEPTION_TABLE__ = ABSOLUTE (.)
 *(.xt_except_table)
 *(.gcc_except_table)
 *(.gnu.linkonce.e.*)
 *(.gnu.version_r)
 *(.eh_frame)
                0x3ffe8724                . = ((. + 0x3) & 0xfffffffc)
                0x3ffe8724                __init_array_start = ABSOLUTE (.)
 *crtbegin.o(.ctors)
 *(EXCLUDE_FILE(*crtend.o) .ctors)
 *(SORT(.ctors.*))
 *(.ctors)
                0x3ffe8724                __init_array_end = ABSOLUTE (.)
 *crtbegin.o(.dtors)
 *(EXCLUDE_FILE(*crtend.o) .dtors)
 *(SORT(.dtors.*))
 *(.dtors)
                0x3ffe8724                __XT_EXCEPTION_DESCS__ = ABSOLUTE (.)
 *(.xt_except_desc)
 *(.gnu.linkonce.h.*)
                0x3ffe8724                __XT_EXCEPTION_DESCS_END__ = ABSOLUTE (.)
 *(.xt_except_desc_end)
 *(.dynamic)
 *(.gnu.version_d)
                0x3ffe8724                . = ALIGN (0x4)
                0x3ffe8724                _bss_table_start = ABSOLUTE (.)
                0x3ffe8724        0x4 LONG 0x3ffe8730 _bss_start
                0x3ffe8728        0x4 LONG 0x3ffef0b0 _bss_end
                0x3ffe872c                _bss_table_end = ABSOLUTE (.)
                0x3ffe872c                _rodata_end = ABSOLUTE (.)

.UserExceptionVector.literal
                0x3ffe872c        0x0
                0x3ffe872c                _UserExceptionVector_literal_start = ABSOLUTE (.)
 *(.UserExceptionVector.literal)
                0x3ffe872c                _UserExceptionVector_literal_end = ABSOLUTE (.)

.bss            0x3ffe8730     0x6980
                0x3ffe8730                . = ALIGN (0x8)
                0x3ffe8730                _bss_start = ABSOLUTE (.)
 *(.dynsbss)
 *(.sbss)
 *(.sbss.*)
 *(.gnu.linkonce.sb.*)
 *(.scommon)
 *(.sbss2)
 *(.sbss2.*)
 *(.gnu.linkonce.sb2.*)
 *(.dynbss)
 *(.bss)
 .bss           0x3ffe8730      0x3f8 C:/Workspaces/ESP8266/SDK/ESP8266_RTOS_SDK/lib\libmain.a(xtensa_vectors.o)
 .bss           0x3ffe8b28       0x34 C:/Workspaces/ESP8266/SDK/ESP8266_RTOS_SDK/lib\libmain.a(app_main.o)
                0x3ffe8b28                info
                0x3ffe8b4c                user_init_flag
                0x3ffe8b4d                freq_trace_enable
                0x3ffe8b50                rf_cal_sec
                0x3ffe8b54                errno
                0x3ffe8b58                xWatchDogTaskHandle
 *fill*         0x3ffe8b5c        0x4 
 .bss           0x3ffe8b60       0xc0 C:/Workspaces/ESP8266/SDK/ESP8266_RTOS_SDK/lib\libmain.a(ets_timer.o)
                0x3ffe8b64                timer_list
                0x3ffe8b68                debug_timer
                0x3ffe8b6c                debug_timerfn
 .bss           0x3ffe8c20        0x4 C:/Workspaces/ESP8266/SDK/ESP8266_RTOS_SDK/lib\libmain.a(misc.o)
                0x3ffe8c20                _putc1
 *fill*         0x3ffe8c24        0xc 
 .bss           0x3ffe8c30       0x40 C:/Workspaces/ESP8266/SDK/ESP8266_RTOS_SDK/lib\libmain.a(printf-stdarg.o)
 .bss           0x3ffe8c70        0x8 C:/Workspaces/ESP8266/SDK/ESP8266_RTOS_SDK/lib\libmain.a(spi_flash.o)
                0x3ffe8c70                FlashIsOnGoing
                0x3ffe8c74                flash_read
 *fill*         0x3ffe8c78        0x8 
 .bss           0x3ffe8c80      0x172 C:/Workspaces/ESP8266/SDK/ESP8266_RTOS_SDK/lib\libmain.a(user_interface.o)
                0x3ffe8d66                protect_flag
                0x3ffe8d68                deep_sleep_flag
                0x3ffe8d69                cpu_overclock
                0x3ffe8d6c                event_cb
                0x3ffe8d70                xQueue_event
                0x3ffe8d74                rst_if
                0x3ffe8d94                OpmodChgIsOnGoing
                0x3ffe8d98                promiscuous_cb
                0x3ffe8d9c                status_led_output_level
                0x3ffe8da0                evt
 *fill*         0x3ffe8df2        0x2 
 .bss           0x3ffe8df4      0x6b4 C:/Workspaces/ESP8266/SDK/ESP8266_RTOS_SDK/lib\libnet80211.a(ieee80211.o)
                0x3ffe8df4                g_ic
                0x3ffe94a4                xieee80211Queue
 .bss           0x3ffe94a8       0x65 C:/Workspaces/ESP8266/SDK/ESP8266_RTOS_SDK/lib\libnet80211.a(ieee80211_hostap.o)
                0x3ffe94a8                BcnEb_update
                0x3ffe94d8                PendFreeBcnEb
                0x3ffe94da                ap_freq_force_to_scan
                0x3ffe94dc                ApFreqCalTimer
                0x3ffe94f8                APRecvBcnStartTick
 *fill*         0x3ffe950d        0x3 
 .bss           0x3ffe9510       0xe4 C:/Workspaces/ESP8266/SDK/ESP8266_RTOS_SDK/lib\libnet80211.a(ieee80211_scan.o)
                0x3ffe9510                gScanStruct
                0x3ffe95cc                freq_change_check_softap_link_enable
                0x3ffe95cd                FreqCalCntForScan
                0x3ffe95ce                TestStaFreqCalValInput
                0x3ffe95d0                TestStaFreqCalValDev
                0x3ffe95d2                connect_scan_flag
                0x3ffe95d3                auth_type
                0x3ffe95d4                scannum
 *fill*         0x3ffe95f4        0x4 
 .bss           0x3ffe95f8       0x10 C:/Workspaces/ESP8266/SDK/ESP8266_RTOS_SDK/lib\libnet80211.a(ieee80211_sta.o)
 .bss           0x3ffe9608       0x44 C:/Workspaces/ESP8266/SDK/ESP8266_RTOS_SDK/lib\libnet80211.a(wl_chm.o)
 *fill*         0x3ffe964c        0x4 
 .bss           0x3ffe9650      0x39d C:/Workspaces/ESP8266/SDK/ESP8266_RTOS_SDK/lib\libnet80211.a(wl_cnx.o)
                0x3ffe99c8                sta_con_timer
                0x3ffe99e4                backup_ni_connect_status
                0x3ffe99e8                g_cnx_probe_rc_list_cb
                0x3ffe99ec                reconnect_flag
 *fill*         0x3ffe99ed        0x3 
 .bss           0x3ffe99f0       0x10 C:/Workspaces/ESP8266/SDK/ESP8266_RTOS_SDK/lib\libnet80211.a(ieee80211_action_vendor.o)
 .bss           0x3ffe9a00        0x4 C:/Workspaces/ESP8266/SDK/ESP8266_RTOS_SDK/lib\libphy.a(phy.o)
 .bss           0x3ffe9a04        0x2 C:/Workspaces/ESP8266/SDK/ESP8266_RTOS_SDK/lib\libphy.a(phy_chip_v6_ana.o)
                0x3ffe9a04                tout_dis_txpwr_track
                0x3ffe9a05                sleep_mode_flag
 *fill*         0x3ffe9a06        0x2 
 .bss           0x3ffe9a08      0x153 C:/Workspaces/ESP8266/SDK/ESP8266_RTOS_SDK/lib\libphy.a(phy_chip_v6.o)
                0x3ffe9a08                rxiq_compute_num
                0x3ffe9a0c                rx_table_renew_en
                0x3ffe9a10                check_result
                0x3ffe9a14                chip6_sleep_params
                0x3ffe9aa8                chip6_phy_init_ctrl
                0x3ffe9b1c                phy_freq_offset
                0x3ffe9b1e                do_pwctrl_flag
                0x3ffe9b1f                txbk_dpdby_flag
                0x3ffe9b21                sw_scan_mode
                0x3ffe9b22                rxmax_ext_level
                0x3ffe9b24                phy_rx_gain_dc_table
                0x3ffe9b38                periodic_cal_flag
                0x3ffe9b39                bbpll_cal_flag
                0x3ffe9b3a                phy_in_most_power
                0x3ffe9b3b                init_rf_no_cal
                0x3ffe9b3c                test_print_time
                0x3ffe9b40                phy_in_vdd33_offset
                0x3ffe9b41                phy_set_most_tpw_disbg
                0x3ffe9b42                phy_set_most_tpw_index
                0x3ffe9b44                adc_rand_noise
                0x3ffe9b48                phy_rx_gain_dc_flag
                0x3ffe9b49                dpd_bypass_original
                0x3ffe9b4a                phy_txpwr_diff_flash
                0x3ffe9b50                noise_array
 *fill*         0x3ffe9b5b        0x1 
 .bss           0x3ffe9b5c        0x9 C:/Workspaces/ESP8266/SDK/ESP8266_RTOS_SDK/lib\libphy.a(phy_chip_v6_cal.o)
                0x3ffe9b5c                phy_tx_power_out
                0x3ffe9b5e                phy_tx_pwr_error
                0x3ffe9b60                tx_pwctrl_track_num
                0x3ffe9b61                rxiq_cover_fail_num
                0x3ffe9b62                phy_meas_freq_offset
                0x3ffe9b64                tx_pwctrl_pk_num
 *fill*         0x3ffe9b65        0x3 
 .bss           0x3ffe9b68        0x7 C:/Workspaces/ESP8266/SDK/ESP8266_RTOS_SDK/lib\libphy.a(phy_sleep.o)
                0x3ffe9b68                periodic_cal_sat
                0x3ffe9b6a                lslp_mem_opt_8266
                0x3ffe9b6c                software_slp_reject
                0x3ffe9b6d                SDIO_slp_reject
                0x3ffe9b6e                hardware_reject
 *fill*         0x3ffe9b6f        0x1 
 .bss           0x3ffe9b70        0x1 C:/Workspaces/ESP8266/SDK/ESP8266_RTOS_SDK/lib\libphy.a(phy_chip_v5_ana_romfunc.o)
                0x3ffe9b70                phy_interrup_flag
 *fill*         0x3ffe9b71        0xf 
 .bss           0x3ffe9b80      0x26a C:/Workspaces/ESP8266/SDK/ESP8266_RTOS_SDK/lib\libwpa.a(wpa.o)
 *fill*         0x3ffe9dea        0x6 
 .bss           0x3ffe9df0      0x984 C:/Workspaces/ESP8266/SDK/ESP8266_RTOS_SDK/lib\libpp.a(esf_buf.o)
 *fill*         0x3ffea774        0xc 
 .bss           0x3ffea780       0x30 C:/Workspaces/ESP8266/SDK/ESP8266_RTOS_SDK/lib\libpp.a(if_hwctrl.o)
                0x3ffea780                interface_mask
                0x3ffea790                if_ctrl
 .bss           0x3ffea7b0      0x150 C:/Workspaces/ESP8266/SDK/ESP8266_RTOS_SDK/lib\libpp.a(lmac.o)
                0x3ffea7b4                lmacConfMib
                0x3ffea7d8                our_tx_eb
 .bss           0x3ffea900      0x14a C:/Workspaces/ESP8266/SDK/ESP8266_RTOS_SDK/lib\libpp.a(pm.o)
                0x3ffeaa04                CCOMPARE_AddVal
 *fill*         0x3ffeaa4a        0x2 
 .bss           0x3ffeaa4c       0x4c C:/Workspaces/ESP8266/SDK/ESP8266_RTOS_SDK/lib\libpp.a(pm_for_bcn_only_mode.o)
 *fill*         0x3ffeaa98        0x8 
 .bss           0x3ffeaaa0      0x3ed C:/Workspaces/ESP8266/SDK/ESP8266_RTOS_SDK/lib\libpp.a(pp.o)
                0x3ffeaaa0                wdt_ini_flag
                0x3ffeaaa1                pp_soft_wdt_count
                0x3ffeaac8                pend_flag_noise_check
                0x3ffeaad0                pend_flag_periodic_cal
                0x3ffeaaf0                idle_timer_reopen_flag
                0x3ffeaaf9                dbg_stop_sw_wdt
                0x3ffeaafa                dbg_stop_hw_wdt
                0x3ffeaafc                freq_change_sta_scan
                0x3ffeab10                test_freq_val_force_flag
                0x3ffeab12                TestStaFreqCalValFilter
                0x3ffeab14                PktsNumInOneChk
                0x3ffeab16                AllFreqOffsetInOneChk
                0x3ffeab18                AvgFreqOffsetInOneChk
                0x3ffeab1a                HighestFreqOffsetInOneChk
                0x3ffeab1c                LowestFreqOffsetInOneChk
                0x3ffeab1e                pktnum_sta_freqcal
                0x3ffeab20                all_freqoffset_sta_freqcal
                0x3ffeab22                avg_freqoffset_sta_freqcal
                0x3ffeab24                DefFreqCalTimer
                0x3ffeab40                PktNumInOneChk
 *fill*         0x3ffeae8d        0x3 
 .bss           0x3ffeae90      0x100 C:/Workspaces/ESP8266/SDK/ESP8266_RTOS_SDK/lib\libpp.a(rate_control.o)
 .bss           0x3ffeaf90      0x46c C:/Workspaces/ESP8266/SDK/ESP8266_RTOS_SDK/lib\libpp.a(trc.o)
 *fill*         0x3ffeb3fc        0x4 
 .bss           0x3ffeb400     0x2f68 C:/Workspaces/ESP8266/SDK/ESP8266_RTOS_SDK/lib\libpp.a(wdev.o)
                0x3ffeb400                wDevCtrl
                0x3ffeb5a8                NMIIrqIsOn
                0x3ffeb5ac                WdevTimOffSet
 .bss           0x3ffee368        0x4 libuser.a(relay_control.o)
 *fill*         0x3ffee36c        0x4 
 .bss           0x3ffee370        0x8 C:/Workspaces/ESP8266/SDK/ESP8266_RTOS_SDK/lib\libnet80211.a(ieee80211_crypto_tkip.o)
 *(.bss.*)
 .bss.xFreeBytesRemaining
                0x3ffee378        0x4 C:/Workspaces/ESP8266/SDK/ESP8266_RTOS_SDK/lib\libfreertos.a(heap_4.o)
 .bss.xTotalHeapSize
                0x3ffee37c        0x4 C:/Workspaces/ESP8266/SDK/ESP8266_RTOS_SDK/lib\libfreertos.a(heap_4.o)
 .bss.yFreeBytesRemaining
                0x3ffee380        0x4 C:/Workspaces/ESP8266/SDK/ESP8266_RTOS_SDK/lib\libfreertos.a(heap_4.o)
 .bss.yStart    0x3ffee384       0x10 C:/Workspaces/ESP8266/SDK/ESP8266_RTOS_SDK/lib\libfreertos.a(heap_4.o)
 .bss.pxEnd     0x3ffee394        0x4 C:/Workspaces/ESP8266/SDK/ESP8266_RTOS_SDK/lib\libfreertos.a(heap_4.o)
 .bss.xStart    0x3ffee398       0x10 C:/Workspaces/ESP8266/SDK/ESP8266_RTOS_SDK/lib\libfreertos.a(heap_4.o)
 .bss.portBYTE_ALIGNMENT_v
                0x3ffee3a8        0x2 C:/Workspaces/ESP8266/SDK/ESP8266_RTOS_SDK/lib\libfreertos.a(heap_4.o)
 .bss.portBYTE_ALIGNMENT_MASK_v
                0x3ffee3aa        0x2 C:/Workspaces/ESP8266/SDK/ESP8266_RTOS_SDK/lib\libfreertos.a(heap_4.o)
 .bss.heapSTRUCT_SIZE
                0x3ffee3ac        0x2 C:/Workspaces/ESP8266/SDK/ESP8266_RTOS_SDK/lib\libfreertos.a(heap_4.o)
 *fill*         0x3ffee3ae        0x2 
 .bss.ucHeap    0x3ffee3b0        0x4 C:/Workspaces/ESP8266/SDK/ESP8266_RTOS_SDK/lib\libfreertos.a(heap_4.o)
 .bss._xt_isr_status
                0x3ffee3b4        0x1 C:/Workspaces/ESP8266/SDK/ESP8266_RTOS_SDK/lib\libfreertos.a(port.o)
                0x3ffee3b4                _xt_isr_status
 .bss.ClosedLv1Isr
                0x3ffee3b5        0x1 C:/Workspaces/ESP8266/SDK/ESP8266_RTOS_SDK/lib\libfreertos.a(port.o)
 *fill*         0x3ffee3b6        0x2 
 .bss.uxCriticalNesting
                0x3ffee3b8        0x4 C:/Workspaces/ESP8266/SDK/ESP8266_RTOS_SDK/lib\libfreertos.a(port.o)
 .bss.PendSvIsPosted
                0x3ffee3bc        0x1 C:/Workspaces/ESP8266/SDK/ESP8266_RTOS_SDK/lib\libfreertos.a(port.o)
 .bss.SWReq     0x3ffee3bd        0x1 C:/Workspaces/ESP8266/SDK/ESP8266_RTOS_SDK/lib\libfreertos.a(port.o)
 .bss.HdlMacSig
                0x3ffee3be        0x1 C:/Workspaces/ESP8266/SDK/ESP8266_RTOS_SDK/lib\libfreertos.a(port.o)
 *fill*         0x3ffee3bf        0x1 
 .bss.uxTaskNumber
                0x3ffee3c0        0x4 C:/Workspaces/ESP8266/SDK/ESP8266_RTOS_SDK/lib\libfreertos.a(tasks.o)
 .bss.xNumOfOverflows
                0x3ffee3c4        0x4 C:/Workspaces/ESP8266/SDK/ESP8266_RTOS_SDK/lib\libfreertos.a(tasks.o)
 .bss.xYieldPending
                0x3ffee3c8        0x4 C:/Workspaces/ESP8266/SDK/ESP8266_RTOS_SDK/lib\libfreertos.a(tasks.o)
 .bss.uxPendedTicks
                0x3ffee3cc        0x4 C:/Workspaces/ESP8266/SDK/ESP8266_RTOS_SDK/lib\libfreertos.a(tasks.o)
 .bss.uxSchedulerSuspended
                0x3ffee3d0        0x4 C:/Workspaces/ESP8266/SDK/ESP8266_RTOS_SDK/lib\libfreertos.a(tasks.o)
 .bss.xSchedulerRunning
                0x3ffee3d4        0x4 C:/Workspaces/ESP8266/SDK/ESP8266_RTOS_SDK/lib\libfreertos.a(tasks.o)
 .bss.uxTopReadyPriority
                0x3ffee3d8        0x4 C:/Workspaces/ESP8266/SDK/ESP8266_RTOS_SDK/lib\libfreertos.a(tasks.o)
 .bss.xTickCount
                0x3ffee3dc        0x4 C:/Workspaces/ESP8266/SDK/ESP8266_RTOS_SDK/lib\libfreertos.a(tasks.o)
 .bss.uxCurrentNumberOfTasks
                0x3ffee3e0        0x4 C:/Workspaces/ESP8266/SDK/ESP8266_RTOS_SDK/lib\libfreertos.a(tasks.o)
 .bss.xIdleTaskHandle
                0x3ffee3e4        0x4 C:/Workspaces/ESP8266/SDK/ESP8266_RTOS_SDK/lib\libfreertos.a(tasks.o)
 .bss.xSuspendedTaskList
                0x3ffee3e8       0x14 C:/Workspaces/ESP8266/SDK/ESP8266_RTOS_SDK/lib\libfreertos.a(tasks.o)
 .bss.uxTasksDeleted
                0x3ffee3fc        0x4 C:/Workspaces/ESP8266/SDK/ESP8266_RTOS_SDK/lib\libfreertos.a(tasks.o)
 .bss.xTasksWaitingTermination
                0x3ffee400       0x14 C:/Workspaces/ESP8266/SDK/ESP8266_RTOS_SDK/lib\libfreertos.a(tasks.o)
 .bss.xPendingReadyList
                0x3ffee414       0x14 C:/Workspaces/ESP8266/SDK/ESP8266_RTOS_SDK/lib\libfreertos.a(tasks.o)
 .bss.pxOverflowDelayedTaskList
                0x3ffee428        0x4 C:/Workspaces/ESP8266/SDK/ESP8266_RTOS_SDK/lib\libfreertos.a(tasks.o)
 .bss.pxDelayedTaskList
                0x3ffee42c        0x4 C:/Workspaces/ESP8266/SDK/ESP8266_RTOS_SDK/lib\libfreertos.a(tasks.o)
 .bss.xDelayedTaskList2
                0x3ffee430       0x14 C:/Workspaces/ESP8266/SDK/ESP8266_RTOS_SDK/lib\libfreertos.a(tasks.o)
 .bss.xDelayedTaskList1
                0x3ffee444       0x14 C:/Workspaces/ESP8266/SDK/ESP8266_RTOS_SDK/lib\libfreertos.a(tasks.o)
 .bss.pxReadyTasksLists
                0x3ffee458      0x12c C:/Workspaces/ESP8266/SDK/ESP8266_RTOS_SDK/lib\libfreertos.a(tasks.o)
 .bss.pxCurrentTCB
                0x3ffee584        0x4 C:/Workspaces/ESP8266/SDK/ESP8266_RTOS_SDK/lib\libfreertos.a(tasks.o)
                0x3ffee584                pxCurrentTCB
 .bss.xLastTime$2948
                0x3ffee588        0x4 C:/Workspaces/ESP8266/SDK/ESP8266_RTOS_SDK/lib\libfreertos.a(timers.o)
 .bss.xTimerTaskHandle
                0x3ffee58c        0x4 C:/Workspaces/ESP8266/SDK/ESP8266_RTOS_SDK/lib\libfreertos.a(timers.o)
 .bss.xTimerQueue
                0x3ffee590        0x4 C:/Workspaces/ESP8266/SDK/ESP8266_RTOS_SDK/lib\libfreertos.a(timers.o)
 .bss.pxOverflowTimerList
                0x3ffee594        0x4 C:/Workspaces/ESP8266/SDK/ESP8266_RTOS_SDK/lib\libfreertos.a(timers.o)
 .bss.pxCurrentTimerList
                0x3ffee598        0x4 C:/Workspaces/ESP8266/SDK/ESP8266_RTOS_SDK/lib\libfreertos.a(timers.o)
 .bss.xActiveTimerList2
                0x3ffee59c       0x14 C:/Workspaces/ESP8266/SDK/ESP8266_RTOS_SDK/lib\libfreertos.a(timers.o)
 .bss.xActiveTimerList1
                0x3ffee5b0       0x14 C:/Workspaces/ESP8266/SDK/ESP8266_RTOS_SDK/lib\libfreertos.a(timers.o)
 .bss.xid$4228  0x3ffee5c4        0x4 C:/Workspaces/ESP8266/SDK/ESP8266_RTOS_SDK/lib\liblwip.a(dhcp.o)
 .bss.renew     0x3ffee5c8        0x1 C:/Workspaces/ESP8266/SDK/ESP8266_RTOS_SDK/lib\liblwip.a(dhcpserver.o)
 *fill*         0x3ffee5c9        0x3 
 .bss.plist     0x3ffee5cc        0x4 C:/Workspaces/ESP8266/SDK/ESP8266_RTOS_SDK/lib\liblwip.a(dhcpserver.o)
 .bss.dhcps_lease
                0x3ffee5d0        0xc C:/Workspaces/ESP8266/SDK/ESP8266_RTOS_SDK/lib\liblwip.a(dhcpserver.o)
 .bss.client_address_plus
                0x3ffee5dc        0x4 C:/Workspaces/ESP8266/SDK/ESP8266_RTOS_SDK/lib\liblwip.a(dhcpserver.o)
 .bss.client_address
                0x3ffee5e0        0x4 C:/Workspaces/ESP8266/SDK/ESP8266_RTOS_SDK/lib\liblwip.a(dhcpserver.o)
 .bss.server_address
                0x3ffee5e4        0x4 C:/Workspaces/ESP8266/SDK/ESP8266_RTOS_SDK/lib\liblwip.a(dhcpserver.o)
 .bss.broadcast_dhcps
                0x3ffee5e8        0x4 C:/Workspaces/ESP8266/SDK/ESP8266_RTOS_SDK/lib\liblwip.a(dhcpserver.o)
 .bss.pcb_dhcps
                0x3ffee5ec        0x4 C:/Workspaces/ESP8266/SDK/ESP8266_RTOS_SDK/lib\liblwip.a(dhcpserver.o)
 .bss.dns_payload
                0x3ffee5f0        0x4 C:/Workspaces/ESP8266/SDK/ESP8266_RTOS_SDK/lib\liblwip.a(dns.o)
 .bss.dns_servers
                0x3ffee5f4        0x8 C:/Workspaces/ESP8266/SDK/ESP8266_RTOS_SDK/lib\liblwip.a(dns.o)
 .bss.dns_table
                0x3ffee5fc      0x460 C:/Workspaces/ESP8266/SDK/ESP8266_RTOS_SDK/lib\liblwip.a(dns.o)
 .bss.dns_pcb   0x3ffeea5c        0x4 C:/Workspaces/ESP8266/SDK/ESP8266_RTOS_SDK/lib\liblwip.a(dns.o)
 .bss.etharp_cached_entry
                0x3ffeea60        0x1 C:/Workspaces/ESP8266/SDK/ESP8266_RTOS_SDK/lib\liblwip.a(etharp.o)
 *fill*         0x3ffeea61        0x3 
 .bss.arp_table
                0x3ffeea64       0xc8 C:/Workspaces/ESP8266/SDK/ESP8266_RTOS_SDK/lib\liblwip.a(etharp.o)
 .bss.ip_id     0x3ffeeb2c        0x2 C:/Workspaces/ESP8266/SDK/ESP8266_RTOS_SDK/lib\liblwip.a(ip4.o)
 .bss.ip6_reass_pbufcount
                0x3ffeeb2e        0x2 C:/Workspaces/ESP8266/SDK/ESP8266_RTOS_SDK/lib\liblwip.a(ip6_frag.o)
 .bss.reassdatagrams
                0x3ffeeb30        0x4 C:/Workspaces/ESP8266/SDK/ESP8266_RTOS_SDK/lib\liblwip.a(ip6_frag.o)
 .bss.mld_group_list
                0x3ffeeb34        0x4 C:/Workspaces/ESP8266/SDK/ESP8266_RTOS_SDK/lib\liblwip.a(mld6.o)
 .bss.last_router$3310
                0x3ffeeb38        0x1 C:/Workspaces/ESP8266/SDK/ESP8266_RTOS_SDK/lib\liblwip.a(nd6.o)
 .bss.nd6_ra_buffer
                0x3ffeeb39       0x20 C:/Workspaces/ESP8266/SDK/ESP8266_RTOS_SDK/lib\liblwip.a(nd6.o)
 *fill*         0x3ffeeb59        0x3 
 .bss.multicast_address
                0x3ffeeb5c       0x10 C:/Workspaces/ESP8266/SDK/ESP8266_RTOS_SDK/lib\liblwip.a(nd6.o)
 .bss.nd6_cached_destination_index
                0x3ffeeb6c        0x1 C:/Workspaces/ESP8266/SDK/ESP8266_RTOS_SDK/lib\liblwip.a(nd6.o)
 .bss.nd6_cached_neighbor_index
                0x3ffeeb6d        0x1 C:/Workspaces/ESP8266/SDK/ESP8266_RTOS_SDK/lib\liblwip.a(nd6.o)
 .bss.netif_num
                0x3ffeeb6e        0x1 C:/Workspaces/ESP8266/SDK/ESP8266_RTOS_SDK/lib\liblwip.a(netif.o)
 *fill*         0x3ffeeb6f        0x1 
 .bss.raw_pcbs  0x3ffeeb70        0x4 C:/Workspaces/ESP8266/SDK/ESP8266_RTOS_SDK/lib\liblwip.a(raw.o)
 .bss.tcp_timer_ctr
                0x3ffeeb74        0x1 C:/Workspaces/ESP8266/SDK/ESP8266_RTOS_SDK/lib\liblwip.a(tcp.o)
 .bss.tcp_timer
                0x3ffeeb75        0x1 C:/Workspaces/ESP8266/SDK/ESP8266_RTOS_SDK/lib\liblwip.a(tcp.o)
 *fill*         0x3ffeeb76        0x2 
 .bss.recv_data
                0x3ffeeb78        0x4 C:/Workspaces/ESP8266/SDK/ESP8266_RTOS_SDK/lib\liblwip.a(tcp_in.o)
 .bss.recv_flags
                0x3ffeeb7c        0x1 C:/Workspaces/ESP8266/SDK/ESP8266_RTOS_SDK/lib\liblwip.a(tcp_in.o)
 *fill*         0x3ffeeb7d        0x1 
 .bss.tcplen    0x3ffeeb7e        0x2 C:/Workspaces/ESP8266/SDK/ESP8266_RTOS_SDK/lib\liblwip.a(tcp_in.o)
 .bss.flags     0x3ffeeb80        0x1 C:/Workspaces/ESP8266/SDK/ESP8266_RTOS_SDK/lib\liblwip.a(tcp_in.o)
 *fill*         0x3ffeeb81        0x3 
 .bss.ackno     0x3ffeeb84        0x4 C:/Workspaces/ESP8266/SDK/ESP8266_RTOS_SDK/lib\liblwip.a(tcp_in.o)
 .bss.seqno     0x3ffeeb88        0x4 C:/Workspaces/ESP8266/SDK/ESP8266_RTOS_SDK/lib\liblwip.a(tcp_in.o)
 .bss.tcphdr    0x3ffeeb8c        0x4 C:/Workspaces/ESP8266/SDK/ESP8266_RTOS_SDK/lib\liblwip.a(tcp_in.o)
 .bss.inseg     0x3ffeeb90       0x10 C:/Workspaces/ESP8266/SDK/ESP8266_RTOS_SDK/lib\liblwip.a(tcp_in.o)
 .bss.mbox      0x3ffeeba0        0x4 C:/Workspaces/ESP8266/SDK/ESP8266_RTOS_SDK/lib\liblwip.a(tcpip.o)
 .bss.tcpip_init_done_arg
                0x3ffeeba4        0x4 C:/Workspaces/ESP8266/SDK/ESP8266_RTOS_SDK/lib\liblwip.a(tcpip.o)
 .bss.tcpip_init_done
                0x3ffeeba8        0x4 C:/Workspaces/ESP8266/SDK/ESP8266_RTOS_SDK/lib\liblwip.a(tcpip.o)
 .bss.LwipTimOutLim
                0x3ffeebac        0x4 C:/Workspaces/ESP8266/SDK/ESP8266_RTOS_SDK/lib\liblwip.a(timers.o)
                0x3ffeebac                LwipTimOutLim
 .bss.tcpip_tcp_timer_active
                0x3ffeebb0        0x4 C:/Workspaces/ESP8266/SDK/ESP8266_RTOS_SDK/lib\liblwip.a(timers.o)
 .bss.next_timeout
                0x3ffeebb4        0x4 C:/Workspaces/ESP8266/SDK/ESP8266_RTOS_SDK/lib\liblwip.a(timers.o)
 .bss.allrouters
                0x3ffeebb8        0x4 C:/Workspaces/ESP8266/SDK/ESP8266_RTOS_SDK/lib\liblwip.a(igmp.o)
 .bss.allsystems
                0x3ffeebbc        0x4 C:/Workspaces/ESP8266/SDK/ESP8266_RTOS_SDK/lib\liblwip.a(igmp.o)
 .bss.igmp_group_list
                0x3ffeebc0        0x4 C:/Workspaces/ESP8266/SDK/ESP8266_RTOS_SDK/lib\liblwip.a(igmp.o)
 *(.gnu.linkonce.b.*)
 *(COMMON)
 COMMON         0x3ffeebc4       0x84 C:/Workspaces/ESP8266/SDK/ESP8266_RTOS_SDK/lib\libfreertos.a(port.o)
                0x3ffeebc4                isr
                0x3ffeec44                cpu_sr
 COMMON         0x3ffeec48       0x34 C:/Workspaces/ESP8266/SDK/ESP8266_RTOS_SDK/lib\liblwip.a(dhcp.o)
                0x3ffeec48                dhcp_rx_options_given
                0x3ffeec54                dhcp_rx_options_val
 COMMON         0x3ffeec7c        0x4 C:/Workspaces/ESP8266/SDK/ESP8266_RTOS_SDK/lib\liblwip.a(ethernetif.o)
                0x3ffeec7c                hostname
 COMMON         0x3ffeec80       0x30 C:/Workspaces/ESP8266/SDK/ESP8266_RTOS_SDK/lib\liblwip.a(ip4.o)
                0x3ffeec80                ip_data
 COMMON         0x3ffeecb0      0x3d0 C:/Workspaces/ESP8266/SDK/ESP8266_RTOS_SDK/lib\liblwip.a(nd6.o)
                0x3ffeecb0                neighbor_cache
                0x3ffeee40                prefix_list
                0x3ffeeecc                destination_cache
                0x3ffef05c                default_router_list
 COMMON         0x3ffef080        0x8 C:/Workspaces/ESP8266/SDK/ESP8266_RTOS_SDK/lib\liblwip.a(netif.o)
                0x3ffef080                netif_list
                0x3ffef084                netif_default
 COMMON         0x3ffef088       0x1c C:/Workspaces/ESP8266/SDK/ESP8266_RTOS_SDK/lib\liblwip.a(tcp.o)
                0x3ffef088                tcp_active_pcbs_changed
                0x3ffef08c                tcp_active_pcbs
                0x3ffef090                tcp_ticks
                0x3ffef094                tcp_listen_pcbs
                0x3ffef098                tcp_tmp_pcb
                0x3ffef09c                tcp_bound_pcbs
                0x3ffef0a0                tcp_tw_pcbs
 COMMON         0x3ffef0a4        0x4 C:/Workspaces/ESP8266/SDK/ESP8266_RTOS_SDK/lib\liblwip.a(tcp_in.o)
                0x3ffef0a4                tcp_input_pcb
 COMMON         0x3ffef0a8        0x4 C:/Workspaces/ESP8266/SDK/ESP8266_RTOS_SDK/lib\liblwip.a(tcpip.o)
                0x3ffef0a8                xLwipTaskHandle
 COMMON         0x3ffef0ac        0x4 C:/Workspaces/ESP8266/SDK/ESP8266_RTOS_SDK/lib\liblwip.a(udp.o)
                0x3ffef0ac                udp_pcbs
                0x3ffef0b0                . = ALIGN (0x8)
                0x3ffef0b0                _bss_end = ABSOLUTE (.)
                0x3ffef0b0                _heap_start = ABSOLUTE (.)

.text           0x40100000     0x79e0
                0x40100000                _stext = .
                0x40100000                _text_start = ABSOLUTE (.)
 *(.UserEnter.text)
 .UserEnter.text
                0x40100000        0xd C:/Workspaces/ESP8266/SDK/ESP8266_RTOS_SDK/lib\libmain.a(xtensa_vectors.o)
                                 0x14 (size before relaxing)
                0x40100004                call_user_start
                0x40100010                . = ALIGN (0x10)
 *fill*         0x4010000d        0x3 
 *(.DebugExceptionVector.text)
 .DebugExceptionVector.text
                0x40100010        0x9 C:/Workspaces/ESP8266/SDK/ESP8266_RTOS_SDK/lib\libmain.a(xtensa_vectors.o)
                                 0x10 (size before relaxing)
                0x40100010                _DebugExceptionVector
                0x40100020                . = ALIGN (0x10)
 *fill*         0x40100019        0x7 
 *(.NMIExceptionVector.text)
 .NMIExceptionVector.text
                0x40100020        0x6 C:/Workspaces/ESP8266/SDK/ESP8266_RTOS_SDK/lib\libmain.a(xtensa_vectors.o)
                                  0xd (size before relaxing)
                0x40100020                _NMIExceptionVector
                0x40100030                . = ALIGN (0x10)
 *fill*         0x40100026        0xa 
 *(.KernelExceptionVector.text)
 .KernelExceptionVector.text
                0x40100030        0x6 C:/Workspaces/ESP8266/SDK/ESP8266_RTOS_SDK/lib\libmain.a(xtensa_vectors.o)
                                  0xd (size before relaxing)
                0x40100030                _KernelExceptionVector
                0x40100036        0x4 LONG 0x0
                0x4010003a        0x4 LONG 0x0
                0x4010003e        0x4 LONG 0x0
                0x40100042        0x4 LONG 0x0
                0x40100050                . = ALIGN (0x10)
 *fill*         0x40100046        0xa 
 *(.UserExceptionVector.text)
 .UserExceptionVector.text
                0x40100050        0x6 C:/Workspaces/ESP8266/SDK/ESP8266_RTOS_SDK/lib\libmain.a(xtensa_vectors.o)
                                  0xd (size before relaxing)
                0x40100050                _UserExceptionVector
                0x40100056        0x4 LONG 0x0
                0x4010005a        0x4 LONG 0x0
                0x4010005e        0x4 LONG 0x0
                0x40100062        0x4 LONG 0x0
                0x40100070                . = ALIGN (0x10)
 *fill*         0x40100066        0xa 
 *(.DoubleExceptionVector.text)
 .DoubleExceptionVector.text
                0x40100070        0x9 C:/Workspaces/ESP8266/SDK/ESP8266_RTOS_SDK/lib\libmain.a(xtensa_vectors.o)
                                 0x10 (size before relaxing)
                0x40100070                _DoubleExceptionVector
                0x40100079        0x4 LONG 0x0
                0x4010007d        0x4 LONG 0x0
                0x40100081        0x4 LONG 0x0
                0x40100085        0x4 LONG 0x0
                0x40100090                . = ALIGN (0x10)
 *fill*         0x40100089        0x7 
 *(.entry.text)
 *(.init.literal)
 *(.init)
 *libfreertos.a:(.literal .text .literal.* .text.*)
 .text.prvInsertBlockIntoFreeList
                0x40100090       0x46 C:/Workspaces/ESP8266/SDK/ESP8266_RTOS_SDK/lib\libfreertos.a(heap_4.o)
 *fill*         0x401000d6        0x2 
 .text.prvInsertBlockIntoUsedList
                0x401000d8       0x29 C:/Workspaces/ESP8266/SDK/ESP8266_RTOS_SDK/lib\libfreertos.a(heap_4.o)
                0x401000e0                prvInsertBlockIntoUsedList
 *fill*         0x40100101        0x3 
 .text.prvRemoveBlockFromUsedList
                0x40100104       0x2b C:/Workspaces/ESP8266/SDK/ESP8266_RTOS_SDK/lib\libfreertos.a(heap_4.o)
                                 0x33 (size before relaxing)
                0x40100104                prvRemoveBlockFromUsedList
 *fill*         0x4010012f        0x1 
 .text.xPortWantedSizeAlign
                0x40100130       0x2c C:/Workspaces/ESP8266/SDK/ESP8266_RTOS_SDK/lib\libfreertos.a(heap_4.o)
                0x4010013c                xPortWantedSizeAlign
 .text.pvPortMalloc
                0x4010015c      0x189 C:/Workspaces/ESP8266/SDK/ESP8266_RTOS_SDK/lib\libfreertos.a(heap_4.o)
                                0x1bd (size before relaxing)
                0x40100184                pvPortMalloc
 *fill*         0x401002e5        0x3 
 .text.vPortFree
                0x401002e8       0x87 C:/Workspaces/ESP8266/SDK/ESP8266_RTOS_SDK/lib\libfreertos.a(heap_4.o)
                                 0xbf (size before relaxing)
                0x401002ec                vPortFree
 *fill*         0x4010036f        0x1 
 .text.pvPortCalloc
                0x40100370       0x2f C:/Workspaces/ESP8266/SDK/ESP8266_RTOS_SDK/lib\libfreertos.a(heap_4.o)
                                 0x3b (size before relaxing)
                0x40100370                pvPortCalloc
 *fill*         0x4010039f        0x1 
 .text.pvPortZalloc
                0x401003a0       0x1b C:/Workspaces/ESP8266/SDK/ESP8266_RTOS_SDK/lib\libfreertos.a(heap_4.o)
                                 0x23 (size before relaxing)
                0x401003a0                pvPortZalloc
 *fill*         0x401003bb        0x1 
 .text.zalloc   0x401003bc       0x1b C:/Workspaces/ESP8266/SDK/ESP8266_RTOS_SDK/lib\libfreertos.a(heap_4.o)
                                 0x1f (size before relaxing)
                0x401003c0                zalloc
 *fill*         0x401003d7        0x1 
 .text.SoftIsrHdl
                0x401003d8       0x55 C:/Workspaces/ESP8266/SDK/ESP8266_RTOS_SDK/lib\libfreertos.a(port.o)
                                 0x61 (size before relaxing)
                0x401003e4                SoftIsrHdl
 *fill*         0x4010042d        0x3 
 .text.xPortSysTickHandle
                0x40100430       0x14 C:/Workspaces/ESP8266/SDK/ESP8266_RTOS_SDK/lib\libfreertos.a(port.o)
                                 0x23 (size before relaxing)
                0x40100430                xPortSysTickHandle
 *fill*         0x40100444        0x0 
 .text.vPortEnterCritical
                0x40100444       0x37 C:/Workspaces/ESP8266/SDK/ESP8266_RTOS_SDK/lib\libfreertos.a(port.o)
                                 0x3b (size before relaxing)
                0x40100450                vPortEnterCritical
 *fill*         0x4010047b        0x1 
 .text.vPortExitCritical
                0x4010047c       0x65 C:/Workspaces/ESP8266/SDK/ESP8266_RTOS_SDK/lib\libfreertos.a(port.o)
                                 0x81 (size before relaxing)
                0x40100488                vPortExitCritical
 *fill*         0x401004e1        0x3 
 .text.PendSV   0x401004e4       0x59 C:/Workspaces/ESP8266/SDK/ESP8266_RTOS_SDK/lib\libfreertos.a(port.o)
                                 0x80 (size before relaxing)
                0x401004e4                PendSV
 *fill*         0x4010053d        0x3 
 .text.ShowCritical
                0x40100540       0x2c C:/Workspaces/ESP8266/SDK/ESP8266_RTOS_SDK/lib\libfreertos.a(port.o)
                                 0x38 (size before relaxing)
                0x4010054c                ShowCritical
 .text.vPortETSIntrLock
                0x4010056c       0x2e C:/Workspaces/ESP8266/SDK/ESP8266_RTOS_SDK/lib\libfreertos.a(port.o)
                                 0x3e (size before relaxing)
                0x4010056c                vPortETSIntrLock
 *fill*         0x4010059a        0x2 
 .text.vPortETSIntrUnlock
                0x4010059c       0x27 C:/Workspaces/ESP8266/SDK/ESP8266_RTOS_SDK/lib\libfreertos.a(port.o)
                                 0x37 (size before relaxing)
                0x4010059c                vPortETSIntrUnlock
 *fill*         0x401005c3        0x1 
 .text.PortDisableInt_NoNest
                0x401005c4       0x20 C:/Workspaces/ESP8266/SDK/ESP8266_RTOS_SDK/lib\libfreertos.a(port.o)
                                 0x2c (size before relaxing)
                0x401005c4                PortDisableInt_NoNest
 .text._xt_isr_handler
                0x401005e4       0x93 C:/Workspaces/ESP8266/SDK/ESP8266_RTOS_SDK/lib\libfreertos.a(port.o)
                                 0x97 (size before relaxing)
                0x401005ec                _xt_isr_handler
 *fill*         0x40100677        0x1 
 .text.prvCopyDataToQueue
                0x40100678       0x8f C:/Workspaces/ESP8266/SDK/ESP8266_RTOS_SDK/lib\libfreertos.a(queue.o)
                                 0x9f (size before relaxing)
 *fill*         0x40100707        0x1 
 .text.prvCopyDataFromQueue
                0x40100708       0x29 C:/Workspaces/ESP8266/SDK/ESP8266_RTOS_SDK/lib\libfreertos.a(queue.o)
                                 0x30 (size before relaxing)
 *fill*         0x40100731        0x3 
 .text.xTaskIncrementTick
                0x40100734      0x180 C:/Workspaces/ESP8266/SDK/ESP8266_RTOS_SDK/lib\libfreertos.a(tasks.o)
                                0x190 (size before relaxing)
                0x4010075c                xTaskIncrementTick
 .text.vTaskSwitchContext
                0x401008b4       0xca C:/Workspaces/ESP8266/SDK/ESP8266_RTOS_SDK/lib\libfreertos.a(tasks.o)
                                 0xe6 (size before relaxing)
                0x401008c0                vTaskSwitchContext
 *fill*         0x4010097e        0x2 
 .text.vTaskPriorityDisinherit
                0x40100980       0x51 C:/Workspaces/ESP8266/SDK/ESP8266_RTOS_SDK/lib\libfreertos.a(tasks.o)
                                 0x68 (size before relaxing)
                0x40100980                vTaskPriorityDisinherit
 *fill*         0x401009d1        0x0 
 *fill*         0x401009d1        0x0 
 *fill*         0x401009d1        0x0 
 *fill*         0x401009d1        0x0 
 *fill*         0x401009d1        0x0 
 *fill*         0x401009d1        0x0 
 *fill*         0x401009d1        0x0 
 *fill*         0x401009d1        0x0 
 *fill*         0x401009d1        0x0 
 *fill*         0x401009d1        0x0 
 *fill*         0x401009d1        0x0 
 *fill*         0x401009d1        0x0 
 *fill*         0x401009d1        0x0 
 *fill*         0x401009d1        0x0 
 *fill*         0x401009d1        0x0 
 *fill*         0x401009d1        0x3 
 .text.uxQueueMessagesWaitingFromISR
                0x401009d4        0x7 C:/Workspaces/ESP8266/SDK/ESP8266_RTOS_SDK/lib\libfreertos.a(queue.o)
                0x401009d4                uxQueueMessagesWaitingFromISR
 *fill*         0x401009db        0x0 
 *fill*         0x401009db        0x1 
 .text.vListInsertEnd
                0x401009dc       0x18 C:/Workspaces/ESP8266/SDK/ESP8266_RTOS_SDK/lib\libfreertos.a(list.o)
                0x401009dc                vListInsertEnd
 .text.uxListRemove
                0x401009f4       0x20 C:/Workspaces/ESP8266/SDK/ESP8266_RTOS_SDK/lib\libfreertos.a(list.o)
                0x401009f4                uxListRemove
 *(.literal .text .stub .gnu.warning .gnu.linkonce.literal.* .gnu.linkonce.t.*.literal .gnu.linkonce.t.*)
 .text          0x40100a14      0x1da C:/Workspaces/ESP8266/SDK/ESP8266_RTOS_SDK/lib\libmain.a(xtensa_vectors.o)
                                0x212 (size before relaxing)
                0x40100abc                _xt_user_exit
 *fill*         0x40100bee        0x2 
 .text          0x40100bf0      0x503 C:/Workspaces/ESP8266/SDK/ESP8266_RTOS_SDK/lib\libmain.a(app_main.o)
                                0x566 (size before relaxing)
                0x40100bf8                Cache_Read_Enable_New
                0x40100c50                esp_crc8
                0x40100dd0                user_fatal_exception_handler
                0x40100ea8                do_global_ctors
                0x40100f24                user_start
 *fill*         0x401010f3        0x1 
 .text          0x401010f4      0x51a C:/Workspaces/ESP8266/SDK/ESP8266_RTOS_SDK/lib\libmain.a(printf-stdarg.o)
                                0x54e (size before relaxing)
                0x401010f4                putchar
                0x401012ac                print
                0x4010151c                ets_printf
                0x4010151c                printf
                0x401015f8                puts
 *fill*         0x4010160e        0x2 
 .text          0x40101610      0xb4b C:/Workspaces/ESP8266/SDK/ESP8266_RTOS_SDK/lib\libmain.a(spi_flash.o)
                                0xd6b (size before relaxing)
                0x40101614                SPIWrite
                0x401016f0                SPIRead
                0x40101720                SPIEraseSector
                0x40101768                Cache_Read_Disable_2
                0x401017a8                Cache_Read_Enable_2
                0x401017f8                spi_flash_get_unique_id
                0x4010195c                spi_flash_get_id
                0x401019cc                spi_flash_read_status
                0x40101a0c                spi_flash_write_status
                0x40101a84                flash_gd25q32c_read_status
                0x40101c10                flash_gd25q32c_write_status
                0x40101e04                spi_flash_erase_sector
                0x40101e68                spi_flash_enable_qmode
                0x40101e90                spi_flash_write
                0x40101efc                spi_flash_read
                0x40101f74                spi_flash_issi_enable_QIO_mode
                0x4010210c                flash_gd25q32c_enable_QIO_mode
 *fill*         0x4010215b        0x1 
 .text          0x4010215c      0x2be C:/Workspaces/ESP8266/SDK/ESP8266_RTOS_SDK/lib\libmain.a(user_interface.o)
                                0x336 (size before relaxing)
                0x4010218c                system_restart_in_nmi
                0x40102328                wifi_set_user_rate_limit
                0x4010236c                system_rtc_mem_write
                0x401023c4                system_rtc_mem_read
 *fill*         0x4010241a        0x2 
 .text          0x4010241c      0x183 C:/Workspaces/ESP8266/SDK/ESP8266_RTOS_SDK/lib\libmain.a(os_cpu_a.o)
                                0x1bf (size before relaxing)
                0x4010241c                vPortYield
                0x40102454                _xt_int_enter
                0x4010246c                _xt_int_exit
                0x40102494                _xt_timer_int
                0x401024c8                _xt_timer_int1
                0x401024e4                _xt_tick_timer_init
                0x40102508                _xt_update_xt_ccompare
                0x40102524                _xt_set_xt_ccompare_val
                0x4010253c                _xt_isr_unmask
                0x4010255c                _xt_isr_mask
                0x40102580                _xt_read_ints
                0x40102590                _xt_clear_ints
 *fill*         0x4010259f        0x1 
 .text          0x401025a0       0x23 C:/Workspaces/ESP8266/SDK/ESP8266_RTOS_SDK/lib\libnet80211.a(ieee80211_output.o)
                                 0x27 (size before relaxing)
 *fill*         0x401025c3        0x1 
 .text          0x401025c4        0xb C:/Workspaces/ESP8266/SDK/ESP8266_RTOS_SDK/lib\libnet80211.a(wl_chm.o)
                0x401025c8                chm_get_current_channel
 *fill*         0x401025cf        0x1 
 .text          0x401025d0       0x53 C:/Workspaces/ESP8266/SDK/ESP8266_RTOS_SDK/lib\libphy.a(phy.o)
                                 0x5f (size before relaxing)
                0x401025d8                register_phy_ops
                0x401025f8                register_get_phy_addr
                0x40102600                phy_change_channel
                0x40102618                phy_get_mactime
 *fill*         0x40102623        0x1 
 .text          0x40102624      0x25e C:/Workspaces/ESP8266/SDK/ESP8266_RTOS_SDK/lib\libphy.a(phy_chip_v6_ana.o)
                                0x276 (size before relaxing)
                0x40102640                phy_adc_read_fast
 *fill*         0x40102882        0x2 
 .text          0x40102884      0x20e C:/Workspaces/ESP8266/SDK/ESP8266_RTOS_SDK/lib\libphy.a(phy_chip_v6_cal.o)
                                0x21a (size before relaxing)
                0x40102890                tx_pwr_backoff_old
                0x401029e0                unsign_to_sign
                0x40102a1c                phy_get_bb_freqoffset
                0x40102a84                phy_get_bb_evm
 *fill*         0x40102a92        0x2 
 .text          0x40102a94      0x257 C:/Workspaces/ESP8266/SDK/ESP8266_RTOS_SDK/lib\libphy.a(phy_sleep.o)
                                0x287 (size before relaxing)
                0x40102a9c                pm_rtc_clock_cali
                0x40102b70                pm_goto_sleep
                0x40102cc0                clockgate_watchdog
 *fill*         0x40102ceb        0x1 
 .text          0x40102cec       0x7c C:/Workspaces/ESP8266/SDK/ESP8266_RTOS_SDK/lib\libpp.a(esf_buf.o)
                                 0xa8 (size before relaxing)
                0x40102cf0                esf_rx_buf_alloc
 .text          0x40102d68     0x168c C:/Workspaces/ESP8266/SDK/ESP8266_RTOS_SDK/lib\libpp.a(lmac.o)
                               0x1a3c (size before relaxing)
                0x40102d6c                lmacIsActive
                0x40102d80                lmacIsIdle
                0x40103200                lmacSetAcParam
                0x40103284                lmacProcessTXStartData
                0x4010342c                lmacProcessTxSuccess
                0x40103570                GetAccess
                0x4010357c                lmacDiscardAgedMSDU
                0x40103590                lmacRecycleMPDU
                0x40103b94                lmacProcessTxTimeout
                0x40103bfc                lmacProcessAllTxTimeout
                0x40103c14                lmacProcessCollisions
                0x40103c74                lmacProcessCollision
                0x40103ce4                lmacMSDUAged
                0x40104074                lmacProcessCtsTimeout
                0x401040ac                lmacProcessAckTimeout
                0x4010410c                lmacProcessRtsStart
                0x40104118                lmacProcessTxRtsError
                0x401041b4                lmacProcessTxError
                0x40104240                lmacTxFrame
                0x401043dc                lmacRxDone
 .text          0x401043f4      0xced C:/Workspaces/ESP8266/SDK/ESP8266_RTOS_SDK/lib\libpp.a(pp.o)
                                0xf89 (size before relaxing)
                0x401045ac                ppProcessTxQ
                0x4010466c                ppFetchTxQFirstAvail
                0x401046d0                ppDequeueTxQ
                0x4010471c                ppRollBackTxQ
                0x40104760                ppRecordBarRRC
                0x40104770                ppTxqUpdateBitmap
                0x40104798                ppEnqueueTxDone
                0x401047dc                ppEnqueueRxq
                0x40104d74                ppDiscardMPDU
                0x40104da4                MacIsrSigPostDefHdl
                0x40104e84                pp_post
                0x40104fb0                ppCalTxop
                0x40105074                ppCalFrameTimes
 *fill*         0x401050e1        0x3 
 .text          0x401050e4       0xf5 C:/Workspaces/ESP8266/SDK/ESP8266_RTOS_SDK/lib\libpp.a(rate_control.o)
                                0x109 (size before relaxing)
                0x40105104                RC_GetAckRate
                0x40105110                RC_GetRtsRate
                0x40105120                RC_GetAckTime
                0x40105134                RC_GetCtsTime
                0x4010516c                RC_GetBlockAckTime
 *fill*         0x401051d9        0x3 
 .text          0x401051dc      0x99d C:/Workspaces/ESP8266/SDK/ESP8266_RTOS_SDK/lib\libpp.a(trc.o)
                                0xa05 (size before relaxing)
                0x401053ac                rcUpdateTxDone
                0x40105440                rcUpdateRxDone
                0x4010549c                rcUpdateDataRxDone
                0x401054b8                rcGetSched
                0x4010559c                rcGetRate
                0x40105aac                rcReachRetryLimit
                0x40105ac4                trc_NeedRTS
 *fill*         0x40105b79        0x3 
 .text          0x40105b7c     0x1308 C:/Workspaces/ESP8266/SDK/ESP8266_RTOS_SDK/lib\libpp.a(wdev.o)
                               0x16ac (size before relaxing)
                0x40105fe8                wDev_MacTimSetFunc
                0x4010600c                wDev_MacTimArm
                0x4010609c                wDev_MacTim1Arm
                0x4010615c                wDev_ProcessFiq
                0x401064d4                wDev_EnableTransmit
                0x4010650c                wDev_DisableTransmit
                0x4010652c                Tx_Copy2Queue
                0x40106570                wDev_ProcessCollision
                0x40106594                wDev_GetTxqCollisions
                0x401065a4                wDev_ClearTxqCollisions
                0x401065c0                wDev_SetWaitingQueue
                0x40106608                wDev_ClearWaitingQueue
                0x4010662c                wDev_SetFrameAckType
                0x40106690                wDev_AppendRxBlocks
                0x40106814                wDev_AppendRxAmpduLensBlocks
                0x40106918                wDev_GetBAInfo
 .literal       0x40106e84        0x4 C:/Workspaces/ESP8266/SDK/ESP8266_RTOS_SDK/lib\libc.a(strcpy.o)
                                  0xc (size before relaxing)
 .literal       0x40106e88        0x0 C:/Workspaces/ESP8266/SDK/ESP8266_RTOS_SDK/lib\libc.a(strlen.o)
                                  0xc (size before relaxing)
 .literal       0x40106e88        0x8 C:/Workspaces/ESP8266/SDK/ESP8266_RTOS_SDK/lib\libc.a(strncmp.o)
 .literal       0x40106e90        0x0 C:/Workspaces/ESP8266/SDK/ESP8266_RTOS_SDK/lib\libc.a(strncpy.o)
                                  0xc (size before relaxing)
 .literal       0x40106e90        0x4 C:/Workspaces/ESP8266/SDK/ESP8266_RTOS_SDK/lib\libgcc.a(_mulsf3.o)
                                 0x10 (size before relaxing)
 .literal       0x40106e94        0x0 C:/Workspaces/ESP8266/SDK/ESP8266_RTOS_SDK/lib\libgcc.a(_divsf3.o)
                                 0x10 (size before relaxing)
 .literal       0x40106e94        0x0 C:/Workspaces/ESP8266/SDK/ESP8266_RTOS_SDK/lib\libgcc.a(_fixsfsi.o)
                                  0x4 (size before relaxing)
 .text          0x40106e94       0x83 C:/Workspaces/ESP8266/SDK/ESP8266_RTOS_SDK/lib\libc.a(strcpy.o)
                0x40106e94                strcpy
 *fill*         0x40106f17        0x1 
 .text          0x40106f18       0x5b C:/Workspaces/ESP8266/SDK/ESP8266_RTOS_SDK/lib\libc.a(strlen.o)
                0x40106f18                strlen
 *fill*         0x40106f73        0x1 
 .text          0x40106f74       0xbe C:/Workspaces/ESP8266/SDK/ESP8266_RTOS_SDK/lib\libc.a(strncmp.o)
                0x40106f74                strncmp
 *fill*         0x40107032        0x2 
 .text          0x40107034       0xfa C:/Workspaces/ESP8266/SDK/ESP8266_RTOS_SDK/lib\libc.a(strncpy.o)
                0x4010706c                strncpy
 *fill*         0x4010712e        0x2 
 .text          0x40107130       0xb3 libuser.a(relay_control.o)
                                 0xcb (size before relaxing)
                0x4010713c                initrelaycontrol
                0x40107184                setrelaystate
                0x401071c0                getrelaystate
                0x401071c8                invertrelaystate
 *fill*         0x401071e3        0x1 
 .text          0x401071e4       0xa9 libuser.a(button_interrupt.o)
                                 0xd1 (size before relaxing)
                0x40107250                button_init
 *fill*         0x4010728d        0x3 
 .text          0x40107290       0x17 libuser.a(temperature_sensor.o)
                0x40107294                gettemperature
 *fill*         0x401072a7        0x1 
 .text          0x401072a8      0x125 libuser.a(wifi_communications.o)
                                0x151 (size before relaxing)
                0x401072c4                wifi_handle_event_cb
                0x40107380                conn_AP_Init
 *fill*         0x401073cd        0x3 
 .text          0x401073d0      0x15d C:/Workspaces/ESP8266/SDK/ESP8266_RTOS_SDK/lib\libgcc.a(_mulsf3.o)
                0x40107448                __mulsf3
 *fill*         0x4010752d        0x3 
 .text          0x40107530      0x135 C:/Workspaces/ESP8266/SDK/ESP8266_RTOS_SDK/lib\libgcc.a(_divsf3.o)
                0x401075ac                __divsf3
 *fill*         0x40107665        0x3 
 .text          0x40107668       0x40 C:/Workspaces/ESP8266/SDK/ESP8266_RTOS_SDK/lib\libgcc.a(_fixsfsi.o)
                0x40107668                __fixsfsi
 *fill*         0x401076a8        0x0 
 *fill*         0x401076a8        0x0 
 *fill*         0x401076a8        0x0 
 *fill*         0x401076a8        0x0 
 *fill*         0x401076a8        0x0 
 *fill*         0x401076a8        0x0 
 .text          0x401076a8       0x3d C:/Workspaces/ESP8266/SDK/ESP8266_RTOS_SDK/lib\libmain.a(xtensa_context.o)
                0x401076a8                _xt_context_save
                0x401076c4                _xt_context_restore
 *fill*         0x401076e5        0x3 
 .text          0x401076e8       0x25 C:/Workspaces/ESP8266/SDK/ESP8266_RTOS_SDK/lib\libnet80211.a(ieee80211_hostap.o)
 *fill*         0x4010770d        0x0 
 *fill*         0x4010770d        0x0 
 *fill*         0x4010770d        0x0 
 *fill*         0x4010770d        0x0 
 *fill*         0x4010770d        0x0 
 *fill*         0x4010770d        0x0 
 *fill*         0x4010770d        0x0 
 *fill*         0x4010770d        0x0 
 *fill*         0x4010770d        0x0 
 *fill*         0x4010770d        0x3 
 .text          0x40107710       0x20 C:/Workspaces/ESP8266/SDK/ESP8266_RTOS_SDK/lib\libhal.a(clock.o)
                0x40107710                xthal_get_ccount
                0x40107718                xthal_set_ccompare
                0x40107724                xthal_get_ccompare
 .text          0x40107730        0x5 C:/Workspaces/ESP8266/SDK/ESP8266_RTOS_SDK/lib\libhal.a(int_asm--set_intset.o)
                0x40107730                xthal_set_intset
 *fill*         0x40107735        0x3 
 .text          0x40107738       0x22 C:/Workspaces/ESP8266/SDK/ESP8266_RTOS_SDK/lib\libc.a(bzero.o)
                0x40107738                bzero
 *fill*         0x4010775a        0x2 
 .text          0x4010775c       0x59 C:/Workspaces/ESP8266/SDK/ESP8266_RTOS_SDK/lib\libc.a(memcmp.o)
                0x4010775c                memcmp
 *fill*         0x401077b5        0x3 
 .text          0x401077b8      0x145 C:/Workspaces/ESP8266/SDK/ESP8266_RTOS_SDK/lib\libc.a(memcpy.o)
                0x401077fc                memcpy
 *fill*         0x401078fd        0x3 
 .text          0x40107900       0x7c C:/Workspaces/ESP8266/SDK/ESP8266_RTOS_SDK/lib\libc.a(memset.o)
                0x4010792c                memset
 *fill*         0x4010797c        0x0 
 *fill*         0x4010797c        0x0 
 *fill*         0x4010797c        0x0 
 *fill*         0x4010797c        0x0 
 *fill*         0x4010797c        0x0 
 *fill*         0x4010797c        0x0 
 *fill*         0x4010797c        0x0 
 *fill*         0x4010797c        0x0 
 .text          0x4010797c       0x49 C:/Workspaces/ESP8266/SDK/ESP8266_RTOS_SDK/lib\libgcc.a(_modsi3.o)
                0x4010797c                __modsi3
 *fill*         0x401079c5        0x3 
 .text          0x401079c8       0x18 C:/Workspaces/ESP8266/SDK/ESP8266_RTOS_SDK/lib\libgcc.a(_ashrdi3.o)
                0x401079c8                __ashrdi3
 *fill*         0x401079e0        0x0 
 *fill*         0x401079e0        0x0 
 *(.fini.literal)
 *(.fini)
 *(.gnu.version)
                0x401079e0                _text_end = ABSOLUTE (.)
                0x401079e0                _etext = .

.lit4           0x401079e0        0x0
                0x401079e0                _lit4_start = ABSOLUTE (.)
 *(*.lit4)
 *(.lit4.*)
 *(.gnu.linkonce.lit4.*)
                0x401079e0                _lit4_end = ABSOLUTE (.)

.irom0.text     0x40220000    0x37d2d
                0x40220000                _irom0_text_start = ABSOLUTE (.)
 *(.irom0.literal .irom.literal .irom.text.literal .irom0.text .irom.text)
 .irom0.text    0x40220000      0xb8e C:/Workspaces/ESP8266/SDK/ESP8266_RTOS_SDK/lib\libmain.a(app_main.o)
                                0xd96 (size before relaxing)
                0x402201fc                user_uart_wait_tx_fifo_empty
                0x40220338                uart_rx_one_char
                0x4022035c                wdt_init
                0x402203e4                user_init_task
                0x40220450                wifi_set_backup_mac
                0x40220454                user_rf_pre_init
                0x40220458                system_phy_freq_trace_enable
                0x40220470                flash_data_check
                0x40220b3c                vApplicationStackOverflowHook
                0x40220b70                vApplicationTickHook
 *fill*         0x40220b8e        0x2 
 .irom0.text    0x40220b90      0x4bb C:/Workspaces/ESP8266/SDK/ESP8266_RTOS_SDK/lib\libmain.a(ets_timer.o)
                                0x593 (size before relaxing)
                0x40220c4c                os_timer_setfn
                0x40220c4c                ets_timer_setfn
                0x40220d20                ets_timer_disarm
                0x40220d20                os_timer_disarm
                0x40220d90                ets_timer_arm_ms_us
                0x40220e54                os_timer_arm_us
                0x40220e54                ets_timer_arm_us
                0x40220e68                os_timer_arm
                0x40220e68                ets_timer_arm
                0x40220e7c                ets_timer_done
                0x40220eac                ets_timer_handler_isr
                0x40220fd4                ets_timer_init
 *fill*         0x4022104b        0x1 
 .irom0.text    0x4022104c       0xf7 C:/Workspaces/ESP8266/SDK/ESP8266_RTOS_SDK/lib\libmain.a(misc.o)
                                0x10b (size before relaxing)
                0x40221054                ets_delay_us
                0x40221054                os_delay_us
                0x40221088                ets_update_cpu_frequency
                0x40221088                os_update_cpu_frequency
                0x40221090                os_get_cpu_frequency
                0x4022109c                os_install_putc1
                0x402210a4                os_putc
                0x402210bc                gpio_output_set
                0x402210e0                rtc_get_reset_reason
                0x40221128                bit_popcount
 *fill*         0x40221143        0x1 
 .irom0.text    0x40221144       0x46 C:/Workspaces/ESP8266/SDK/ESP8266_RTOS_SDK/lib\libmain.a(uart.o)
                                 0x4e (size before relaxing)
                0x40221144                uart_buff_switch
                0x40221150                uart_div_modify
                0x40221188                Uart_Init
 *fill*         0x4022118a        0x2 
 .irom0.text    0x4022118c     0x39b9 C:/Workspaces/ESP8266/SDK/ESP8266_RTOS_SDK/lib\libmain.a(user_interface.o)
                               0x45e5 (size before relaxing)
                0x40221378                system_pp_recycle_rx_pkt
                0x40221394                system_adc_read
                0x402213d4                system_adc_read_fast
                0x40221434                system_get_vdd33
                0x40221464                system_restart
                0x402214c0                system_restore
                0x40221524                system_get_flash_size_map
                0x40221544                system_get_boot_version
                0x4022157c                system_get_test_result
                0x402215a4                system_get_userbin_addr
                0x4022163c                system_get_boot_mode
                0x4022166c                system_restart_enhance
                0x40221798                system_upgrade_userbin_set
                0x402217e4                system_upgrade_userbin_check
                0x40221820                system_upgrade_flag_set
                0x40221834                system_upgrade_flag_check
                0x40221840                spi_flash_erase_protect_enable
                0x40221868                spi_flash_erase_protect_disable
                0x40221878                spi_flash_erase_sector_check
                0x40221904                system_get_current_sumlength
                0x4022197c                get_irom0_bin_len
                0x402219e4                get_flash_bin_len
                0x40221cb4                system_upgrade_reboot
                0x40221ddc                system_deep_sleep_instant
                0x40221f74                system_deep_sleep
                0x40221fac                system_deep_sleep_set_option
                0x40221fc8                system_phy_temperature_alert
                0x40221fdc                system_phy_set_max_tpw
                0x40221ff0                system_phy_set_tpw_via_vdd33
                0x40222004                system_phy_set_rfoption
                0x40222018                system_update_cpu_freq
                0x40222070                system_get_cpu_freq
                0x40222088                system_overclock
                0x402220b4                system_restoreclock
                0x402220e8                system_get_time
                0x402220fc                system_relative_time
                0x40222118                system_station_got_ip_set
                0x40222244                system_print_meminfo
                0x402222a4                system_get_free_heap_size
                0x402222b8                system_get_chip_id
                0x402222dc                system_rtc_clock_cali_proc
                0x402222f0                system_get_rtc_time
                0x402222fc                system_get_rst_info
                0x40222304                system_get_data_of_array_8
                0x40222328                system_get_data_of_array_16
                0x40222354                system_get_string_from_flash
                0x402223c0                wifi_get_netif
                0x402223dc                wifi_softap_dhcps_start
                0x40222438                wifi_softap_dhcps_stop
                0x4022248c                wifi_softap_dhcps_status
                0x40222494                wifi_station_dhcpc_start
                0x40222504                wifi_station_dhcpc_stop
                0x4022255c                wifi_station_dhcpc_event
                0x402225bc                wifi_station_dhcpc_set_maxtry
                0x402225cc                wifi_station_dhcpc_status
                0x40222650                wifi_get_opmode
                0x40222664                wifi_get_opmode_default
                0x402227b4                wifi_set_opmode
                0x402227c8                wifi_set_opmode_current
                0x402227dc                system_get_checksum
                0x40222820                wifi_param_save_protect_with_check
                0x402228f4                system_param_save_with_protect
                0x402229a4                system_save_sys_param
                0x402229cc                system_param_load
                0x40222b08                wifi_station_get_config
                0x40222b1c                wifi_station_get_config_default
                0x40222b3c                wifi_station_get_ap_info
                0x40222c04                wifi_station_ap_number_set
                0x40222f0c                wifi_station_set_config
                0x40222f20                wifi_station_set_config_current
                0x40222f34                wifi_station_get_current_ap_id
                0x40222f48                wifi_station_ap_check
                0x40222f80                wifi_station_ap_change
                0x402230a4                wifi_station_scan
                0x40223104                wifi_station_get_auto_connect
                0x40223118                wifi_station_set_auto_connect
                0x40223168                wifi_station_connect
                0x40223218                wifi_station_disconnect
                0x402232fc                wifi_station_recon_stop_dhcp
                0x40223324                wifi_station_get_connect_status
                0x40223354                wifi_station_set_reconnect_policy
                0x4022337c                wifi_station_get_reconnect_policy
                0x40223384                wifi_station_get_rssi
                0x402233d4                wifi_station_set_default_hostname
                0x4022343c                wifi_station_get_hostname
                0x4022346c                wifi_station_set_hostname
                0x40223508                wifi_softap_cacl_mac
                0x40223578                wifi_softap_set_default_ssid
                0x4022376c                wifi_softap_get_config
                0x40223780                wifi_softap_get_config_default
                0x40223a0c                wifi_softap_set_config
                0x40223a20                wifi_softap_set_config_current
                0x40223a34                wifi_softap_set_station_info
                0x40223aac                wifi_softap_get_station_info
                0x40223b78                wifi_softap_free_station_info
                0x40223bcc                wifi_softap_get_station_num
                0x40223c1c                wifi_softap_deauth
                0x40223d28                wifi_register_user_ie_manufacturer_recv_cb
                0x40223d3c                wifi_unregister_user_ie_manufacturer_recv_cb
                0x40223d74                wifi_set_user_ie
                0x40223e84                wifi_get_user_ie
                0x40223eb4                wifi_register_vnd_ie_recv_cb
                0x40223ec8                wifi_unregister_vnd_ie_recv_cb
                0x40223ee8                wifi_set_vnd_ie
                0x40223fd8                wifi_get_vnd_ie
                0x40223ff4                wifi_get_phy_mode
                0x40223ffc                wifi_set_phy_mode
                0x402240d0                wifi_set_sleep_type
                0x402240ec                wifi_enable_gpio_wakeup
                0x40224110                wifi_disable_gpio_wakeup
                0x40224124                wifi_get_sleep_type
                0x4022413c                wifi_get_channel
                0x40224170                wifi_set_channel
                0x402241f4                wifi_promiscuous_set_mac
                0x40224264                wifi_promiscuous_enable
                0x4022435c                wifi_set_promiscuous_rx_cb
                0x40224368                wifi_get_ip_info
                0x402243f8                wifi_set_ip_info
                0x4022448c                wifi_create_linklocal_ip
                0x402244bc                wifi_get_linklocal_ip
                0x402244f0                wifi_get_ipinfo_v6
                0x4022452c                wifi_get_macaddr
                0x40224598                wifi_set_macaddr
                0x402246d8                wifi_enable_6m_rate
                0x402246fc                wifi_get_user_fixed_rate
                0x4022473c                wifi_set_user_fixed_rate
                0x4022477c                wifi_set_user_sup_rate
                0x402247c8                wifi_get_user_limit_rate_mask
                0x402247ec                wifi_set_user_limit_rate_mask
                0x40224820                wifi_register_send_pkt_freedom_cb
                0x4022484c                wifi_unregister_send_pkt_freedom_cb
                0x4022486c                wifi_send_pkt_freedom
                0x402248cc                wifi_rfid_locp_recv_open
                0x402248f0                wifi_rfid_locp_recv_close
                0x40224910                wifi_register_rfid_locp_recv_cb
                0x40224938                wifi_unregister_rfid_locp_recv_cb
                0x4022495c                wifi_status_led_install
                0x402249b4                wifi_status_led_uninstall
                0x402249e8                wifi_set_status_led_output_level
                0x40224a38                wifi_set_event_handler_cb
                0x40224aa8                system_uart_swap
                0x40224b08                system_uart_de_swap
                0x40224b40                system_get_sdk_version
 *fill*         0x40224b45        0x3 
 .irom0.text    0x40224b48       0x12 C:/Workspaces/ESP8266/SDK/ESP8266_RTOS_SDK/lib\libfreertos.a(heap_4.o)
                0x40224b48                check_memleak_debug_enable
                0x40224b50                xPortGetFreeHeapSize
                0x40224b58                vPortInitialiseBlocks
 *fill*         0x40224b5a        0x2 
 .irom0.text    0x40224b5c       0x97 C:/Workspaces/ESP8266/SDK/ESP8266_RTOS_SDK/lib\libfreertos.a(port.o)
                                 0xa3 (size before relaxing)
                0x40224b60                pxPortInitialiseStack
                0x40224ba0                xPortStartScheduler
                0x40224bd8                vPortEndScheduler
                0x40224bdc                ResetCcountVal
                0x40224be4                _xt_isr_attach
 *fill*         0x40224bf3        0x1 
 .irom0.text    0x40224bf4      0x722 C:/Workspaces/ESP8266/SDK/ESP8266_RTOS_SDK/lib\libfreertos.a(queue.o)
                                0x886 (size before relaxing)
                0x40224c90                xQueueGenericReset
                0x40224d18                xQueueGenericCreate
                0x40224d8c                xQueueCreateCountingSemaphore
                0x40224db4                xQueueGenericSend
                0x40224edc                xQueueCreateMutex
                0x40224f44                xQueueGiveMutexRecursive
                0x40224f80                xQueueGenericSendFromISR
                0x40224fec                xQueueGenericReceive
                0x40225154                xQueueTakeMutexRecursive
                0x40225198                xQueueReceiveFromISR
                0x40225204                xQueuePeekFromISR
                0x40225234                uxQueueMessagesWaiting
                0x40225264                vQueueDelete
                0x40225294                xQueueIsQueueEmptyFromISR
                0x402252a4                xQueueIsQueueFullFromISR
                0x402252b8                vQueueWaitForMessageRestricted
 *fill*         0x40225316        0x2 
 .irom0.text    0x40225318      0xc1c C:/Workspaces/ESP8266/SDK/ESP8266_RTOS_SDK/lib\libfreertos.a(tasks.o)
                                0xeac (size before relaxing)
                0x402253d4                xTaskGenericCreate
                0x402255ac                vTaskDelete
                0x40225634                uxTaskPriorityGet
                0x40225664                vTaskPrioritySet
                0x40225738                xTaskIsTaskSuspended
                0x4022575c                vTaskResume
                0x402257e0                xTaskResumeFromISR
                0x40225870                vTaskStartScheduler
                0x402258d8                vTaskEndScheduler
                0x402258f8                vTaskSuspendAll
                0x4022590c                prvGetExpectedIdleTime
                0x40225938                xTaskGetTickCount
                0x40225960                xTaskGetTickCountFromISR
                0x4022596c                uxTaskGetNumberOfTasks
                0x40225978                xTaskGetIdleTaskHandle
                0x40225980                vTaskStepTick
                0x402259a0                xTaskResumeAll
                0x40225aa0                vTaskDelayUntil
                0x40225b10                vTaskDelay
                0x40225c00                vTaskSuspend
                0x40225c94                vTaskPlaceOnEventList
                0x40225cec                vTaskPlaceOnEventListRestricted
                0x40225d30                xTaskRemoveFromEventList
                0x40225dac                vTaskSetTimeOutState
                0x40225dc4                xTaskCheckForTimeOut
                0x40225e24                vTaskMissedYield
                0x40225e30                eTaskConfirmSleepModeStatus
                0x40225e4c                uxTaskGetStackHighWaterMark
                0x40225e74                xTaskGetCurrentTaskHandle
                0x40225e80                xTaskGetSchedulerState
                0x40225ea0                vTaskPriorityInherit
 .irom0.text    0x40225f34      0x3c4 C:/Workspaces/ESP8266/SDK/ESP8266_RTOS_SDK/lib\libfreertos.a(timers.o)
                                0x48c (size before relaxing)
                0x40225ff0                xTimerCreateTimerTask
                0x40226048                xTimerCreate
                0x402260a4                xTimerGenericCommand
                0x402262c0                xTimerGetTimerDaemonTaskHandle
                0x402262c8                xTimerIsTimerActive
                0x402262f4                pvTimerGetTimerID
 .irom0.text    0x402262f8      0x4c1 C:/Workspaces/ESP8266/SDK/ESP8266_RTOS_SDK/lib\libnet80211.a(ieee80211.o)
                                0x591 (size before relaxing)
                0x40226384                ieee80211_rate_ref_init
                0x4022639c                ieee80211_freedom_inside_cb
                0x402263cc                ieee80211_freedom_init
                0x402263f4                ieee80211_ie_ref_init
                0x4022642c                ieee80211_ifattach
                0x40226498                ieee80211_mhz2ieee
                0x402264f4                ieee80211_chan2ieee
                0x40226510                ieee80211_ieee2mhz
                0x40226550                ieee80211_find_channel
                0x4022657c                ieee80211_find_channel_byieee
                0x402265d0                wifi_mode_set
 *fill*         0x402267b9        0x3 
 .irom0.text    0x402267bc       0xcf C:/Workspaces/ESP8266/SDK/ESP8266_RTOS_SDK/lib\libnet80211.a(ieee80211_crypto.o)
                                 0xd7 (size before relaxing)
                0x402267bc                ieee80211_crypto_attach
                0x402267c0                ieee80211_crypto_available
                0x402267c4                ieee80211_crypto_setkey
                0x402267c8                ieee80211_crypto_encap
                0x40226820                ieee80211_crypto_decap
 *fill*         0x4022688b        0x1 
 .irom0.text    0x4022688c     0x1bb3 C:/Workspaces/ESP8266/SDK/ESP8266_RTOS_SDK/lib\libnet80211.a(ieee80211_hostap.o)
                               0x21ab (size before relaxing)
                0x40226da4                ieee80211_hostap_attach
                0x40226ef8                hostap_handle_timer
                0x40226f98                hostap_input
                0x40227c94                freqcal_scan_done
                0x402280e4                wifi_softap_start
                0x402282c4                wifi_softap_stop
 *fill*         0x4022843f        0x1 
 .irom0.text    0x40228440      0xa6a C:/Workspaces/ESP8266/SDK/ESP8266_RTOS_SDK/lib\libnet80211.a(ieee80211_ht.o)
                                0xb22 (size before relaxing)
                0x40228450                ieee80211_ht_attach
                0x402284a0                ieee80211_ht_node_init
                0x402284dc                ieee80211_ht_node_cleanup
                0x40228514                ieee80211_parse_htcap
                0x402285f8                ieee80211_ht_updateparams
                0x4022870c                ieee80211_setup_htrates
                0x402287d8                ieee80211_setup_basic_htrates
                0x40228b10                ieee80211_add_htcap
                0x40228b2c                ieee80211_add_htcap_vendor
                0x40228c50                ieee80211_add_htinfo
                0x40228c6c                ieee80211_add_htinfo_vendor
 *fill*         0x40228eaa        0x2 
 .irom0.text    0x40228eac      0xb18 C:/Workspaces/ESP8266/SDK/ESP8266_RTOS_SDK/lib\libnet80211.a(ieee80211_input.o)
                                0xbdc (size before relaxing)
                0x40228eac                ieee80211_deliver_data
                0x40228f48                ieee80211_decap
                0x4022904c                ieee80211_setup_rates
                0x402290bc                ieee80211_alloc_challenge
                0x402290f8                ieee80211_parse_beacon
                0x40229718                ieee80211_parse_wpa
                0x4022982c                ieee80211_parse_rsn
                0x40229924                ieee80211_parse_action
                0x402299c0                ieee80211_setup_rateset
 .irom0.text    0x402299c4      0x2a6 C:/Workspaces/ESP8266/SDK/ESP8266_RTOS_SDK/lib\libnet80211.a(ieee80211_mesh_quick.o)
                                0x302 (size before relaxing)
                0x402299d0                ieee80211_mesh_quick_init
                0x40229a40                ieee80211_mesh_quick_deinit
                0x40229a70                ieee80211_mesh_quick_set
                0x40229b6c                ieee80211_mesh_quick_get
                0x40229c38                ieee80211_mesh_quick_ie_add
 *fill*         0x40229c6a        0x2 
 .irom0.text    0x40229c6c     0x1ed8 C:/Workspaces/ESP8266/SDK/ESP8266_RTOS_SDK/lib\libnet80211.a(ieee80211_output.o)
                               0x22b4 (size before relaxing)
                0x40229c84                ieee80211_output_pbuf
                0x40229f30                ieee80211_send_setup
                0x4022a070                ieee80211_mgmt_output
                0x4022a160                ieee80211_tx_mgt_cb
                0x4022a168                ieee80211_send_nulldata
                0x4022a5f0                ieee80211_add_rates
                0x4022a640                ieee80211_add_xrates
                0x4022a6e8                ieee80211_send_probereq
                0x4022a984                ieee80211_getcapinfo
                0x4022a9e0                ieee80211_send_mgmt
                0x4022b080                ieee80211_alloc_proberesp
                0x4022b2a4                ieee80211_send_proberesp
                0x4022b3f8                ieee80211_alloc_deauth
                0x4022b438                ieee80211_send_deauth
                0x4022b580                ieee80211_freedom_output
                0x4022b998                ieee80211_beacon_alloc
 .irom0.text    0x4022bb44       0xe0 C:/Workspaces/ESP8266/SDK/ESP8266_RTOS_SDK/lib\libnet80211.a(ieee80211_phy.o)
                                0x108 (size before relaxing)
                0x4022bb44                ieee80211_phy_init
                0x4022bb78                ieee80211_phy_type_get
                0x4022bb94                ieee80211_setup_ratetable
 .irom0.text    0x4022bc24      0x1aa C:/Workspaces/ESP8266/SDK/ESP8266_RTOS_SDK/lib\libnet80211.a(ieee80211_power.o)
                                0x1ee (size before relaxing)
                0x4022bc24                ieee80211_psq_init
                0x4022bc30                ieee80211_psq_cleanup
                0x4022bc34                ieee80211_set_tim
                0x4022bc74                ieee80211_pwrsave
                0x4022bcdc                pwrsave_flushq
                0x4022bd98                ieee80211_node_pwrsave
 *fill*         0x4022bdce        0x2 
 .irom0.text    0x4022bdd0       0xf7 C:/Workspaces/ESP8266/SDK/ESP8266_RTOS_SDK/lib\libnet80211.a(ieee80211_proto.o)
                                0x127 (size before relaxing)
                0x4022bdd4                ieee80211_proto_attach
                0x4022bdfc                ieee80211_set_shortslottime
                0x4022be18                ieee80211_iserp_rateset
                0x4022be4c                ieee80211_wme_initparams
                0x4022be50                ieee80211_wme_updateparams
                0x4022be58                ieee80211_mlme_connect_bss
 *fill*         0x4022bec7        0x1 