Archive member included because of file (symbol)

C:/Workspaces/ESP8266/SDK/ESP8266_RTOS_SDK/lib\libmain.a(xtensa_vectors.o)
                              (call_user_start)
C:/Workspaces/ESP8266/SDK/ESP8266_RTOS_SDK/lib\libmain.a(app_main.o)
                              C:/Workspaces/ESP8266/SDK/ESP8266_RTOS_SDK/lib\libmain.a(xtensa_vectors.o) (user_fatal_exception_handler)
C:/Workspaces/ESP8266/SDK/ESP8266_RTOS_SDK/lib\libmain.a(ets_timer.o)
                              C:/Workspaces/ESP8266/SDK/ESP8266_RTOS_SDK/lib\libmain.a(app_main.o) (ets_timer_init)
C:/Workspaces/ESP8266/SDK/ESP8266_RTOS_SDK/lib\libmain.a(misc.o)
                              C:/Workspaces/ESP8266/SDK/ESP8266_RTOS_SDK/lib\libmain.a(app_main.o) (_putc1)
C:/Workspaces/ESP8266/SDK/ESP8266_RTOS_SDK/lib\libmain.a(printf-stdarg.o)
                              C:/Workspaces/ESP8266/SDK/ESP8266_RTOS_SDK/lib\libmain.a(app_main.o) (printf)
C:/Workspaces/ESP8266/SDK/ESP8266_RTOS_SDK/lib\libmain.a(spi_flash.o)
                              C:/Workspaces/ESP8266/SDK/ESP8266_RTOS_SDK/lib\libmain.a(app_main.o) (flashchip)
C:/Workspaces/ESP8266/SDK/ESP8266_RTOS_SDK/lib\libmain.a(uart.o)
                              C:/Workspaces/ESP8266/SDK/ESP8266_RTOS_SDK/lib\libmain.a(app_main.o) (uart_div_modify)
C:/Workspaces/ESP8266/SDK/ESP8266_RTOS_SDK/lib\libmain.a(user_interface.o)
                              C:/Workspaces/ESP8266/SDK/ESP8266_RTOS_SDK/lib\libmain.a(spi_flash.o) (protect_flag)
C:/Workspaces/ESP8266/SDK/ESP8266_RTOS_SDK/lib\libmain.a(os_cpu_a.o)
                              C:/Workspaces/ESP8266/SDK/ESP8266_RTOS_SDK/lib\libmain.a(xtensa_vectors.o) (_xt_int_enter)
C:/Workspaces/ESP8266/SDK/ESP8266_RTOS_SDK/lib\libmain.a(xtensa_context.o)
                              C:/Workspaces/ESP8266/SDK/ESP8266_RTOS_SDK/lib\libmain.a(os_cpu_a.o) (_xt_context_save)
C:/Workspaces/ESP8266/SDK/ESP8266_RTOS_SDK/lib\libfreertos.a(heap_4.o)
                              C:/Workspaces/ESP8266/SDK/ESP8266_RTOS_SDK/lib\libmain.a(printf-stdarg.o) (xPortWantedSizeAlign)
C:/Workspaces/ESP8266/SDK/ESP8266_RTOS_SDK/lib\libfreertos.a(port.o)
                              C:/Workspaces/ESP8266/SDK/ESP8266_RTOS_SDK/lib\libmain.a(os_cpu_a.o) (xPortSysTickHandle)
C:/Workspaces/ESP8266/SDK/ESP8266_RTOS_SDK/lib\libfreertos.a(queue.o)
                              C:/Workspaces/ESP8266/SDK/ESP8266_RTOS_SDK/lib\libmain.a(ets_timer.o) (xQueueGenericCreate)
C:/Workspaces/ESP8266/SDK/ESP8266_RTOS_SDK/lib\libfreertos.a(tasks.o)
                              C:/Workspaces/ESP8266/SDK/ESP8266_RTOS_SDK/lib\libmain.a(os_cpu_a.o) (pxCurrentTCB)
C:/Workspaces/ESP8266/SDK/ESP8266_RTOS_SDK/lib\libfreertos.a(timers.o)
                              C:/Workspaces/ESP8266/SDK/ESP8266_RTOS_SDK/lib\libfreertos.a(tasks.o) (xTimerCreateTimerTask)
C:/Workspaces/ESP8266/SDK/ESP8266_RTOS_SDK/lib\libfreertos.a(list.o)
                              C:/Workspaces/ESP8266/SDK/ESP8266_RTOS_SDK/lib\libfreertos.a(queue.o) (vListInitialise)
C:/Workspaces/ESP8266/SDK/ESP8266_RTOS_SDK/lib\libnet80211.a(ieee80211.o)
                              C:/Workspaces/ESP8266/SDK/ESP8266_RTOS_SDK/lib\libmain.a(app_main.o) (g_ic)
C:/Workspaces/ESP8266/SDK/ESP8266_RTOS_SDK/lib\libnet80211.a(ieee80211_crypto.o)
                              C:/Workspaces/ESP8266/SDK/ESP8266_RTOS_SDK/lib\libnet80211.a(ieee80211.o) (ieee80211_crypto_attach)
C:/Workspaces/ESP8266/SDK/ESP8266_RTOS_SDK/lib\libnet80211.a(ieee80211_hostap.o)
                              C:/Workspaces/ESP8266/SDK/ESP8266_RTOS_SDK/lib\libmain.a(user_interface.o) (BcnEb_update)
C:/Workspaces/ESP8266/SDK/ESP8266_RTOS_SDK/lib\libnet80211.a(ieee80211_ht.o)
                              C:/Workspaces/ESP8266/SDK/ESP8266_RTOS_SDK/lib\libmain.a(user_interface.o) (ieee80211_ht_attach)
C:/Workspaces/ESP8266/SDK/ESP8266_RTOS_SDK/lib\libnet80211.a(ieee80211_input.o)
                              C:/Workspaces/ESP8266/SDK/ESP8266_RTOS_SDK/lib\libnet80211.a(ieee80211_hostap.o) (ieee80211_decap)
C:/Workspaces/ESP8266/SDK/ESP8266_RTOS_SDK/lib\libnet80211.a(ieee80211_mesh_quick.o)
                              C:/Workspaces/ESP8266/SDK/ESP8266_RTOS_SDK/lib\libnet80211.a(ieee80211_hostap.o) (ieee80211_mesh_quick_get)
C:/Workspaces/ESP8266/SDK/ESP8266_RTOS_SDK/lib\libnet80211.a(ieee80211_output.o)
                              C:/Workspaces/ESP8266/SDK/ESP8266_RTOS_SDK/lib\libnet80211.a(ieee80211_ht.o) (ieee80211_mgmt_output)
C:/Workspaces/ESP8266/SDK/ESP8266_RTOS_SDK/lib\libnet80211.a(ieee80211_phy.o)
                              C:/Workspaces/ESP8266/SDK/ESP8266_RTOS_SDK/lib\libmain.a(app_main.o) (ieee80211_phy_init)
C:/Workspaces/ESP8266/SDK/ESP8266_RTOS_SDK/lib\libnet80211.a(ieee80211_power.o)
                              C:/Workspaces/ESP8266/SDK/ESP8266_RTOS_SDK/lib\libnet80211.a(ieee80211_hostap.o) (ieee80211_psq_init)
C:/Workspaces/ESP8266/SDK/ESP8266_RTOS_SDK/lib\libnet80211.a(ieee80211_proto.o)
[...]
Memory Configuration

Name             Origin             Length             Attributes
dport0_0_seg     0x3ff00000         0x00000010
dram0_0_seg      0x3ffe8000         0x00018000
iram1_0_seg      0x40100000         0x00008000
irom0_0_seg      0x40220000         0x0005c000
*default*        0x00000000         0xffffffff

Linker script and memory map

START GROUP
LOAD C:/Workspaces/ESP8266/SDK/ESP8266_RTOS_SDK/lib\libmain.a
LOAD C:/Workspaces/ESP8266/SDK/ESP8266_RTOS_SDK/lib\libgcc.a
LOAD C:/Workspaces/ESP8266/SDK/ESP8266_RTOS_SDK/lib\libfreertos.a
LOAD C:/Workspaces/ESP8266/SDK/ESP8266_RTOS_SDK/lib\libnet80211.a
LOAD C:/Workspaces/ESP8266/SDK/ESP8266_RTOS_SDK/lib\libphy.a
LOAD C:/Workspaces/ESP8266/SDK/ESP8266_RTOS_SDK/lib\libwpa.a
LOAD C:/Workspaces/ESP8266/SDK/ESP8266_RTOS_SDK/lib\libcrypto.a
LOAD C:/Workspaces/ESP8266/SDK/ESP8266_RTOS_SDK/lib\liblwip.a
LOAD C:/Workspaces/ESP8266/SDK/ESP8266_RTOS_SDK/lib\libpp.a
LOAD C:/Workspaces/ESP8266/SDK/ESP8266_RTOS_SDK/lib\libminic.a
LOAD C:/Workspaces/ESP8266/SDK/ESP8266_RTOS_SDK/lib\libhal.a
LOAD libuser.a
END GROUP
                0x40000000                PROVIDE (_memmap_vecbase_reset, 0x40000000)
                0x00000110                _memmap_cacheattr_wb_base = 0x110
                0x00000110                _memmap_cacheattr_wt_base = 0x110
                0x00000220                _memmap_cacheattr_bp_base = 0x220
                0xfffff00f                _memmap_cacheattr_unused_mask = 0xfffff00f
                0x2222211f                _memmap_cacheattr_wb_trapnull = 0x2222211f
                0x2222211f                _memmap_cacheattr_wba_trapnull = 0x2222211f
                0x2222211f                _memmap_cacheattr_wbna_trapnull = 0x2222211f
                0x2222211f                _memmap_cacheattr_wt_trapnull = 0x2222211f
                0x2222222f                _memmap_cacheattr_bp_trapnull = 0x2222222f
                0xfffff11f                _memmap_cacheattr_wb_strict = 0xfffff11f
                0xfffff11f                _memmap_cacheattr_wt_strict = 0xfffff11f
                0xfffff22f                _memmap_cacheattr_bp_strict = 0xfffff22f
                0x22222112                _memmap_cacheattr_wb_allvalid = 0x22222112
                0x22222112                _memmap_cacheattr_wt_allvalid = 0x22222112
                0x22222222                _memmap_cacheattr_bp_allvalid = 0x22222222
                0x2222211f                PROVIDE (_memmap_cacheattr_reset, _memmap_cacheattr_wb_trapnull)

.dport0.rodata  0x3ff00000        0x0
                0x3ff00000                _dport0_rodata_start = ABSOLUTE (.)
 *(.dport0.rodata)
 *(.dport.rodata)
                0x3ff00000                _dport0_rodata_end = ABSOLUTE (.)

.dport0.literal
                0x3ff00000        0x0
                0x3ff00000                _dport0_literal_start = ABSOLUTE (.)
 *(.dport0.literal)
 *(.dport.literal)
                0x3ff00000                _dport0_literal_end = ABSOLUTE (.)

.dport0.data    0x3ff00000        0x0
                0x3ff00000                _dport0_data_start = ABSOLUTE (.)
 *(.dport0.data)
 *(.dport.data)
                0x3ff00000                _dport0_data_end = ABSOLUTE (.)

.data           0x3ffe8000      0x3a2
                0x3ffe8000                _data_start = ABSOLUTE (.)
 *(.data)
 .data          0x3ffe8000        0x8 C:/Workspaces/ESP8266/SDK/ESP8266_RTOS_SDK/lib\libmain.a(xtensa_vectors.o)
                0x3ffe8000                _Pri_3_HandlerAddress
                0x3ffe8004                _Pri_3_NMICount
 .data          0x3ffe8008        0x2 C:/Workspaces/ESP8266/SDK/ESP8266_RTOS_SDK/lib\libmain.a(app_main.o)
                0x3ffe8009                init_hw_wdt
 *fill*         0x3ffe800a        0x2 
 .data          0x3ffe800c        0x4 C:/Workspaces/ESP8266/SDK/ESP8266_RTOS_SDK/lib\libmain.a(misc.o)
 .data          0x3ffe8010       0x18 C:/Workspaces/ESP8266/SDK/ESP8266_RTOS_SDK/lib\libmain.a(spi_flash.o)
                0x3ffe8010                flashchip
 .data          0x3ffe8028        0x8 C:/Workspaces/ESP8266/SDK/ESP8266_RTOS_SDK/lib\libmain.a(user_interface.o)
                0x3ffe8028                bin_sum_len
                0x3ffe802c                dhcps_flag
                0x3ffe802d                dhcpc_flag
                0x3ffe802e                stop_netif_flag
                0x3ffe802f                reconnect_internal
 .data          0x3ffe8030        0x1 C:/Workspaces/ESP8266/SDK/ESP8266_RTOS_SDK/lib\libnet80211.a(ieee80211_hostap.o)
                0x3ffe8030                TmpSTAAPCloseAP
 *fill*         0x3ffe8031        0x3 
 .data          0x3ffe8034        0x1 C:/Workspaces/ESP8266/SDK/ESP8266_RTOS_SDK/lib\libnet80211.a(ieee80211_scan.o)
                0x3ffe8034                TestStaFreqCalValOK
 *fill*         0x3ffe8035        0x3 
 .data          0x3ffe8038        0x1 C:/Workspaces/ESP8266/SDK/ESP8266_RTOS_SDK/lib\libnet80211.a(wl_cnx.o)
 *fill*         0x3ffe8039        0x7 
 .data          0x3ffe8040       0x1c C:/Workspaces/ESP8266/SDK/ESP8266_RTOS_SDK/lib\libnet80211.a(ieee80211_action.o)
 *fill*         0x3ffe805c        0x4 
 .data          0x3ffe8060       0x53 C:/Workspaces/ESP8266/SDK/ESP8266_RTOS_SDK/lib\libphy.a(phy_chip_v6.o)
                0x3ffe8062                tx_rf_ana_gain
                0x3ffe8090                rx_gain_swp
                0x3ffe80b0                test_rffreq_txcap
 *fill*         0x3ffe80b3        0x1 
 .data          0x3ffe80b4        0x1 C:/Workspaces/ESP8266/SDK/ESP8266_RTOS_SDK/lib\libphy.a(phy_chip_v6_cal.o)
                0x3ffe80b4                rfcal_bb_atten_init
 *fill*         0x3ffe80b5        0x3 
 .data          0x3ffe80b8        0x4 C:/Workspaces/ESP8266/SDK/ESP8266_RTOS_SDK/lib\libphy.a(phy_sleep.o)
                0x3ffe80b8                chip_version
 .data          0x3ffe80bc        0x4 C:/Workspaces/ESP8266/SDK/ESP8266_RTOS_SDK/lib\libphy.a(phy_chip_v5_romfunc.o)
                0x3ffe80bc                g_phyFuns
 .data          0x3ffe80c0        0x7 C:/Workspaces/ESP8266/SDK/ESP8266_RTOS_SDK/lib\libphy.a(phy_chip_v5_cal_romfunc.o)
 *fill*         0x3ffe80c7        0x1 
 .data          0x3ffe80c8        0x1 C:/Workspaces/ESP8266/SDK/ESP8266_RTOS_SDK/lib\libpp.a(pm.o)
 *fill*         0x3ffe80c9        0x3 
 .data          0x3ffe80cc        0x1 C:/Workspaces/ESP8266/SDK/ESP8266_RTOS_SDK/lib\libpp.a(pm_for_bcn_only_mode.o)
 *fill*         0x3ffe80cd        0x3 
 .data          0x3ffe80d0       0x12 C:/Workspaces/ESP8266/SDK/ESP8266_RTOS_SDK/lib\libpp.a(pp.o)
                0x3ffe80d0                NoiseTimerInterval
                0x3ffe80d8                sleep_start_wait_time
                0x3ffe80e0                CanDoFreqCal
                0x3ffe80e1                test_freq_val_first
 *fill*         0x3ffe80e2        0xe 
 .data          0x3ffe80f0       0x40 C:/Workspaces/ESP8266/SDK/ESP8266_RTOS_SDK/lib\libpp.a(rate_control.o)
 .data          0x3ffe8130      0x24c C:/Workspaces/ESP8266/SDK/ESP8266_RTOS_SDK/lib\libpp.a(trc.o)
 .data          0x3ffe837c        0xc C:/Workspaces/ESP8266/SDK/ESP8266_RTOS_SDK/lib\libpp.a(wdev.o)
                0x3ffe8384                WDEV_INTEREST_EVENT
 *(.data.*)
 .data.xNextTaskUnblockTime
                0x3ffe8388        0x4 C:/Workspaces/ESP8266/SDK/ESP8266_RTOS_SDK/lib\libfreertos.a(tasks.o)
 .data.dhcps_lease_time
                0x3ffe838c        0x4 C:/Workspaces/ESP8266/SDK/ESP8266_RTOS_SDK/lib\liblwip.a(dhcpserver.o)
                0x3ffe838c                dhcps_lease_time
 .data.offer    0x3ffe8390        0x1 C:/Workspaces/ESP8266/SDK/ESP8266_RTOS_SDK/lib\liblwip.a(dhcpserver.o)
 .data.default_hostname
                0x3ffe8391        0x1 C:/Workspaces/ESP8266/SDK/ESP8266_RTOS_SDK/lib\liblwip.a(ethernetif.o)
                0x3ffe8391                default_hostname
 *fill*         0x3ffe8392        0x2 
 .data.retrans_timer
                0x3ffe8394        0x4 C:/Workspaces/ESP8266/SDK/ESP8266_RTOS_SDK/lib\liblwip.a(nd6.o)
                0x3ffe8394                retrans_timer
 .data.reachable_time
                0x3ffe8398        0x4 C:/Workspaces/ESP8266/SDK/ESP8266_RTOS_SDK/lib\liblwip.a(nd6.o)
                0x3ffe8398                reachable_time
 .data.iss$3682
                0x3ffe839c        0x4 C:/Workspaces/ESP8266/SDK/ESP8266_RTOS_SDK/lib\liblwip.a(tcp.o)
 .data.udp_port
                0x3ffe83a0        0x2 C:/Workspaces/ESP8266/SDK/ESP8266_RTOS_SDK/lib\liblwip.a(udp.o)
 *(.gnu.linkonce.d.*)
 *(.data1)
 *(.sdata)
 *(.sdata.*)
 *(.gnu.linkonce.s.*)
 *(.sdata2)
 *(.sdata2.*)
 *(.gnu.linkonce.s2.*)
 *(.jcr)
                0x3ffe83a2                _data_end = ABSOLUTE (.)

.rodata         0x3ffe83b0      0x260
                0x3ffe83b0                _rodata_start = ABSOLUTE (.)
 *(.rodata)
 .rodata        0x3ffe83b0        0x8 C:/Workspaces/ESP8266/SDK/ESP8266_RTOS_SDK/lib\libnet80211.a(ieee80211_hostap.o)
 .rodata        0x3ffe83b8        0x9 C:/Workspaces/ESP8266/SDK/ESP8266_RTOS_SDK/lib\libnet80211.a(ieee80211_output.o)
 *fill*         0x3ffe83c1        0x3 
 .rodata        0x3ffe83c4        0x8 C:/Workspaces/ESP8266/SDK/ESP8266_RTOS_SDK/lib\libphy.a(phy_chip_v6.o)
 *fill*         0x3ffe83cc        0x4 
 .rodata        0x3ffe83d0       0x10 C:/Workspaces/ESP8266/SDK/ESP8266_RTOS_SDK/lib\libphy.a(phy_chip_v5_romfunc.o)
 .rodata        0x3ffe83e0        0xc C:/Workspaces/ESP8266/SDK/ESP8266_RTOS_SDK/lib\libphy.a(phy_chip_v5_ana_romfunc.o)
 .rodata        0x3ffe83ec        0x2 C:/Workspaces/ESP8266/SDK/ESP8266_RTOS_SDK/lib\libcrypto.a(sha1-internal.o)
 *fill*         0x3ffe83ee        0x2 
 .rodata        0x3ffe83f0        0x4 C:/Workspaces/ESP8266/SDK/ESP8266_RTOS_SDK/lib\libpp.a(pp.o)
 .rodata        0x3ffe83f4        0xe libuser.a(user_main.o)
 *(.rodata.*)
 *fill*         0x3ffe8402        0x2 
 .rodata.str1.4
                0x3ffe8404       0x10 C:/Workspaces/ESP8266/SDK/ESP8266_RTOS_SDK/lib\libmain.a(app_main.o)
 .rodata.str1.4
                0x3ffe8414       0x10 C:/Workspaces/ESP8266/SDK/ESP8266_RTOS_SDK/lib\libmain.a(ets_timer.o)
                                 0x18 (size before relaxing)
 .rodata.str1.4
                0x3ffe8424        0x7 C:/Workspaces/ESP8266/SDK/ESP8266_RTOS_SDK/lib\libmain.a(printf-stdarg.o)
                                  0xc (size before relaxing)
 *fill*         0x3ffe842b        0x1 
 .rodata.str1.4
                0x3ffe842c       0x1f C:/Workspaces/ESP8266/SDK/ESP8266_RTOS_SDK/lib\libmain.a(user_interface.o)
 .rodata.str1.1
                0x3ffe844b       0x12 C:/Workspaces/ESP8266/SDK/ESP8266_RTOS_SDK/lib\libfreertos.a(heap_4.o)
 .rodata.str1.1
                0x3ffe845d       0x2a C:/Workspaces/ESP8266/SDK/ESP8266_RTOS_SDK/lib\libfreertos.a(port.o)
 .rodata.str1.1
                0x3ffe8487        0x5 C:/Workspaces/ESP8266/SDK/ESP8266_RTOS_SDK/lib\libfreertos.a(tasks.o)
 .rodata.ucExpectedStackBytes$3101
                0x3ffe848c       0x14 C:/Workspaces/ESP8266/SDK/ESP8266_RTOS_SDK/lib\libfreertos.a(tasks.o)
 .rodata.str1.1
                0x3ffe84a0        0x8 C:/Workspaces/ESP8266/SDK/ESP8266_RTOS_SDK/lib\libfreertos.a(timers.o)
 .rodata.str1.4
                0x3ffe84a8        0x8 C:/Workspaces/ESP8266/SDK/ESP8266_RTOS_SDK/lib\libnet80211.a(ieee80211_hostap.o)
 .rodata.str1.4
                0x3ffe84b0        0x7 C:/Workspaces/ESP8266/SDK/ESP8266_RTOS_SDK/lib\libnet80211.a(ieee80211_mesh_quick.o)
 .rodata.str1.4
                0x00000000        0x4 C:/Workspaces/ESP8266/SDK/ESP8266_RTOS_SDK/lib\libnet80211.a(ieee80211_sta.o)
 .rodata.str1.4
                0x00000000        0x4 C:/Workspaces/ESP8266/SDK/ESP8266_RTOS_SDK/lib\libnet80211.a(ieee80211_action_vendor.o)
 .rodata.str1.4
                0x00000000        0x4 C:/Workspaces/ESP8266/SDK/ESP8266_RTOS_SDK/lib\libnet80211.a(ieee80211_ie_vendor.o)
 *fill*         0x3ffe84b7        0x1 
 .rodata.str1.4
                0x3ffe84b8        0x2 C:/Workspaces/ESP8266/SDK/ESP8266_RTOS_SDK/lib\libcrypto.a(sha1-internal.o)
 .rodata.ethzero
                0x3ffe84ba        0x6 C:/Workspaces/ESP8266/SDK/ESP8266_RTOS_SDK/lib\liblwip.a(etharp.o)
                0x3ffe84ba                ethzero
 .rodata.ethbroadcast
                0x3ffe84c0        0x6 C:/Workspaces/ESP8266/SDK/ESP8266_RTOS_SDK/lib\liblwip.a(etharp.o)
                0x3ffe84c0                ethbroadcast
 *fill*         0x3ffe84c6        0x2 
 .rodata.ip_addr_broadcast
                0x3ffe84c8        0x4 C:/Workspaces/ESP8266/SDK/ESP8266_RTOS_SDK/lib\liblwip.a(ip4_addr.o)
                0x3ffe84c8                ip_addr_broadcast
 .rodata.ip_addr_any
                0x3ffe84cc        0x4 C:/Workspaces/ESP8266/SDK/ESP8266_RTOS_SDK/lib\liblwip.a(ip4_addr.o)
                0x3ffe84cc                ip_addr_any
 .rodata.ip6_addr_any
                0x3ffe84d0       0x10 C:/Workspaces/ESP8266/SDK/ESP8266_RTOS_SDK/lib\liblwip.a(ip6_addr.o)
                0x3ffe84d0                ip6_addr_any
 .rodata.nd6_tmr
                0x3ffe84e0       0x14 C:/Workspaces/ESP8266/SDK/ESP8266_RTOS_SDK/lib\liblwip.a(nd6.o)
 .rodata.pbuf_alloc
                0x3ffe84f4       0x28 C:/Workspaces/ESP8266/SDK/ESP8266_RTOS_SDK/lib\liblwip.a(pbuf.o)
 .rodata.tcp_close_shutdown
                0x3ffe851c       0x20 C:/Workspaces/ESP8266/SDK/ESP8266_RTOS_SDK/lib\liblwip.a(tcp.o)
 .rodata.tcp_input
                0x3ffe853c       0x20 C:/Workspaces/ESP8266/SDK/ESP8266_RTOS_SDK/lib\liblwip.a(tcp_in.o)
 .rodata.tcpip_thread
                0x3ffe855c       0x18 C:/Workspaces/ESP8266/SDK/ESP8266_RTOS_SDK/lib\liblwip.a(tcpip.o)
 .rodata.str1.1
                0x3ffe8574        0x4 C:/Workspaces/ESP8266/SDK/ESP8266_RTOS_SDK/lib\liblwip.a(tcpip.o)
 .rodata.str1.4
                0x3ffe8578       0x27 C:/Workspaces/ESP8266/SDK/ESP8266_RTOS_SDK/lib\libpp.a(lmac.o)
                                 0x2f (size before relaxing)
 *fill*         0x3ffe859f        0x1 
 .rodata.str1.4
                0x3ffe85a0       0x18 C:/Workspaces/ESP8266/SDK/ESP8266_RTOS_SDK/lib\libpp.a(pm.o)
                                 0x20 (size before relaxing)
 .rodata.str1.4
                0x3ffe85b8        0x4 C:/Workspaces/ESP8266/SDK/ESP8266_RTOS_SDK/lib\libpp.a(pm_for_bcn_only_mode.o)
                                  0xc (size before relaxing)
 .rodata.str1.4
                0x3ffe85bc        0x8 C:/Workspaces/ESP8266/SDK/ESP8266_RTOS_SDK/lib\libpp.a(pp.o)
                                 0x14 (size before relaxing)
 .rodata.str1.4
                0x3ffe85c4        0xf C:/Workspaces/ESP8266/SDK/ESP8266_RTOS_SDK/lib\libpp.a(wdev.o)
                                 0x17 (size before relaxing)
 *fill*         0x3ffe85d3        0x1 
 .rodata.str1.4
                0x3ffe85d4       0x34 libuser.a(user_main.o)
                                 0x32 (size before relaxing)
 *(.gnu.linkonce.r.*)
 *(.rodata1)
                0x3ffe8608                __XT_EXCEPTION_TABLE__ = ABSOLUTE (.)
 *(.xt_except_table)
 *(.gcc_except_table)
 *(.gnu.linkonce.e.*)
 *(.gnu.version_r)
 *(.eh_frame)
                0x3ffe8608                . = ((. + 0x3) & 0xfffffffc)
                0x3ffe8608                __init_array_start = ABSOLUTE (.)
 *crtbegin.o(.ctors)
 *(EXCLUDE_FILE(*crtend.o) .ctors)
 *(SORT(.ctors.*))
 *(.ctors)
                0x3ffe8608                __init_array_end = ABSOLUTE (.)
 *crtbegin.o(.dtors)
 *(EXCLUDE_FILE(*crtend.o) .dtors)
 *(SORT(.dtors.*))
 *(.dtors)
                0x3ffe8608                __XT_EXCEPTION_DESCS__ = ABSOLUTE (.)
 *(.xt_except_desc)
 *(.gnu.linkonce.h.*)
                0x3ffe8608                __XT_EXCEPTION_DESCS_END__ = ABSOLUTE (.)
 *(.xt_except_desc_end)
 *(.dynamic)
 *(.gnu.version_d)
                0x3ffe8608                . = ALIGN (0x4)
                0x3ffe8608                _bss_table_start = ABSOLUTE (.)
                0x3ffe8608        0x4 LONG 0x3ffe8610 _bss_start
                0x3ffe860c        0x4 LONG 0x3ffeef88 _bss_end
                0x3ffe8610                _bss_table_end = ABSOLUTE (.)
                0x3ffe8610                _rodata_end = ABSOLUTE (.)

.UserExceptionVector.literal
                0x3ffe8610        0x0
                0x3ffe8610                _UserExceptionVector_literal_start = ABSOLUTE (.)
 *(.UserExceptionVector.literal)
                0x3ffe8610                _UserExceptionVector_literal_end = ABSOLUTE (.)

.bss            0x3ffe8610     0x6978
                0x3ffe8610                . = ALIGN (0x8)
                0x3ffe8610                _bss_start = ABSOLUTE (.)
 *(.dynsbss)
 *(.sbss)
 *(.sbss.*)
 *(.gnu.linkonce.sb.*)
 *(.scommon)
 *(.sbss2)
 *(.sbss2.*)
 *(.gnu.linkonce.sb2.*)
 *(.dynbss)
 *(.bss)
 .bss           0x3ffe8610      0x3f8 C:/Workspaces/ESP8266/SDK/ESP8266_RTOS_SDK/lib\libmain.a(xtensa_vectors.o)
 .bss           0x3ffe8a08       0x34 C:/Workspaces/ESP8266/SDK/ESP8266_RTOS_SDK/lib\libmain.a(app_main.o)
                0x3ffe8a08                info
                0x3ffe8a2c                user_init_flag
                0x3ffe8a2d                freq_trace_enable
                0x3ffe8a30                rf_cal_sec
                0x3ffe8a34                errno
                0x3ffe8a38                xWatchDogTaskHandle
 *fill*         0x3ffe8a3c        0x4 
 .bss           0x3ffe8a40       0xc0 C:/Workspaces/ESP8266/SDK/ESP8266_RTOS_SDK/lib\libmain.a(ets_timer.o)
                0x3ffe8a44                timer_list
                0x3ffe8a48                debug_timer
                0x3ffe8a4c                debug_timerfn
 .bss           0x3ffe8b00        0x4 C:/Workspaces/ESP8266/SDK/ESP8266_RTOS_SDK/lib\libmain.a(misc.o)
                0x3ffe8b00                _putc1
 *fill*         0x3ffe8b04        0xc 
 .bss           0x3ffe8b10       0x40 C:/Workspaces/ESP8266/SDK/ESP8266_RTOS_SDK/lib\libmain.a(printf-stdarg.o)
 .bss           0x3ffe8b50        0x8 C:/Workspaces/ESP8266/SDK/ESP8266_RTOS_SDK/lib\libmain.a(spi_flash.o)
                0x3ffe8b50                FlashIsOnGoing
                0x3ffe8b54                flash_read
 *fill*         0x3ffe8b58        0x8 
 .bss           0x3ffe8b60      0x172 C:/Workspaces/ESP8266/SDK/ESP8266_RTOS_SDK/lib\libmain.a(user_interface.o)
                0x3ffe8c46                protect_flag
                0x3ffe8c48                deep_sleep_flag
                0x3ffe8c49                cpu_overclock
                0x3ffe8c4c                event_cb
                0x3ffe8c50                xQueue_event
                0x3ffe8c54                rst_if
                0x3ffe8c74                OpmodChgIsOnGoing
                0x3ffe8c78                promiscuous_cb
                0x3ffe8c7c                status_led_output_level
                0x3ffe8c80                evt
 *fill*         0x3ffe8cd2        0x2 
 .bss           0x3ffe8cd4      0x6b4 C:/Workspaces/ESP8266/SDK/ESP8266_RTOS_SDK/lib\libnet80211.a(ieee80211.o)
                0x3ffe8cd4                g_ic
                0x3ffe9384                xieee80211Queue
 .bss           0x3ffe9388       0x65 C:/Workspaces/ESP8266/SDK/ESP8266_RTOS_SDK/lib\libnet80211.a(ieee80211_hostap.o)
                0x3ffe9388                BcnEb_update
                0x3ffe93b8                PendFreeBcnEb
                0x3ffe93ba                ap_freq_force_to_scan
                0x3ffe93bc                ApFreqCalTimer
                0x3ffe93d8                APRecvBcnStartTick
 *fill*         0x3ffe93ed        0x3 
 .bss           0x3ffe93f0       0xe4 C:/Workspaces/ESP8266/SDK/ESP8266_RTOS_SDK/lib\libnet80211.a(ieee80211_scan.o)
                0x3ffe93f0                gScanStruct
                0x3ffe94ac                freq_change_check_softap_link_enable
                0x3ffe94ad                FreqCalCntForScan
                0x3ffe94ae                TestStaFreqCalValInput
                0x3ffe94b0                TestStaFreqCalValDev
                0x3ffe94b2                connect_scan_flag
                0x3ffe94b3                auth_type
                0x3ffe94b4                scannum
 *fill*         0x3ffe94d4        0x4 
 .bss           0x3ffe94d8       0x10 C:/Workspaces/ESP8266/SDK/ESP8266_RTOS_SDK/lib\libnet80211.a(ieee80211_sta.o)
 .bss           0x3ffe94e8       0x44 C:/Workspaces/ESP8266/SDK/ESP8266_RTOS_SDK/lib\libnet80211.a(wl_chm.o)
 *fill*         0x3ffe952c        0x4 
 .bss           0x3ffe9530      0x39d C:/Workspaces/ESP8266/SDK/ESP8266_RTOS_SDK/lib\libnet80211.a(wl_cnx.o)
                0x3ffe98a8                sta_con_timer
                0x3ffe98c4                backup_ni_connect_status
                0x3ffe98c8                g_cnx_probe_rc_list_cb
                0x3ffe98cc                reconnect_flag
 *fill*         0x3ffe98cd        0x3 
 .bss           0x3ffe98d0       0x10 C:/Workspaces/ESP8266/SDK/ESP8266_RTOS_SDK/lib\libnet80211.a(ieee80211_action_vendor.o)
 .bss           0x3ffe98e0        0x4 C:/Workspaces/ESP8266/SDK/ESP8266_RTOS_SDK/lib\libphy.a(phy.o)
 .bss           0x3ffe98e4        0x2 C:/Workspaces/ESP8266/SDK/ESP8266_RTOS_SDK/lib\libphy.a(phy_chip_v6_ana.o)
                0x3ffe98e4                tout_dis_txpwr_track
                0x3ffe98e5                sleep_mode_flag
 *fill*         0x3ffe98e6        0x2 
 .bss           0x3ffe98e8      0x153 C:/Workspaces/ESP8266/SDK/ESP8266_RTOS_SDK/lib\libphy.a(phy_chip_v6.o)
                0x3ffe98e8                rxiq_compute_num
                0x3ffe98ec                rx_table_renew_en
                0x3ffe98f0                check_result
                0x3ffe98f4                chip6_sleep_params
                0x3ffe9988                chip6_phy_init_ctrl
                0x3ffe99fc                phy_freq_offset
                0x3ffe99fe                do_pwctrl_flag
                0x3ffe99ff                txbk_dpdby_flag
                0x3ffe9a01                sw_scan_mode
                0x3ffe9a02                rxmax_ext_level
                0x3ffe9a04                phy_rx_gain_dc_table
                0x3ffe9a18                periodic_cal_flag
                0x3ffe9a19                bbpll_cal_flag
                0x3ffe9a1a                phy_in_most_power
                0x3ffe9a1b                init_rf_no_cal
                0x3ffe9a1c                test_print_time
                0x3ffe9a20                phy_in_vdd33_offset
                0x3ffe9a21                phy_set_most_tpw_disbg
                0x3ffe9a22                phy_set_most_tpw_index
                0x3ffe9a24                adc_rand_noise
                0x3ffe9a28                phy_rx_gain_dc_flag
                0x3ffe9a29                dpd_bypass_original
                0x3ffe9a2a                phy_txpwr_diff_flash
                0x3ffe9a30                noise_array
 *fill*         0x3ffe9a3b        0x1 
 .bss           0x3ffe9a3c        0x9 C:/Workspaces/ESP8266/SDK/ESP8266_RTOS_SDK/lib\libphy.a(phy_chip_v6_cal.o)
                0x3ffe9a3c                phy_tx_power_out
                0x3ffe9a3e                phy_tx_pwr_error
                0x3ffe9a40                tx_pwctrl_track_num
                0x3ffe9a41                rxiq_cover_fail_num
                0x3ffe9a42                phy_meas_freq_offset
                0x3ffe9a44                tx_pwctrl_pk_num
 *fill*         0x3ffe9a45        0x3 
 .bss           0x3ffe9a48        0x7 C:/Workspaces/ESP8266/SDK/ESP8266_RTOS_SDK/lib\libphy.a(phy_sleep.o)
                0x3ffe9a48                periodic_cal_sat
                0x3ffe9a4a                lslp_mem_opt_8266
                0x3ffe9a4c                software_slp_reject
                0x3ffe9a4d                SDIO_slp_reject
                0x3ffe9a4e                hardware_reject
 *fill*         0x3ffe9a4f        0x1 
 .bss           0x3ffe9a50        0x1 C:/Workspaces/ESP8266/SDK/ESP8266_RTOS_SDK/lib\libphy.a(phy_chip_v5_ana_romfunc.o)
                0x3ffe9a50                phy_interrup_flag
 *fill*         0x3ffe9a51        0xf 
 .bss           0x3ffe9a60      0x26a C:/Workspaces/ESP8266/SDK/ESP8266_RTOS_SDK/lib\libwpa.a(wpa.o)
 *fill*         0x3ffe9cca        0x6 
 .bss           0x3ffe9cd0      0x984 C:/Workspaces/ESP8266/SDK/ESP8266_RTOS_SDK/lib\libpp.a(esf_buf.o)
 *fill*         0x3ffea654        0xc 
 .bss           0x3ffea660       0x30 C:/Workspaces/ESP8266/SDK/ESP8266_RTOS_SDK/lib\libpp.a(if_hwctrl.o)
                0x3ffea660                interface_mask
                0x3ffea670                if_ctrl
 .bss           0x3ffea690      0x150 C:/Workspaces/ESP8266/SDK/ESP8266_RTOS_SDK/lib\libpp.a(lmac.o)
                0x3ffea694                lmacConfMib
                0x3ffea6b8                our_tx_eb
 .bss           0x3ffea7e0      0x14a C:/Workspaces/ESP8266/SDK/ESP8266_RTOS_SDK/lib\libpp.a(pm.o)
                0x3ffea8e4                CCOMPARE_AddVal
 *fill*         0x3ffea92a        0x2 
 .bss           0x3ffea92c       0x4c C:/Workspaces/ESP8266/SDK/ESP8266_RTOS_SDK/lib\libpp.a(pm_for_bcn_only_mode.o)
 *fill*         0x3ffea978        0x8 
 .bss           0x3ffea980      0x3ed C:/Workspaces/ESP8266/SDK/ESP8266_RTOS_SDK/lib\libpp.a(pp.o)
                0x3ffea980                wdt_ini_flag
                0x3ffea981                pp_soft_wdt_count
                0x3ffea9a8                pend_flag_noise_check
                0x3ffea9b0                pend_flag_periodic_cal
                0x3ffea9d0                idle_timer_reopen_flag
                0x3ffea9d9                dbg_stop_sw_wdt
                0x3ffea9da                dbg_stop_hw_wdt
                0x3ffea9dc                freq_change_sta_scan
                0x3ffea9f0                test_freq_val_force_flag
                0x3ffea9f2                TestStaFreqCalValFilter
                0x3ffea9f4                PktsNumInOneChk
                0x3ffea9f6                AllFreqOffsetInOneChk
                0x3ffea9f8                AvgFreqOffsetInOneChk
                0x3ffea9fa                HighestFreqOffsetInOneChk
                0x3ffea9fc                LowestFreqOffsetInOneChk
                0x3ffea9fe                pktnum_sta_freqcal
                0x3ffeaa00                all_freqoffset_sta_freqcal
                0x3ffeaa02                avg_freqoffset_sta_freqcal
                0x3ffeaa04                DefFreqCalTimer
                0x3ffeaa20                PktNumInOneChk
 *fill*         0x3ffead6d        0x3 
 .bss           0x3ffead70      0x100 C:/Workspaces/ESP8266/SDK/ESP8266_RTOS_SDK/lib\libpp.a(rate_control.o)
 .bss           0x3ffeae70      0x46c C:/Workspaces/ESP8266/SDK/ESP8266_RTOS_SDK/lib\libpp.a(trc.o)
 *fill*         0x3ffeb2dc        0x4 
 .bss           0x3ffeb2e0     0x2f68 C:/Workspaces/ESP8266/SDK/ESP8266_RTOS_SDK/lib\libpp.a(wdev.o)
                0x3ffeb2e0                wDevCtrl
                0x3ffeb488                NMIIrqIsOn
                0x3ffeb48c                WdevTimOffSet
 .bss           0x3ffee248        0x8 C:/Workspaces/ESP8266/SDK/ESP8266_RTOS_SDK/lib\libnet80211.a(ieee80211_crypto_tkip.o)
 *(.bss.*)
 .bss.xFreeBytesRemaining
                0x3ffee250        0x4 C:/Workspaces/ESP8266/SDK/ESP8266_RTOS_SDK/lib\libfreertos.a(heap_4.o)
 .bss.xTotalHeapSize
                0x3ffee254        0x4 C:/Workspaces/ESP8266/SDK/ESP8266_RTOS_SDK/lib\libfreertos.a(heap_4.o)
 .bss.yFreeBytesRemaining
                0x3ffee258        0x4 C:/Workspaces/ESP8266/SDK/ESP8266_RTOS_SDK/lib\libfreertos.a(heap_4.o)
 .bss.yStart    0x3ffee25c       0x10 C:/Workspaces/ESP8266/SDK/ESP8266_RTOS_SDK/lib\libfreertos.a(heap_4.o)
 .bss.pxEnd     0x3ffee26c        0x4 C:/Workspaces/ESP8266/SDK/ESP8266_RTOS_SDK/lib\libfreertos.a(heap_4.o)
 .bss.xStart    0x3ffee270       0x10 C:/Workspaces/ESP8266/SDK/ESP8266_RTOS_SDK/lib\libfreertos.a(heap_4.o)
 .bss.portBYTE_ALIGNMENT_v
                0x3ffee280        0x2 C:/Workspaces/ESP8266/SDK/ESP8266_RTOS_SDK/lib\libfreertos.a(heap_4.o)
 .bss.portBYTE_ALIGNMENT_MASK_v
                0x3ffee282        0x2 C:/Workspaces/ESP8266/SDK/ESP8266_RTOS_SDK/lib\libfreertos.a(heap_4.o)
 .bss.heapSTRUCT_SIZE
                0x3ffee284        0x2 C:/Workspaces/ESP8266/SDK/ESP8266_RTOS_SDK/lib\libfreertos.a(heap_4.o)
 *fill*         0x3ffee286        0x2 
 .bss.ucHeap    0x3ffee288        0x4 C:/Workspaces/ESP8266/SDK/ESP8266_RTOS_SDK/lib\libfreertos.a(heap_4.o)
 .bss._xt_isr_status
                0x3ffee28c        0x1 C:/Workspaces/ESP8266/SDK/ESP8266_RTOS_SDK/lib\libfreertos.a(port.o)
                0x3ffee28c                _xt_isr_status
 .bss.ClosedLv1Isr
                0x3ffee28d        0x1 C:/Workspaces/ESP8266/SDK/ESP8266_RTOS_SDK/lib\libfreertos.a(port.o)
 *fill*         0x3ffee28e        0x2 
 .bss.uxCriticalNesting
                0x3ffee290        0x4 C:/Workspaces/ESP8266/SDK/ESP8266_RTOS_SDK/lib\libfreertos.a(port.o)
 .bss.PendSvIsPosted
                0x3ffee294        0x1 C:/Workspaces/ESP8266/SDK/ESP8266_RTOS_SDK/lib\libfreertos.a(port.o)
 .bss.SWReq     0x3ffee295        0x1 C:/Workspaces/ESP8266/SDK/ESP8266_RTOS_SDK/lib\libfreertos.a(port.o)
 .bss.HdlMacSig
                0x3ffee296        0x1 C:/Workspaces/ESP8266/SDK/ESP8266_RTOS_SDK/lib\libfreertos.a(port.o)
 *fill*         0x3ffee297        0x1 
 .bss.uxTaskNumber
                0x3ffee298        0x4 C:/Workspaces/ESP8266/SDK/ESP8266_RTOS_SDK/lib\libfreertos.a(tasks.o)
 .bss.xNumOfOverflows
                0x3ffee29c        0x4 C:/Workspaces/ESP8266/SDK/ESP8266_RTOS_SDK/lib\libfreertos.a(tasks.o)
 .bss.xYieldPending
                0x3ffee2a0        0x4 C:/Workspaces/ESP8266/SDK/ESP8266_RTOS_SDK/lib\libfreertos.a(tasks.o)
 .bss.uxPendedTicks
                0x3ffee2a4        0x4 C:/Workspaces/ESP8266/SDK/ESP8266_RTOS_SDK/lib\libfreertos.a(tasks.o)
 .bss.uxSchedulerSuspended
                0x3ffee2a8        0x4 C:/Workspaces/ESP8266/SDK/ESP8266_RTOS_SDK/lib\libfreertos.a(tasks.o)
 .bss.xSchedulerRunning
                0x3ffee2ac        0x4 C:/Workspaces/ESP8266/SDK/ESP8266_RTOS_SDK/lib\libfreertos.a(tasks.o)
 .bss.uxTopReadyPriority
                0x3ffee2b0        0x4 C:/Workspaces/ESP8266/SDK/ESP8266_RTOS_SDK/lib\libfreertos.a(tasks.o)
 .bss.xTickCount
                0x3ffee2b4        0x4 C:/Workspaces/ESP8266/SDK/ESP8266_RTOS_SDK/lib\libfreertos.a(tasks.o)
 .bss.uxCurrentNumberOfTasks
                0x3ffee2b8        0x4 C:/Workspaces/ESP8266/SDK/ESP8266_RTOS_SDK/lib\libfreertos.a(tasks.o)
 .bss.xIdleTaskHandle
                0x3ffee2bc        0x4 C:/Workspaces/ESP8266/SDK/ESP8266_RTOS_SDK/lib\libfreertos.a(tasks.o)
 .bss.xSuspendedTaskList
                0x3ffee2c0       0x14 C:/Workspaces/ESP8266/SDK/ESP8266_RTOS_SDK/lib\libfreertos.a(tasks.o)
 .bss.uxTasksDeleted
                0x3ffee2d4        0x4 C:/Workspaces/ESP8266/SDK/ESP8266_RTOS_SDK/lib\libfreertos.a(tasks.o)
 .bss.xTasksWaitingTermination
                0x3ffee2d8       0x14 C:/Workspaces/ESP8266/SDK/ESP8266_RTOS_SDK/lib\libfreertos.a(tasks.o)
 .bss.xPendingReadyList
                0x3ffee2ec       0x14 C:/Workspaces/ESP8266/SDK/ESP8266_RTOS_SDK/lib\libfreertos.a(tasks.o)
 .bss.pxOverflowDelayedTaskList
                0x3ffee300        0x4 C:/Workspaces/ESP8266/SDK/ESP8266_RTOS_SDK/lib\libfreertos.a(tasks.o)
 .bss.pxDelayedTaskList
                0x3ffee304        0x4 C:/Workspaces/ESP8266/SDK/ESP8266_RTOS_SDK/lib\libfreertos.a(tasks.o)
 .bss.xDelayedTaskList2
                0x3ffee308       0x14 C:/Workspaces/ESP8266/SDK/ESP8266_RTOS_SDK/lib\libfreertos.a(tasks.o)
 .bss.xDelayedTaskList1
                0x3ffee31c       0x14 C:/Workspaces/ESP8266/SDK/ESP8266_RTOS_SDK/lib\libfreertos.a(tasks.o)
 .bss.pxReadyTasksLists
                0x3ffee330      0x12c C:/Workspaces/ESP8266/SDK/ESP8266_RTOS_SDK/lib\libfreertos.a(tasks.o)
 .bss.pxCurrentTCB
                0x3ffee45c        0x4 C:/Workspaces/ESP8266/SDK/ESP8266_RTOS_SDK/lib\libfreertos.a(tasks.o)
                0x3ffee45c                pxCurrentTCB
 .bss.xLastTime$2948
                0x3ffee460        0x4 C:/Workspaces/ESP8266/SDK/ESP8266_RTOS_SDK/lib\libfreertos.a(timers.o)
 .bss.xTimerTaskHandle
                0x3ffee464        0x4 C:/Workspaces/ESP8266/SDK/ESP8266_RTOS_SDK/lib\libfreertos.a(timers.o)
 .bss.xTimerQueue
                0x3ffee468        0x4 C:/Workspaces/ESP8266/SDK/ESP8266_RTOS_SDK/lib\libfreertos.a(timers.o)
 .bss.pxOverflowTimerList
                0x3ffee46c        0x4 C:/Workspaces/ESP8266/SDK/ESP8266_RTOS_SDK/lib\libfreertos.a(timers.o)
 .bss.pxCurrentTimerList
                0x3ffee470        0x4 C:/Workspaces/ESP8266/SDK/ESP8266_RTOS_SDK/lib\libfreertos.a(timers.o)
 .bss.xActiveTimerList2
                0x3ffee474       0x14 C:/Workspaces/ESP8266/SDK/ESP8266_RTOS_SDK/lib\libfreertos.a(timers.o)
 .bss.xActiveTimerList1
                0x3ffee488       0x14 C:/Workspaces/ESP8266/SDK/ESP8266_RTOS_SDK/lib\libfreertos.a(timers.o)
 .bss.xid$4228  0x3ffee49c        0x4 C:/Workspaces/ESP8266/SDK/ESP8266_RTOS_SDK/lib\liblwip.a(dhcp.o)
 .bss.renew     0x3ffee4a0        0x1 C:/Workspaces/ESP8266/SDK/ESP8266_RTOS_SDK/lib\liblwip.a(dhcpserver.o)
 *fill*         0x3ffee4a1        0x3 
 .bss.plist     0x3ffee4a4        0x4 C:/Workspaces/ESP8266/SDK/ESP8266_RTOS_SDK/lib\liblwip.a(dhcpserver.o)
 .bss.dhcps_lease
                0x3ffee4a8        0xc C:/Workspaces/ESP8266/SDK/ESP8266_RTOS_SDK/lib\liblwip.a(dhcpserver.o)
 .bss.client_address_plus
                0x3ffee4b4        0x4 C:/Workspaces/ESP8266/SDK/ESP8266_RTOS_SDK/lib\liblwip.a(dhcpserver.o)
 .bss.client_address
                0x3ffee4b8        0x4 C:/Workspaces/ESP8266/SDK/ESP8266_RTOS_SDK/lib\liblwip.a(dhcpserver.o)
 .bss.server_address
                0x3ffee4bc        0x4 C:/Workspaces/ESP8266/SDK/ESP8266_RTOS_SDK/lib\liblwip.a(dhcpserver.o)
 .bss.broadcast_dhcps
                0x3ffee4c0        0x4 C:/Workspaces/ESP8266/SDK/ESP8266_RTOS_SDK/lib\liblwip.a(dhcpserver.o)
 .bss.pcb_dhcps
                0x3ffee4c4        0x4 C:/Workspaces/ESP8266/SDK/ESP8266_RTOS_SDK/lib\liblwip.a(dhcpserver.o)
 .bss.dns_payload
                0x3ffee4c8        0x4 C:/Workspaces/ESP8266/SDK/ESP8266_RTOS_SDK/lib\liblwip.a(dns.o)
 .bss.dns_servers
                0x3ffee4cc        0x8 C:/Workspaces/ESP8266/SDK/ESP8266_RTOS_SDK/lib\liblwip.a(dns.o)
 .bss.dns_table
                0x3ffee4d4      0x460 C:/Workspaces/ESP8266/SDK/ESP8266_RTOS_SDK/lib\liblwip.a(dns.o)
 .bss.dns_pcb   0x3ffee934        0x4 C:/Workspaces/ESP8266/SDK/ESP8266_RTOS_SDK/lib\liblwip.a(dns.o)
 .bss.etharp_cached_entry
                0x3ffee938        0x1 C:/Workspaces/ESP8266/SDK/ESP8266_RTOS_SDK/lib\liblwip.a(etharp.o)
 *fill*         0x3ffee939        0x3 
 .bss.arp_table
                0x3ffee93c       0xc8 C:/Workspaces/ESP8266/SDK/ESP8266_RTOS_SDK/lib\liblwip.a(etharp.o)
 .bss.ip_id     0x3ffeea04        0x2 C:/Workspaces/ESP8266/SDK/ESP8266_RTOS_SDK/lib\liblwip.a(ip4.o)
 .bss.ip6_reass_pbufcount
                0x3ffeea06        0x2 C:/Workspaces/ESP8266/SDK/ESP8266_RTOS_SDK/lib\liblwip.a(ip6_frag.o)
 .bss.reassdatagrams
                0x3ffeea08        0x4 C:/Workspaces/ESP8266/SDK/ESP8266_RTOS_SDK/lib\liblwip.a(ip6_frag.o)
 .bss.mld_group_list
                0x3ffeea0c        0x4 C:/Workspaces/ESP8266/SDK/ESP8266_RTOS_SDK/lib\liblwip.a(mld6.o)
 .bss.last_router$3310
                0x3ffeea10        0x1 C:/Workspaces/ESP8266/SDK/ESP8266_RTOS_SDK/lib\liblwip.a(nd6.o)
 .bss.nd6_ra_buffer
                0x3ffeea11       0x20 C:/Workspaces/ESP8266/SDK/ESP8266_RTOS_SDK/lib\liblwip.a(nd6.o)
 *fill*         0x3ffeea31        0x3 
 .bss.multicast_address
                0x3ffeea34       0x10 C:/Workspaces/ESP8266/SDK/ESP8266_RTOS_SDK/lib\liblwip.a(nd6.o)
 .bss.nd6_cached_destination_index
                0x3ffeea44        0x1 C:/Workspaces/ESP8266/SDK/ESP8266_RTOS_SDK/lib\liblwip.a(nd6.o)
 .bss.nd6_cached_neighbor_index
                0x3ffeea45        0x1 C:/Workspaces/ESP8266/SDK/ESP8266_RTOS_SDK/lib\liblwip.a(nd6.o)
 .bss.netif_num
                0x3ffeea46        0x1 C:/Workspaces/ESP8266/SDK/ESP8266_RTOS_SDK/lib\liblwip.a(netif.o)
 *fill*         0x3ffeea47        0x1 
 .bss.raw_pcbs  0x3ffeea48        0x4 C:/Workspaces/ESP8266/SDK/ESP8266_RTOS_SDK/lib\liblwip.a(raw.o)
 .bss.tcp_timer_ctr
                0x3ffeea4c        0x1 C:/Workspaces/ESP8266/SDK/ESP8266_RTOS_SDK/lib\liblwip.a(tcp.o)
 .bss.tcp_timer
                0x3ffeea4d        0x1 C:/Workspaces/ESP8266/SDK/ESP8266_RTOS_SDK/lib\liblwip.a(tcp.o)
 *fill*         0x3ffeea4e        0x2 
 .bss.recv_data
                0x3ffeea50        0x4 C:/Workspaces/ESP8266/SDK/ESP8266_RTOS_SDK/lib\liblwip.a(tcp_in.o)
 .bss.recv_flags
                0x3ffeea54        0x1 C:/Workspaces/ESP8266/SDK/ESP8266_RTOS_SDK/lib\liblwip.a(tcp_in.o)
 *fill*         0x3ffeea55        0x1 
 .bss.tcplen    0x3ffeea56        0x2 C:/Workspaces/ESP8266/SDK/ESP8266_RTOS_SDK/lib\liblwip.a(tcp_in.o)
 .bss.flags     0x3ffeea58        0x1 C:/Workspaces/ESP8266/SDK/ESP8266_RTOS_SDK/lib\liblwip.a(tcp_in.o)
 *fill*         0x3ffeea59        0x3 
 .bss.ackno     0x3ffeea5c        0x4 C:/Workspaces/ESP8266/SDK/ESP8266_RTOS_SDK/lib\liblwip.a(tcp_in.o)
 .bss.seqno     0x3ffeea60        0x4 C:/Workspaces/ESP8266/SDK/ESP8266_RTOS_SDK/lib\liblwip.a(tcp_in.o)
 .bss.tcphdr    0x3ffeea64        0x4 C:/Workspaces/ESP8266/SDK/ESP8266_RTOS_SDK/lib\liblwip.a(tcp_in.o)
 .bss.inseg     0x3ffeea68       0x10 C:/Workspaces/ESP8266/SDK/ESP8266_RTOS_SDK/lib\liblwip.a(tcp_in.o)
 .bss.mbox      0x3ffeea78        0x4 C:/Workspaces/ESP8266/SDK/ESP8266_RTOS_SDK/lib\liblwip.a(tcpip.o)
 .bss.tcpip_init_done_arg
                0x3ffeea7c        0x4 C:/Workspaces/ESP8266/SDK/ESP8266_RTOS_SDK/lib\liblwip.a(tcpip.o)
 .bss.tcpip_init_done
                0x3ffeea80        0x4 C:/Workspaces/ESP8266/SDK/ESP8266_RTOS_SDK/lib\liblwip.a(tcpip.o)
 .bss.LwipTimOutLim
                0x3ffeea84        0x4 C:/Workspaces/ESP8266/SDK/ESP8266_RTOS_SDK/lib\liblwip.a(timers.o)
                0x3ffeea84                LwipTimOutLim
 .bss.tcpip_tcp_timer_active
                0x3ffeea88        0x4 C:/Workspaces/ESP8266/SDK/ESP8266_RTOS_SDK/lib\liblwip.a(timers.o)
 .bss.next_timeout
                0x3ffeea8c        0x4 C:/Workspaces/ESP8266/SDK/ESP8266_RTOS_SDK/lib\liblwip.a(timers.o)
 .bss.allrouters
                0x3ffeea90        0x4 C:/Workspaces/ESP8266/SDK/ESP8266_RTOS_SDK/lib\liblwip.a(igmp.o)
 .bss.allsystems
                0x3ffeea94        0x4 C:/Workspaces/ESP8266/SDK/ESP8266_RTOS_SDK/lib\liblwip.a(igmp.o)
 .bss.igmp_group_list
                0x3ffeea98        0x4 C:/Workspaces/ESP8266/SDK/ESP8266_RTOS_SDK/lib\liblwip.a(igmp.o)
 *(.gnu.linkonce.b.*)
 *(COMMON)
 COMMON         0x3ffeea9c       0x84 C:/Workspaces/ESP8266/SDK/ESP8266_RTOS_SDK/lib\libfreertos.a(port.o)
                0x3ffeea9c                isr
                0x3ffeeb1c                cpu_sr
 COMMON         0x3ffeeb20       0x34 C:/Workspaces/ESP8266/SDK/ESP8266_RTOS_SDK/lib\liblwip.a(dhcp.o)
                0x3ffeeb20                dhcp_rx_options_given
                0x3ffeeb2c                dhcp_rx_options_val
 COMMON         0x3ffeeb54        0x4 C:/Workspaces/ESP8266/SDK/ESP8266_RTOS_SDK/lib\liblwip.a(ethernetif.o)
                0x3ffeeb54                hostname
 COMMON         0x3ffeeb58       0x30 C:/Workspaces/ESP8266/SDK/ESP8266_RTOS_SDK/lib\liblwip.a(ip4.o)
                0x3ffeeb58                ip_data
 COMMON         0x3ffeeb88      0x3d0 C:/Workspaces/ESP8266/SDK/ESP8266_RTOS_SDK/lib\liblwip.a(nd6.o)
                0x3ffeeb88                neighbor_cache
                0x3ffeed18                prefix_list
                0x3ffeeda4                destination_cache
                0x3ffeef34                default_router_list
 COMMON         0x3ffeef58        0x8 C:/Workspaces/ESP8266/SDK/ESP8266_RTOS_SDK/lib\liblwip.a(netif.o)
                0x3ffeef58                netif_list
                0x3ffeef5c                netif_default
 COMMON         0x3ffeef60       0x1c C:/Workspaces/ESP8266/SDK/ESP8266_RTOS_SDK/lib\liblwip.a(tcp.o)
                0x3ffeef60                tcp_active_pcbs_changed
                0x3ffeef64                tcp_active_pcbs
                0x3ffeef68                tcp_ticks
                0x3ffeef6c                tcp_listen_pcbs
                0x3ffeef70                tcp_tmp_pcb
                0x3ffeef74                tcp_bound_pcbs
                0x3ffeef78                tcp_tw_pcbs
 COMMON         0x3ffeef7c        0x4 C:/Workspaces/ESP8266/SDK/ESP8266_RTOS_SDK/lib\liblwip.a(tcp_in.o)
                0x3ffeef7c                tcp_input_pcb
 COMMON         0x3ffeef80        0x4 C:/Workspaces/ESP8266/SDK/ESP8266_RTOS_SDK/lib\liblwip.a(tcpip.o)
                0x3ffeef80                xLwipTaskHandle
 COMMON         0x3ffeef84        0x4 C:/Workspaces/ESP8266/SDK/ESP8266_RTOS_SDK/lib\liblwip.a(udp.o)
                0x3ffeef84                udp_pcbs
                0x3ffeef88                . = ALIGN (0x8)
                0x3ffeef88                _bss_end = ABSOLUTE (.)
                0x3ffeef88                _heap_start = ABSOLUTE (.)

.text           0x40100000     0x7348
                0x40100000                _stext = .
                0x40100000                _text_start = ABSOLUTE (.)
 *(.UserEnter.text)
 .UserEnter.text
                0x40100000        0xd C:/Workspaces/ESP8266/SDK/ESP8266_RTOS_SDK/lib\libmain.a(xtensa_vectors.o)
                                 0x14 (size before relaxing)
                0x40100004                call_user_start
                0x40100010                . = ALIGN (0x10)
 *fill*         0x4010000d        0x3 
 *(.DebugExceptionVector.text)
 .DebugExceptionVector.text
                0x40100010        0x9 C:/Workspaces/ESP8266/SDK/ESP8266_RTOS_SDK/lib\libmain.a(xtensa_vectors.o)
                                 0x10 (size before relaxing)
                0x40100010                _DebugExceptionVector
                0x40100020                . = ALIGN (0x10)
 *fill*         0x40100019        0x7 
 *(.NMIExceptionVector.text)
 .NMIExceptionVector.text
                0x40100020        0x6 C:/Workspaces/ESP8266/SDK/ESP8266_RTOS_SDK/lib\libmain.a(xtensa_vectors.o)
                                  0xd (size before relaxing)
                0x40100020                _NMIExceptionVector
                0x40100030                . = ALIGN (0x10)
 *fill*         0x40100026        0xa 
 *(.KernelExceptionVector.text)
 .KernelExceptionVector.text
                0x40100030        0x6 C:/Workspaces/ESP8266/SDK/ESP8266_RTOS_SDK/lib\libmain.a(xtensa_vectors.o)
                                  0xd (size before relaxing)
                0x40100030                _KernelExceptionVector
                0x40100036        0x4 LONG 0x0
                0x4010003a        0x4 LONG 0x0
                0x4010003e        0x4 LONG 0x0
                0x40100042        0x4 LONG 0x0
                0x40100050                . = ALIGN (0x10)
 *fill*         0x40100046        0xa 
 *(.UserExceptionVector.text)
 .UserExceptionVector.text
                0x40100050        0x6 C:/Workspaces/ESP8266/SDK/ESP8266_RTOS_SDK/lib\libmain.a(xtensa_vectors.o)
                                  0xd (size before relaxing)
                0x40100050                _UserExceptionVector
                0x40100056        0x4 LONG 0x0
                0x4010005a        0x4 LONG 0x0
                0x4010005e        0x4 LONG 0x0
                0x40100062        0x4 LONG 0x0
                0x40100070                . = ALIGN (0x10)
 *fill*         0x40100066        0xa 
 *(.DoubleExceptionVector.text)
 .DoubleExceptionVector.text
                0x40100070        0x9 C:/Workspaces/ESP8266/SDK/ESP8266_RTOS_SDK/lib\libmain.a(xtensa_vectors.o)
                                 0x10 (size before relaxing)
                0x40100070                _DoubleExceptionVector
                0x40100079        0x4 LONG 0x0
                0x4010007d        0x4 LONG 0x0
                0x40100081        0x4 LONG 0x0
                0x40100085        0x4 LONG 0x0
                0x40100090                . = ALIGN (0x10)
 *fill*         0x40100089        0x7 
 *(.entry.text)
 *(.init.literal)
 *(.init)
 *libfreertos.a:(.literal .text .literal.* .text.*)
 .text.prvInsertBlockIntoFreeList
                0x40100090       0x46 C:/Workspaces/ESP8266/SDK/ESP8266_RTOS_SDK/lib\libfreertos.a(heap_4.o)
 *fill*         0x401000d6        0x2 
 .text.prvInsertBlockIntoUsedList
                0x401000d8       0x29 C:/Workspaces/ESP8266/SDK/ESP8266_RTOS_SDK/lib\libfreertos.a(heap_4.o)
                0x401000e0                prvInsertBlockIntoUsedList
 *fill*         0x40100101        0x3 
 .text.prvRemoveBlockFromUsedList
                0x40100104       0x2b C:/Workspaces/ESP8266/SDK/ESP8266_RTOS_SDK/lib\libfreertos.a(heap_4.o)
                                 0x33 (size before relaxing)
                0x40100104                prvRemoveBlockFromUsedList
 *fill*         0x4010012f        0x1 
 .text.xPortWantedSizeAlign
                0x40100130       0x2c C:/Workspaces/ESP8266/SDK/ESP8266_RTOS_SDK/lib\libfreertos.a(heap_4.o)
                0x4010013c                xPortWantedSizeAlign
 .text.pvPortMalloc
                0x4010015c      0x189 C:/Workspaces/ESP8266/SDK/ESP8266_RTOS_SDK/lib\libfreertos.a(heap_4.o)
                                0x1bd (size before relaxing)
                0x40100184                pvPortMalloc
 *fill*         0x401002e5        0x3 
 .text.vPortFree
                0x401002e8       0x87 C:/Workspaces/ESP8266/SDK/ESP8266_RTOS_SDK/lib\libfreertos.a(heap_4.o)
                                 0xbf (size before relaxing)
                0x401002ec                vPortFree
 *fill*         0x4010036f        0x1 
 .text.pvPortCalloc
                0x40100370       0x37 C:/Workspaces/ESP8266/SDK/ESP8266_RTOS_SDK/lib\libfreertos.a(heap_4.o)
                                 0x3b (size before relaxing)
                0x40100374                pvPortCalloc
 *fill*         0x401003a7        0x1 
 .text.pvPortZalloc
                0x401003a8       0x1b C:/Workspaces/ESP8266/SDK/ESP8266_RTOS_SDK/lib\libfreertos.a(heap_4.o)
                                 0x23 (size before relaxing)
                0x401003a8                pvPortZalloc
 *fill*         0x401003c3        0x1 
 .text.zalloc   0x401003c4       0x1b C:/Workspaces/ESP8266/SDK/ESP8266_RTOS_SDK/lib\libfreertos.a(heap_4.o)
                                 0x1f (size before relaxing)
                0x401003c8                zalloc
 *fill*         0x401003df        0x1 
 .text.SoftIsrHdl
                0x401003e0       0x55 C:/Workspaces/ESP8266/SDK/ESP8266_RTOS_SDK/lib\libfreertos.a(port.o)
                                 0x61 (size before relaxing)
                0x401003ec                SoftIsrHdl
 *fill*         0x40100435        0x3 
 .text.xPortSysTickHandle
                0x40100438       0x14 C:/Workspaces/ESP8266/SDK/ESP8266_RTOS_SDK/lib\libfreertos.a(port.o)
                                 0x23 (size before relaxing)
                0x40100438                xPortSysTickHandle
 *fill*         0x4010044c        0x0 
 .text.vPortEnterCritical
                0x4010044c       0x37 C:/Workspaces/ESP8266/SDK/ESP8266_RTOS_SDK/lib\libfreertos.a(port.o)
                                 0x3b (size before relaxing)
                0x40100458                vPortEnterCritical
 *fill*         0x40100483        0x1 
 .text.vPortExitCritical
                0x40100484       0x65 C:/Workspaces/ESP8266/SDK/ESP8266_RTOS_SDK/lib\libfreertos.a(port.o)
                                 0x81 (size before relaxing)
                0x40100490                vPortExitCritical
 *fill*         0x401004e9        0x3 
 .text.PendSV   0x401004ec       0x59 C:/Workspaces/ESP8266/SDK/ESP8266_RTOS_SDK/lib\libfreertos.a(port.o)
                                 0x80 (size before relaxing)
                0x401004ec                PendSV
 *fill*         0x40100545        0x3 
 .text.ShowCritical
                0x40100548       0x2c C:/Workspaces/ESP8266/SDK/ESP8266_RTOS_SDK/lib\libfreertos.a(port.o)
                                 0x38 (size before relaxing)
                0x40100554                ShowCritical
 .text.vPortETSIntrLock
                0x40100574       0x2e C:/Workspaces/ESP8266/SDK/ESP8266_RTOS_SDK/lib\libfreertos.a(port.o)
                                 0x3e (size before relaxing)
                0x40100574                vPortETSIntrLock
 *fill*         0x401005a2        0x2 
 .text.vPortETSIntrUnlock
                0x401005a4       0x27 C:/Workspaces/ESP8266/SDK/ESP8266_RTOS_SDK/lib\libfreertos.a(port.o)
                                 0x37 (size before relaxing)
                0x401005a4                vPortETSIntrUnlock
 *fill*         0x401005cb        0x1 
 .text.PortDisableInt_NoNest
                0x401005cc       0x20 C:/Workspaces/ESP8266/SDK/ESP8266_RTOS_SDK/lib\libfreertos.a(port.o)
                                 0x2c (size before relaxing)
                0x401005cc                PortDisableInt_NoNest
 .text._xt_isr_handler
                0x401005ec       0x93 C:/Workspaces/ESP8266/SDK/ESP8266_RTOS_SDK/lib\libfreertos.a(port.o)
                                 0x97 (size before relaxing)
                0x401005f4                _xt_isr_handler
 *fill*         0x4010067f        0x1 
 .text.prvCopyDataToQueue
                0x40100680       0x93 C:/Workspaces/ESP8266/SDK/ESP8266_RTOS_SDK/lib\libfreertos.a(queue.o)
                                 0x9f (size before relaxing)
 *fill*         0x40100713        0x1 
 .text.prvCopyDataFromQueue
                0x40100714       0x2c C:/Workspaces/ESP8266/SDK/ESP8266_RTOS_SDK/lib\libfreertos.a(queue.o)
                                 0x30 (size before relaxing)
 .text.xTaskIncrementTick
                0x40100740      0x180 C:/Workspaces/ESP8266/SDK/ESP8266_RTOS_SDK/lib\libfreertos.a(tasks.o)
                                0x190 (size before relaxing)
                0x40100768                xTaskIncrementTick
 .text.vTaskSwitchContext
                0x401008c0       0xd2 C:/Workspaces/ESP8266/SDK/ESP8266_RTOS_SDK/lib\libfreertos.a(tasks.o)
                                 0xe6 (size before relaxing)
                0x401008d0                vTaskSwitchContext
 *fill*         0x40100992        0x2 
 .text.vTaskPriorityDisinherit
                0x40100994       0x51 C:/Workspaces/ESP8266/SDK/ESP8266_RTOS_SDK/lib\libfreertos.a(tasks.o)
                                 0x68 (size before relaxing)
                0x40100994                vTaskPriorityDisinherit
 *fill*         0x401009e5        0x0 
 *fill*         0x401009e5        0x0 
 *fill*         0x401009e5        0x0 
 *fill*         0x401009e5        0x0 
 *fill*         0x401009e5        0x0 
 *fill*         0x401009e5        0x0 
 *fill*         0x401009e5        0x0 
 *fill*         0x401009e5        0x0 
 *fill*         0x401009e5        0x0 
 *fill*         0x401009e5        0x0 
 *fill*         0x401009e5        0x0 
 *fill*         0x401009e5        0x0 
 *fill*         0x401009e5        0x0 
 *fill*         0x401009e5        0x0 
 *fill*         0x401009e5        0x0 
 *fill*         0x401009e5        0x3 
 .text.uxQueueMessagesWaitingFromISR
                0x401009e8        0x7 C:/Workspaces/ESP8266/SDK/ESP8266_RTOS_SDK/lib\libfreertos.a(queue.o)
                0x401009e8                uxQueueMessagesWaitingFromISR
 *fill*         0x401009ef        0x0 
 *fill*         0x401009ef        0x1 
 .text.vListInsertEnd
                0x401009f0       0x18 C:/Workspaces/ESP8266/SDK/ESP8266_RTOS_SDK/lib\libfreertos.a(list.o)
                0x401009f0                vListInsertEnd
 .text.uxListRemove
                0x40100a08       0x20 C:/Workspaces/ESP8266/SDK/ESP8266_RTOS_SDK/lib\libfreertos.a(list.o)
                0x40100a08                uxListRemove
 *(.literal .text .stub .gnu.warning .gnu.linkonce.literal.* .gnu.linkonce.t.*.literal .gnu.linkonce.t.*)
 .text          0x40100a28      0x1da C:/Workspaces/ESP8266/SDK/ESP8266_RTOS_SDK/lib\libmain.a(xtensa_vectors.o)
                                0x212 (size before relaxing)
                0x40100ad0                _xt_user_exit
 *fill*         0x40100c02        0x2 
 .text          0x40100c04      0x503 C:/Workspaces/ESP8266/SDK/ESP8266_RTOS_SDK/lib\libmain.a(app_main.o)
                                0x566 (size before relaxing)
                0x40100c0c                Cache_Read_Enable_New
                0x40100c64                esp_crc8
                0x40100de4                user_fatal_exception_handler
                0x40100ebc                do_global_ctors
                0x40100f38                user_start
 *fill*         0x40101107        0x1 
 .text          0x40101108      0x526 C:/Workspaces/ESP8266/SDK/ESP8266_RTOS_SDK/lib\libmain.a(printf-stdarg.o)
                                0x54e (size before relaxing)
                0x40101108                putchar
                0x401012c0                print
                0x40101534                ets_printf
                0x40101534                printf
                0x40101618                puts
 *fill*         0x4010162e        0x2 
 .text          0x40101630      0xb4b C:/Workspaces/ESP8266/SDK/ESP8266_RTOS_SDK/lib\libmain.a(spi_flash.o)
                                0xd6b (size before relaxing)
                0x40101634                SPIWrite
                0x40101710                SPIRead
                0x40101740                SPIEraseSector
                0x40101788                Cache_Read_Disable_2
                0x401017c8                Cache_Read_Enable_2
                0x40101818                spi_flash_get_unique_id
                0x4010197c                spi_flash_get_id
                0x401019ec                spi_flash_read_status
                0x40101a2c                spi_flash_write_status
                0x40101aa4                flash_gd25q32c_read_status
                0x40101c30                flash_gd25q32c_write_status
                0x40101e24                spi_flash_erase_sector
                0x40101e88                spi_flash_enable_qmode
                0x40101eb0                spi_flash_write
                0x40101f1c                spi_flash_read
                0x40101f94                spi_flash_issi_enable_QIO_mode
                0x4010212c                flash_gd25q32c_enable_QIO_mode
 *fill*         0x4010217b        0x1 
 .text          0x4010217c      0x2c6 C:/Workspaces/ESP8266/SDK/ESP8266_RTOS_SDK/lib\libmain.a(user_interface.o)
                                0x336 (size before relaxing)
                0x401021ac                system_restart_in_nmi
                0x40102350                wifi_set_user_rate_limit
                0x40102394                system_rtc_mem_write
                0x401023ec                system_rtc_mem_read
 *fill*         0x40102442        0x2 
 .text          0x40102444      0x183 C:/Workspaces/ESP8266/SDK/ESP8266_RTOS_SDK/lib\libmain.a(os_cpu_a.o)
                                0x1bf (size before relaxing)
                0x40102444                vPortYield
                0x4010247c                _xt_int_enter
                0x40102494                _xt_int_exit
                0x401024bc                _xt_timer_int
                0x401024f0                _xt_timer_int1
                0x4010250c                _xt_tick_timer_init
                0x40102530                _xt_update_xt_ccompare
                0x4010254c                _xt_set_xt_ccompare_val
                0x40102564                _xt_isr_unmask
                0x40102584                _xt_isr_mask
                0x401025a8                _xt_read_ints
                0x401025b8                _xt_clear_ints
 *fill*         0x401025c7        0x1 
 .text          0x401025c8       0x23 C:/Workspaces/ESP8266/SDK/ESP8266_RTOS_SDK/lib\libnet80211.a(ieee80211_output.o)
                                 0x27 (size before relaxing)
 *fill*         0x401025eb        0x1 
 .text          0x401025ec        0xb C:/Workspaces/ESP8266/SDK/ESP8266_RTOS_SDK/lib\libnet80211.a(wl_chm.o)
                0x401025f0                chm_get_current_channel
 *fill*         0x401025f7        0x1 
 .text          0x401025f8       0x53 C:/Workspaces/ESP8266/SDK/ESP8266_RTOS_SDK/lib\libphy.a(phy.o)
                                 0x5f (size before relaxing)
                0x40102600                register_phy_ops
                0x40102620                register_get_phy_addr
                0x40102628                phy_change_channel
                0x40102640                phy_get_mactime
 *fill*         0x4010264b        0x1 
 .text          0x4010264c      0x25e C:/Workspaces/ESP8266/SDK/ESP8266_RTOS_SDK/lib\libphy.a(phy_chip_v6_ana.o)
                                0x276 (size before relaxing)
                0x40102668                phy_adc_read_fast
 *fill*         0x401028aa        0x2 
 .text          0x401028ac      0x20e C:/Workspaces/ESP8266/SDK/ESP8266_RTOS_SDK/lib\libphy.a(phy_chip_v6_cal.o)
                                0x21a (size before relaxing)
                0x401028b8                tx_pwr_backoff_old
                0x40102a08                unsign_to_sign
                0x40102a44                phy_get_bb_freqoffset
                0x40102aac                phy_get_bb_evm
 *fill*         0x40102aba        0x2 
 .text          0x40102abc      0x257 C:/Workspaces/ESP8266/SDK/ESP8266_RTOS_SDK/lib\libphy.a(phy_sleep.o)
                                0x287 (size before relaxing)
                0x40102ac4                pm_rtc_clock_cali
                0x40102b98                pm_goto_sleep
                0x40102ce8                clockgate_watchdog
 *fill*         0x40102d13        0x1 
 .text          0x40102d14       0x7c C:/Workspaces/ESP8266/SDK/ESP8266_RTOS_SDK/lib\libpp.a(esf_buf.o)
                                 0xa8 (size before relaxing)
                0x40102d18                esf_rx_buf_alloc
 .text          0x40102d90     0x168c C:/Workspaces/ESP8266/SDK/ESP8266_RTOS_SDK/lib\libpp.a(lmac.o)
                               0x1a3c (size before relaxing)
                0x40102d94                lmacIsActive
                0x40102da8                lmacIsIdle
                0x40103228                lmacSetAcParam
                0x401032ac                lmacProcessTXStartData
                0x40103454                lmacProcessTxSuccess
                0x40103598                GetAccess
                0x401035a4                lmacDiscardAgedMSDU
                0x401035b8                lmacRecycleMPDU
                0x40103bbc                lmacProcessTxTimeout
                0x40103c24                lmacProcessAllTxTimeout
                0x40103c3c                lmacProcessCollisions
                0x40103c9c                lmacProcessCollision
                0x40103d0c                lmacMSDUAged
                0x4010409c                lmacProcessCtsTimeout
                0x401040d4                lmacProcessAckTimeout
                0x40104134                lmacProcessRtsStart
                0x40104140                lmacProcessTxRtsError
                0x401041dc                lmacProcessTxError
                0x40104268                lmacTxFrame
                0x40104404                lmacRxDone
 .text          0x4010441c      0xced C:/Workspaces/ESP8266/SDK/ESP8266_RTOS_SDK/lib\libpp.a(pp.o)
                                0xf89 (size before relaxing)
                0x401045d4                ppProcessTxQ
                0x40104694                ppFetchTxQFirstAvail
                0x401046f8                ppDequeueTxQ
                0x40104744                ppRollBackTxQ
                0x40104788                ppRecordBarRRC
                0x40104798                ppTxqUpdateBitmap
                0x401047c0                ppEnqueueTxDone
                0x40104804                ppEnqueueRxq
                0x40104d9c                ppDiscardMPDU
                0x40104dcc                MacIsrSigPostDefHdl
                0x40104eac                pp_post
                0x40104fd8                ppCalTxop
                0x4010509c                ppCalFrameTimes
 *fill*         0x40105109        0x3 
 .text          0x4010510c       0xf5 C:/Workspaces/ESP8266/SDK/ESP8266_RTOS_SDK/lib\libpp.a(rate_control.o)
                                0x109 (size before relaxing)
                0x4010512c                RC_GetAckRate
                0x40105138                RC_GetRtsRate
                0x40105148                RC_GetAckTime
                0x4010515c                RC_GetCtsTime
                0x40105194                RC_GetBlockAckTime
 *fill*         0x40105201        0x3 
 .text          0x40105204      0x99d C:/Workspaces/ESP8266/SDK/ESP8266_RTOS_SDK/lib\libpp.a(trc.o)
                                0xa05 (size before relaxing)
                0x401053d4                rcUpdateTxDone
                0x40105468                rcUpdateRxDone
                0x401054c4                rcUpdateDataRxDone
                0x401054e0                rcGetSched
                0x401055c4                rcGetRate
                0x40105ad4                rcReachRetryLimit
                0x40105aec                trc_NeedRTS
 *fill*         0x40105ba1        0x3 
 .text          0x40105ba4     0x1310 C:/Workspaces/ESP8266/SDK/ESP8266_RTOS_SDK/lib\libpp.a(wdev.o)
                               0x16ac (size before relaxing)
                0x40106010                wDev_MacTimSetFunc
                0x40106034                wDev_MacTimArm
                0x401060c4                wDev_MacTim1Arm
                0x40106184                wDev_ProcessFiq
                0x401064fc                wDev_EnableTransmit
                0x40106534                wDev_DisableTransmit
                0x40106554                Tx_Copy2Queue
                0x40106598                wDev_ProcessCollision
                0x401065bc                wDev_GetTxqCollisions
                0x401065cc                wDev_ClearTxqCollisions
                0x401065e8                wDev_SetWaitingQueue
                0x40106630                wDev_ClearWaitingQueue
                0x40106654                wDev_SetFrameAckType
                0x401066b8                wDev_AppendRxBlocks
                0x4010683c                wDev_AppendRxAmpduLensBlocks
                0x40106940                wDev_GetBAInfo
 .text          0x40106eb4       0xc3 libuser.a(user_main.o)
                                 0xe7 (size before relaxing)
                0x40106ec4                LEDBlinkTask
                0x40106f1c                user_init
 *fill*         0x40106f77        0x1 
 .literal       0x40106f78        0x4 C:/Workspaces/ESP8266/SDK/ESP8266_RTOS_SDK/lib\libgcc.a(_mulsf3.o)
                                 0x10 (size before relaxing)
 .literal       0x40106f7c        0x0 C:/Workspaces/ESP8266/SDK/ESP8266_RTOS_SDK/lib\libgcc.a(_divsf3.o)
                                 0x10 (size before relaxing)
 .literal       0x40106f7c        0x0 C:/Workspaces/ESP8266/SDK/ESP8266_RTOS_SDK/lib\libgcc.a(_fixsfsi.o)
                                  0x4 (size before relaxing)
 .text          0x40106f7c      0x15d C:/Workspaces/ESP8266/SDK/ESP8266_RTOS_SDK/lib\libgcc.a(_mulsf3.o)
                0x40106ff4                __mulsf3
 *fill*         0x401070d9        0x3 
 .text          0x401070dc      0x135 C:/Workspaces/ESP8266/SDK/ESP8266_RTOS_SDK/lib\libgcc.a(_divsf3.o)
                0x40107158                __divsf3
 *fill*         0x40107211        0x3 
 .text          0x40107214       0x40 C:/Workspaces/ESP8266/SDK/ESP8266_RTOS_SDK/lib\libgcc.a(_fixsfsi.o)
                0x40107214                __fixsfsi
 *fill*         0x40107254        0x0 
 *fill*         0x40107254        0x0 
 *fill*         0x40107254        0x0 
 *fill*         0x40107254        0x0 
 *fill*         0x40107254        0x0 
 *fill*         0x40107254        0x0 
 .text          0x40107254       0x3d C:/Workspaces/ESP8266/SDK/ESP8266_RTOS_SDK/lib\libmain.a(xtensa_context.o)
                0x40107254                _xt_context_save
                0x40107270                _xt_context_restore
 *fill*         0x40107291        0x3 
 .text          0x40107294       0x25 C:/Workspaces/ESP8266/SDK/ESP8266_RTOS_SDK/lib\libnet80211.a(ieee80211_hostap.o)
 *fill*         0x401072b9        0x0 
 *fill*         0x401072b9        0x0 
 *fill*         0x401072b9        0x0 
 *fill*         0x401072b9        0x0 
 *fill*         0x401072b9        0x0 
 *fill*         0x401072b9        0x0 
 *fill*         0x401072b9        0x0 
 *fill*         0x401072b9        0x0 
 *fill*         0x401072b9        0x0 
 *fill*         0x401072b9        0x3 
 .text          0x401072bc       0x20 C:/Workspaces/ESP8266/SDK/ESP8266_RTOS_SDK/lib\libhal.a(clock.o)
                0x401072bc                xthal_get_ccount
                0x401072c4                xthal_set_ccompare
                0x401072d0                xthal_get_ccompare
 .text          0x401072dc        0x5 C:/Workspaces/ESP8266/SDK/ESP8266_RTOS_SDK/lib\libhal.a(int_asm--set_intset.o)
                0x401072dc                xthal_set_intset
 *fill*         0x401072e1        0x0 
 *fill*         0x401072e1        0x3 
 .text          0x401072e4       0x49 C:/Workspaces/ESP8266/SDK/ESP8266_RTOS_SDK/lib\libgcc.a(_modsi3.o)
                0x401072e4                __modsi3
 *fill*         0x4010732d        0x3 
 .text          0x40107330       0x18 C:/Workspaces/ESP8266/SDK/ESP8266_RTOS_SDK/lib\libgcc.a(_ashrdi3.o)
                0x40107330                __ashrdi3
 *fill*         0x40107348        0x0 
 *fill*         0x40107348        0x0 
 *(.fini.literal)
 *(.fini)
 *(.gnu.version)
                0x40107348                _text_end = ABSOLUTE (.)
                0x40107348                _etext = .

.lit4           0x40107348        0x0
                0x40107348                _lit4_start = ABSOLUTE (.)
 *(*.lit4)
 *(.lit4.*)
 *(.gnu.linkonce.lit4.*)
                0x40107348                _lit4_end = ABSOLUTE (.)

.irom0.text     0x40220000    0x379a1
                0x40220000                _irom0_text_start = ABSOLUTE (.)
 *(.irom0.literal .irom.literal .irom.text.literal .irom0.text .irom.text)
 .irom0.text    0x40220000      0xb92 C:/Workspaces/ESP8266/SDK/ESP8266_RTOS_SDK/lib\libmain.a(app_main.o)
                                0xd96 (size before relaxing)
                0x402201fc                user_uart_wait_tx_fifo_empty
                0x40220338                uart_rx_one_char
                0x4022035c                wdt_init
                0x402203e8                user_init_task
                0x40220454                wifi_set_backup_mac
                0x40220458                user_rf_pre_init
                0x4022045c                system_phy_freq_trace_enable
                0x40220474                flash_data_check
                0x40220b40                vApplicationStackOverflowHook
                0x40220b74                vApplicationTickHook
 *fill*         0x40220b92        0x2 
 .irom0.text    0x40220b94      0x4bb C:/Workspaces/ESP8266/SDK/ESP8266_RTOS_SDK/lib\libmain.a(ets_timer.o)
                                0x593 (size before relaxing)
                0x40220c50                os_timer_setfn
                0x40220c50                ets_timer_setfn
                0x40220d24                ets_timer_disarm
                0x40220d24                os_timer_disarm
                0x40220d94                ets_timer_arm_ms_us
                0x40220e58                os_timer_arm_us
                0x40220e58                ets_timer_arm_us
                0x40220e6c                os_timer_arm
                0x40220e6c                ets_timer_arm
                0x40220e80                ets_timer_done
                0x40220eb0                ets_timer_handler_isr
                0x40220fd8                ets_timer_init
 *fill*         0x4022104f        0x1 
 .irom0.text    0x40221050       0xf7 C:/Workspaces/ESP8266/SDK/ESP8266_RTOS_SDK/lib\libmain.a(misc.o)
                                0x10b (size before relaxing)
                0x40221058                ets_delay_us
                0x40221058                os_delay_us
                0x4022108c                ets_update_cpu_frequency
                0x4022108c                os_update_cpu_frequency
                0x40221094                os_get_cpu_frequency
                0x402210a0                os_install_putc1
                0x402210a8                os_putc
                0x402210c0                gpio_output_set
                0x402210e4                rtc_get_reset_reason
                0x4022112c                bit_popcount
 *fill*         0x40221147        0x1 
 .irom0.text    0x40221148       0x46 C:/Workspaces/ESP8266/SDK/ESP8266_RTOS_SDK/lib\libmain.a(uart.o)
                                 0x4e (size before relaxing)
                0x40221148                uart_buff_switch
                0x40221154                uart_div_modify
                0x4022118c                Uart_Init
 *fill*         0x4022118e        0x2 
 .irom0.text    0x40221190     0x39c9 C:/Workspaces/ESP8266/SDK/ESP8266_RTOS_SDK/lib\libmain.a(user_interface.o)
                               0x45e5 (size before relaxing)
                0x4022137c                system_pp_recycle_rx_pkt
                0x40221398                system_adc_read
                0x402213d8                system_adc_read_fast
                0x40221438                system_get_vdd33
                0x40221468                system_restart
                0x402214c4                system_restore
                0x40221528                system_get_flash_size_map
                0x40221548                system_get_boot_version
                0x40221580                system_get_test_result
                0x402215a8                system_get_userbin_addr
                0x40221640                system_get_boot_mode
                0x40221670                system_restart_enhance
                0x4022179c                system_upgrade_userbin_set
                0x402217e8                system_upgrade_userbin_check
                0x40221824                system_upgrade_flag_set
                0x40221838                system_upgrade_flag_check
                0x40221844                spi_flash_erase_protect_enable
                0x4022186c                spi_flash_erase_protect_disable
                0x4022187c                spi_flash_erase_sector_check
                0x40221908                system_get_current_sumlength
                0x40221980                get_irom0_bin_len
                0x402219e8                get_flash_bin_len
                0x40221cb8                system_upgrade_reboot
                0x40221de0                system_deep_sleep_instant
                0x40221f78                system_deep_sleep
                0x40221fb0                system_deep_sleep_set_option
                0x40221fcc                system_phy_temperature_alert
                0x40221fe0                system_phy_set_max_tpw
                0x40221ff4                system_phy_set_tpw_via_vdd33
                0x40222008                system_phy_set_rfoption
                0x4022201c                system_update_cpu_freq
                0x40222074                system_get_cpu_freq
                0x4022208c                system_overclock
                0x402220b8                system_restoreclock
                0x402220ec                system_get_time
                0x40222100                system_relative_time
                0x4022211c                system_station_got_ip_set
                0x40222248                system_print_meminfo
                0x402222a8                system_get_free_heap_size
                0x402222bc                system_get_chip_id
                0x402222e0                system_rtc_clock_cali_proc
                0x402222f4                system_get_rtc_time
                0x40222300                system_get_rst_info
                0x40222308                system_get_data_of_array_8
                0x4022232c                system_get_data_of_array_16
                0x40222358                system_get_string_from_flash
                0x402223c4                wifi_get_netif
                0x402223e0                wifi_softap_dhcps_start
                0x4022243c                wifi_softap_dhcps_stop
                0x40222490                wifi_softap_dhcps_status
                0x40222498                wifi_station_dhcpc_start
                0x40222508                wifi_station_dhcpc_stop
                0x40222560                wifi_station_dhcpc_event
                0x402225c0                wifi_station_dhcpc_set_maxtry
                0x402225d0                wifi_station_dhcpc_status
                0x40222654                wifi_get_opmode
                0x40222668                wifi_get_opmode_default
                0x402227b8                wifi_set_opmode
                0x402227cc                wifi_set_opmode_current
                0x402227e0                system_get_checksum
                0x40222824                wifi_param_save_protect_with_check
                0x402228f8                system_param_save_with_protect
                0x402229a8                system_save_sys_param
                0x402229d0                system_param_load
                0x40222b0c                wifi_station_get_config
                0x40222b20                wifi_station_get_config_default
                0x40222b40                wifi_station_get_ap_info
                0x40222c08                wifi_station_ap_number_set
                0x40222f10                wifi_station_set_config
                0x40222f24                wifi_station_set_config_current
                0x40222f38                wifi_station_get_current_ap_id
                0x40222f4c                wifi_station_ap_check
                0x40222f84                wifi_station_ap_change
                0x402230a8                wifi_station_scan
                0x40223108                wifi_station_get_auto_connect
                0x4022311c                wifi_station_set_auto_connect
                0x4022316c                wifi_station_connect
                0x4022321c                wifi_station_disconnect
                0x40223300                wifi_station_recon_stop_dhcp
                0x40223328                wifi_station_get_connect_status
                0x40223358                wifi_station_set_reconnect_policy
                0x40223380                wifi_station_get_reconnect_policy
                0x40223388                wifi_station_get_rssi
                0x402233d8                wifi_station_set_default_hostname
                0x40223440                wifi_station_get_hostname
                0x40223470                wifi_station_set_hostname
                0x4022350c                wifi_softap_cacl_mac
                0x4022357c                wifi_softap_set_default_ssid
                0x40223770                wifi_softap_get_config
                0x40223784                wifi_softap_get_config_default
                0x40223a10                wifi_softap_set_config
                0x40223a24                wifi_softap_set_config_current
                0x40223a38                wifi_softap_set_station_info
                0x40223ab0                wifi_softap_get_station_info
                0x40223b7c                wifi_softap_free_station_info
                0x40223bd0                wifi_softap_get_station_num
                0x40223c20                wifi_softap_deauth
                0x40223d2c                wifi_register_user_ie_manufacturer_recv_cb
                0x40223d40                wifi_unregister_user_ie_manufacturer_recv_cb
                0x40223d78                wifi_set_user_ie
                0x40223e88                wifi_get_user_ie
                0x40223eb8                wifi_register_vnd_ie_recv_cb
                0x40223ecc                wifi_unregister_vnd_ie_recv_cb
                0x40223eec                wifi_set_vnd_ie
                0x40223fdc                wifi_get_vnd_ie
                0x40223ff8                wifi_get_phy_mode
                0x40224000                wifi_set_phy_mode
                0x402240d4                wifi_set_sleep_type
                0x402240f4                wifi_enable_gpio_wakeup
                0x40224120                wifi_disable_gpio_wakeup
                0x40224138                wifi_get_sleep_type
                0x40224150                wifi_get_channel
                0x40224184                wifi_set_channel
                0x40224208                wifi_promiscuous_set_mac
                0x40224278                wifi_promiscuous_enable
                0x40224370                wifi_set_promiscuous_rx_cb
                0x4022437c                wifi_get_ip_info
                0x4022440c                wifi_set_ip_info
                0x402244a0                wifi_create_linklocal_ip
                0x402244d0                wifi_get_linklocal_ip
                0x40224504                wifi_get_ipinfo_v6
                0x40224540                wifi_get_macaddr
                0x402245ac                wifi_set_macaddr
                0x402246ec                wifi_enable_6m_rate
                0x40224710                wifi_get_user_fixed_rate
                0x40224750                wifi_set_user_fixed_rate
                0x40224790                wifi_set_user_sup_rate
                0x402247dc                wifi_get_user_limit_rate_mask
                0x40224800                wifi_set_user_limit_rate_mask
                0x40224834                wifi_register_send_pkt_freedom_cb
                0x40224860                wifi_unregister_send_pkt_freedom_cb
                0x40224880                wifi_send_pkt_freedom
                0x402248e0                wifi_rfid_locp_recv_open
                0x40224904                wifi_rfid_locp_recv_close
                0x40224924                wifi_register_rfid_locp_recv_cb
                0x4022494c                wifi_unregister_rfid_locp_recv_cb
                0x40224970                wifi_status_led_install
                0x402249c8                wifi_status_led_uninstall
                0x402249fc                wifi_set_status_led_output_level
                0x40224a4c                wifi_set_event_handler_cb
                0x40224abc                system_uart_swap
                0x40224b1c                system_uart_de_swap
                0x40224b54                system_get_sdk_version
 *fill*         0x40224b59        0x3 
 .irom0.text    0x40224b5c       0x12 C:/Workspaces/ESP8266/SDK/ESP8266_RTOS_SDK/lib\libfreertos.a(heap_4.o)
                0x40224b5c                check_memleak_debug_enable
                0x40224b64                xPortGetFreeHeapSize
                0x40224b6c                vPortInitialiseBlocks
 *fill*         0x40224b6e        0x2 
 .irom0.text    0x40224b70       0x97 C:/Workspaces/ESP8266/SDK/ESP8266_RTOS_SDK/lib\libfreertos.a(port.o)
                                 0xa3 (size before relaxing)
                0x40224b74                pxPortInitialiseStack
                0x40224bb4                xPortStartScheduler
                0x40224bec                vPortEndScheduler
                0x40224bf0                ResetCcountVal
                0x40224bf8                _xt_isr_attach
 *fill*         0x40224c07        0x1 
 .irom0.text    0x40224c08      0x722 C:/Workspaces/ESP8266/SDK/ESP8266_RTOS_SDK/lib\libfreertos.a(queue.o)
                                0x886 (size before relaxing)
                0x40224ca4                xQueueGenericReset
                0x40224d2c                xQueueGenericCreate
                0x40224da0                xQueueCreateCountingSemaphore
                0x40224dc8                xQueueGenericSend
                0x40224ef0                xQueueCreateMutex
                0x40224f58                xQueueGiveMutexRecursive
                0x40224f94                xQueueGenericSendFromISR
                0x40225000                xQueueGenericReceive
                0x40225168                xQueueTakeMutexRecursive
                0x402251ac                xQueueReceiveFromISR
                0x40225218                xQueuePeekFromISR
                0x40225248                uxQueueMessagesWaiting
                0x40225278                vQueueDelete
                0x402252a8                xQueueIsQueueEmptyFromISR
                0x402252b8                xQueueIsQueueFullFromISR
                0x402252cc                vQueueWaitForMessageRestricted
 *fill*         0x4022532a        0x2 
 .irom0.text    0x4022532c      0xc1c C:/Workspaces/ESP8266/SDK/ESP8266_RTOS_SDK/lib\libfreertos.a(tasks.o)
                                0xeac (size before relaxing)
                0x402253e8                xTaskGenericCreate
                0x402255c0                vTaskDelete
                0x40225648                uxTaskPriorityGet
                0x40225678                vTaskPrioritySet
                0x4022574c                xTaskIsTaskSuspended
                0x40225770                vTaskResume
                0x402257f4                xTaskResumeFromISR
                0x40225884                vTaskStartScheduler
                0x402258ec                vTaskEndScheduler
                0x4022590c                vTaskSuspendAll
                0x40225920                prvGetExpectedIdleTime
                0x4022594c                xTaskGetTickCount
                0x40225974                xTaskGetTickCountFromISR
                0x40225980                uxTaskGetNumberOfTasks
                0x4022598c                xTaskGetIdleTaskHandle
                0x40225994                vTaskStepTick
                0x402259b4                xTaskResumeAll
                0x40225ab4                vTaskDelayUntil
                0x40225b24                vTaskDelay
                0x40225c14                vTaskSuspend
                0x40225ca8                vTaskPlaceOnEventList
                0x40225d00                vTaskPlaceOnEventListRestricted
                0x40225d44                xTaskRemoveFromEventList
                0x40225dc0                vTaskSetTimeOutState
                0x40225dd8                xTaskCheckForTimeOut
                0x40225e38                vTaskMissedYield
                0x40225e44                eTaskConfirmSleepModeStatus
                0x40225e60                uxTaskGetStackHighWaterMark
                0x40225e88                xTaskGetCurrentTaskHandle
                0x40225e94                xTaskGetSchedulerState
                0x40225eb4                vTaskPriorityInherit
 .irom0.text    0x40225f48      0x3c4 C:/Workspaces/ESP8266/SDK/ESP8266_RTOS_SDK/lib\libfreertos.a(timers.o)
                                0x48c (size before relaxing)
                0x40226004                xTimerCreateTimerTask
                0x4022605c                xTimerCreate
                0x402260b8                xTimerGenericCommand
                0x402262d4                xTimerGetTimerDaemonTaskHandle
                0x402262dc                xTimerIsTimerActive
                0x40226308                pvTimerGetTimerID
 .irom0.text    0x4022630c      0x4c1 C:/Workspaces/ESP8266/SDK/ESP8266_RTOS_SDK/lib\libnet80211.a(ieee80211.o)
                                0x591 (size before relaxing)
                0x40226398                ieee80211_rate_ref_init
                0x402263b0                ieee80211_freedom_inside_cb
                0x402263e0                ieee80211_freedom_init
                0x40226408                ieee80211_ie_ref_init
                0x40226440                ieee80211_ifattach
                0x402264ac                ieee80211_mhz2ieee
                0x40226508                ieee80211_chan2ieee
                0x40226524                ieee80211_ieee2mhz
                0x40226564                ieee80211_find_channel
                0x40226590                ieee80211_find_channel_byieee
                0x402265e4                wifi_mode_set
 *fill*         0x402267cd        0x3 
 .irom0.text    0x402267d0       0xcf C:/Workspaces/ESP8266/SDK/ESP8266_RTOS_SDK/lib\libnet80211.a(ieee80211_crypto.o)
                                 0xd7 (size before relaxing)
                0x402267d0                ieee80211_crypto_attach
                0x402267d4                ieee80211_crypto_available
                0x402267d8                ieee80211_crypto_setkey
                0x402267dc                ieee80211_crypto_encap
                0x40226834                ieee80211_crypto_decap
 *fill*         0x4022689f        0x1 
 .irom0.text    0x402268a0     0x1bb3 C:/Workspaces/ESP8266/SDK/ESP8266_RTOS_SDK/lib\libnet80211.a(ieee80211_hostap.o)
                               0x21ab (size before relaxing)
                0x40226db8                ieee80211_hostap_attach
                0x40226f0c                hostap_handle_timer
                0x40226fac                hostap_input
                0x40227ca8                freqcal_scan_done
                0x402280f8                wifi_softap_start
                0x402282d8                wifi_softap_stop
 *fill*         0x40228453        0x1 
 .irom0.text    0x40228454      0xa6a C:/Workspaces/ESP8266/SDK/ESP8266_RTOS_SDK/lib\libnet80211.a(ieee80211_ht.o)
                                0xb22 (size before relaxing)
                0x40228464                ieee80211_ht_attach
                0x402284b4                ieee80211_ht_node_init
                0x402284f0                ieee80211_ht_node_cleanup
                0x40228528                ieee80211_parse_htcap
                0x4022860c                ieee80211_ht_updateparams
                0x40228720                ieee80211_setup_htrates
                0x402287ec                ieee80211_setup_basic_htrates
                0x40228b24                ieee80211_add_htcap
                0x40228b40                ieee80211_add_htcap_vendor
                0x40228c64                ieee80211_add_htinfo
                0x40228c80                ieee80211_add_htinfo_vendor
 *fill*         0x40228ebe        0x2 
 .irom0.text    0x40228ec0      0xb18 C:/Workspaces/ESP8266/SDK/ESP8266_RTOS_SDK/lib\libnet80211.a(ieee80211_input.o)
                                0xbdc (size before relaxing)
                0x40228ec0                ieee80211_deliver_data
                0x40228f5c                ieee80211_decap
                0x40229060                ieee80211_setup_rates
                0x402290d0                ieee80211_alloc_challenge
                0x4022910c                ieee80211_parse_beacon
                0x4022972c                ieee80211_parse_wpa
                0x40229840                ieee80211_parse_rsn
                0x40229938                ieee80211_parse_action
                0x402299d4                ieee80211_setup_rateset
 .irom0.text    0x402299d8      0x2a6 C:/Workspaces/ESP8266/SDK/ESP8266_RTOS_SDK/lib\libnet80211.a(ieee80211_mesh_quick.o)
                                0x302 (size before relaxing)
                0x402299e4                ieee80211_mesh_quick_init
                0x40229a54                ieee80211_mesh_quick_deinit
                0x40229a84                ieee80211_mesh_quick_set
                0x40229b80                ieee80211_mesh_quick_get
                0x40229c4c                ieee80211_mesh_quick_ie_add
 *fill*         0x40229c7e        0x2 
 .irom0.text    0x40229c80     0x1ed8 C:/Workspaces/ESP8266/SDK/ESP8266_RTOS_SDK/lib\libnet80211.a(ieee80211_output.o)
                               0x22b4 (size before relaxing)
                0x40229c98                ieee80211_output_pbuf
                0x40229f44                ieee80211_send_setup
                0x4022a084                ieee80211_mgmt_output
                0x4022a174                ieee80211_tx_mgt_cb
                0x4022a17c                ieee80211_send_nulldata
                0x4022a604                ieee80211_add_rates
                0x4022a654                ieee80211_add_xrates
                0x4022a6fc                ieee80211_send_probereq
                0x4022a998                ieee80211_getcapinfo
                0x4022a9f4                ieee80211_send_mgmt
                0x4022b094                ieee80211_alloc_proberesp
                0x4022b2b8                ieee80211_send_proberesp
                0x4022b40c                ieee80211_alloc_deauth
                0x4022b44c                ieee80211_send_deauth
                0x4022b594                ieee80211_freedom_output
                0x4022b9ac                ieee80211_beacon_alloc
 .irom0.text    0x4022bb58       0xe0 C:/Workspaces/ESP8266/SDK/ESP8266_RTOS_SDK/lib\libnet80211.a(ieee80211_phy.o)
                                0x108 (size before relaxing)
                0x4022bb58                ieee80211_phy_init
                0x4022bb8c                ieee80211_phy_type_get
                0x4022bba8                ieee80211_setup_ratetable
 .irom0.text    0x4022bc38      0x1aa C:/Workspaces/ESP8266/SDK/ESP8266_RTOS_SDK/lib\libnet80211.a(ieee80211_power.o)
                                0x1ee (size before relaxing)
                0x4022bc38                ieee80211_psq_init
                0x4022bc44                ieee80211_psq_cleanup
                0x4022bc48                ieee80211_set_tim
                0x4022bc88                ieee80211_pwrsave
                0x4022bcf0                pwrsave_flushq
                0x4022bdac                ieee80211_node_pwrsave
 *fill*         0x4022bde2        0x2 
 .irom0.text    0x4022bde4       0xf7 C:/Workspaces/ESP8266/SDK/ESP8266_RTOS_SDK/lib\libnet80211.a(ieee80211_proto.o)
                                0x127 (size before relaxing)
                0x4022bde8                ieee80211_proto_attach
                0x4022be10                ieee80211_set_shortslottime
                0x4022be2c                ieee80211_iserp_rateset
                0x4022be60                ieee80211_wme_initparams
                0x4022be64                ieee80211_wme_updateparams
                0x4022be6c                ieee80211_mlme_connect_bss
 *fill*         0x4022bedb        0x1 
 .irom0.text    0x4022bedc       0xb1 C:/Workspaces/ESP8266/SDK/ESP8266_RTOS_SDK/lib\libnet80211.a(ieee80211_rfid.o)
                                 0xd5 (size before relaxing)
                0x4022bee0                ieee80211_rfid_locp_recv_open
                0x4022bf1c                ieee80211_rfid_locp_recv_close
                0x4022bf34                ieee80211_rfid_locp_recv_reset
                0x4022bf54                ieee80211_rfid_locp_recv
                0x4022bf70                register_ieee80211_rfid_locp_recv_cb
                0x4022bf84                unregister_ieee80211_rfid_locp_recv_cb
 *fill*         0x4022bf8d        0x3 
 .irom0.text    0x4022bf90     0x10ba C:/Workspaces/ESP8266/SDK/ESP8266_RTOS_SDK/lib\libnet80211.a(ieee80211_scan.o)
                               0x14de (size before relaxing)
                0x4022bfa0                ieee80211_scan_attach
                0x4022c014                freq_changle_enable_softap_link_check
                0x4022c02c                freq_changle_scan_start
                0x4022c158                scan_start
                0x4022c268                scan_pm_channel_op_cb
                0x4022c418                scan_cancel
                0x4022c614                scan_add_bssid
                0x4022c638                scan_remove_bssid
                0x4022c644                scan_hidden_ssid
                0x4022c64c                scan_add_probe_ssid
                0x4022c6a0                scan_remove_probe_ssid
                0x4022c7e0                scan_clear_channles
                0x4022c850                scan_set_desChan
                0x4022c85c                scan_get_type
                0x4022c864                cannel_scan_connect_state
                0x4022c87c                scan_connect_state
                0x4022c8c4                scan_check_hidden
                0x4022c8f4                scan_profile_check
                0x4022ccc0                scan_parse_beacon
 *fill*         0x4022d04a        0x2 
 .irom0.text    0x4022d04c     0x1011 C:/Workspaces/ESP8266/SDK/ESP8266_RTOS_SDK/lib\libnet80211.a(ieee80211_sta.o)
                               0x12f9 (size before relaxing)
                0x4022d0a8                sta_status_set
                0x4022d13c                ieee80211_sta_new_state
                0x4022d46c                sta_input
                0x4022d8c8                ieee80211_parse_wmeparams
                0x4022df78                wifi_station_start
                0x4022e018                wifi_station_stop
 *fill*         0x4022e05d        0x3 
 .irom0.text    0x4022e060      0x302 C:/Workspaces/ESP8266/SDK/ESP8266_RTOS_SDK/lib\libnet80211.a(wl_chm.o)
                                0x3b6 (size before relaxing)
                0x4022e06c                chm_init
                0x4022e104                chm_acquire_lock
                0x4022e148                chm_release_lock
                0x4022e15c                chm_start_op
                0x4022e1fc                chm_end_op
                0x4022e244                chm_cancel_op
                0x4022e278                chm_return_home_channel
                0x4022e2a8                chm_set_current_channel
                0x4022e30c                chm_freq2index
                0x4022e334                chm_check_same_channel
 *fill*         0x4022e362        0x2 
 .irom0.text    0x4022e364     0x16dc C:/Workspaces/ESP8266/SDK/ESP8266_RTOS_SDK/lib\libnet80211.a(wl_cnx.o)
                               0x1c74 (size before relaxing)
                0x4022e370                cnx_attach
                0x4022e3b0                cnx_sta_connect_led_timer_cb
                0x4022e404                cnx_sta_connect_cmd
                0x4022e4b8                cnx_sta_scan_cmd
                0x4022e71c                cnx_connect_timeout
                0x4022e798                cnx_auth_timeout